******************************************************************************
                  TI ARM Linker PC v16.9.2                     
******************************************************************************
>> Linked Tue Oct 24 11:25:28 2017

OUTPUT FILE NAME:   <Fpga_wifi_link.out>
ENTRY POINT SYMBOL: "_c_int00"  address: 2000c9bd


MEMORY CONFIGURATION

         name            origin    length      used     unused   attr    fill
----------------------  --------  ---------  --------  --------  ----  --------
  SRAM_CODE             20004000   00013000  00009d2e  000092d2  RW X
  SRAM_DATA             20017000   00019000  00015018  00003fe8  RW X


SEGMENT ALLOCATION MAP

run origin  load origin   length   init length attrs members
----------  ----------- ---------- ----------- ----- -------
20004000    20004000    00009d30   00009d30    r-x
  20004000    20004000    00000400   00000400    r-- .intvecs
  20004400    20004400    00009290   00009290    r-x .text
  2000d690    2000d690    00000646   00000646    r-- .const
  2000dcd8    2000dcd8    00000058   00000058    r-- .cinit
20017000    20017000    00009cd8   00000000    rw-
  20017000    20017000    00009c40   00000000    rw- .sysmem
  20020c40    20020c40    00000098   00000000    rw- .data
20021000    20021000    00001700   00000000    rw-
  20021000    20021000    00001700   00000000    rw- .bss
200263c0    200263c0    00009c40   00000000    rw-
  200263c0    200263c0    00009c40   00000000    rw- .stack


SECTION ALLOCATION MAP

 output                                  attributes/
section   page    origin      length       input sections
--------  ----  ----------  ----------   ----------------
.intvecs   0    20004000    00000400     
                  20004000    00000400     startup_ccs.obj (.intvecs)

.init_array 
*          0    20004000    00000000     UNINITIALIZED

.text      0    20004400    00009290     
                  20004400    00001122     rtsv7M4_T_le_eabi.lib : _printfi.obj (.text)
                  20005522    00000002     driverlib.a : interrupt.obj (.text:IntDefaultHandler)
                  20005524    00000aa4     net_app.obj (.text)
                  20005fc8    000007cc     main.obj (.text)
                  20006794    00000590     simplelink.a : driver.obj (.text:_SlDrvMsgRead)
                  20006d24    0000044c     ring_buffer.obj (.text)
                  20007170    000003d0     rtsv7M4_T_le_eabi.lib : memory.obj (.text)
                  20007540    00000280     uart_if.obj (.text)
                  200077c0    0000027c     simplelink.a : wlan.obj (.text:sl_WlanConnect)
                  20007a3c    0000024c                  : driver.obj (.text:_SlDrvRxHdrRead)
                  20007c88    0000022c     gpio_app.obj (.text)
                  20007eb4    0000022c     uart_app.obj (.text)
                  200080e0    000001f4     rtsv7M4_T_le_eabi.lib : ull_div_t2.obj (.text)
                  200082d4    000001d0     simplelink.a : driver.obj (.text:_SlDrvReleasePoolObj)
                  200084a4    000001cc     udma_if.obj (.text)
                  20008670    000001b6     rtsv7M4_T_le_eabi.lib : fd_add_t2.obj (.text)
                  20008826    00000002                           : mpu_init.obj (.text)
                  20008828    000001b4     simplelink.a : driver.obj (.text:_SlDrvDriverCBInit)
                  200089dc    0000019c                  : driver.obj (.text:_SlDrvMsgWrite)
                  20008b78    00000190                  : driver.obj (.text:_SlDrvWaitForPoolObj)
                  20008d08    0000018c                  : socket.obj (.text:sl_Connect)
                  20008e94    00000178     driverlib.a : prcm.obj (.text:PRCMCC3200MCUInit)
                  2000900c    00000170     simplelink.a : driver.obj (.text:_SlFindAndSetActiveObj)
                  2000917c    00000164     spi_app.obj (.text)
                  200092e0    00000150     simplelink.a : driver.obj (.text:_SlDrvDataWriteOp)
                  20009430    00000148                  : cc_pal.obj (.text:spi_Open)
                  20009578    00000144                  : driver.obj (.text:_SlDrvMsgReadCmdCtx)
                  200096bc    00000136     rtsv7M4_T_le_eabi.lib : fd_div_t2.obj (.text)
                  200097f2    00000002                           : startup.obj (.text)
                  200097f4    00000134     simplelink.a : socket.obj (.text:sl_Send)
                  20009928    00000130                  : driver.obj (.text:_SlDrvDriverCBDeinit)
                  20009a58    00000114     rtsv7M4_T_le_eabi.lib : strtoul.obj (.text)
                  20009b6c    0000010c     common_app.obj (.text)
                  20009c78    00000104     simplelink.a : netapp.obj (.text:_SlDrvNetAppEventHandler)
                  20009d7c    000000fc     rtsv7M4_T_le_eabi.lib : fd_mul_t2.obj (.text)
                  20009e78    000000f0     simplelink.a : device.obj (.text:sl_Stop)
                  20009f68    000000f0                  : cc_pal.obj (.text:spi_Read)
                  2000a058    000000f0     driverlib.a : udma.obj (.text:uDMAChannelTransferSet)
                  2000a148    000000ec     simplelink.a : device.obj (.text:sl_Start)
                  2000a234    000000e8                  : driver.obj (.text:_SlAsyncEventGenericHandler)
                  2000a31c    000000e8                  : driver.obj (.text:_SlDrvMsgReadSpawnCtx)
                  2000a404    000000e4                  : netapp.obj (.text:sl_NetAppMDNSRegisterUnregisterService)
                  2000a4e8    000000dc                  : driver.obj (.text:_SlDrvClassifyRxMsg)
                  2000a5c4    000000d0     rtsv7M4_T_le_eabi.lib : s_scalbn.obj (.text)
                  2000a694    000000cc     simplelink.a : netapp.obj (.text:_sl_HandleAsync_DnsGetHostByService)
                  2000a760    000000cc                  : device.obj (.text:sl_DevGet)
                  2000a82c    000000c4                  : driver.obj (.text:_SlRemoveFromList)
                  2000a8f0    000000c0                  : driver.obj (.text:_SlDrvCmdOp)
                  2000a9b0    000000b0                  : nonos.obj (.text:_SlNonOsSemGet)
                  2000aa60    000000a8     driverlib.a : interrupt.obj (.text:IntDisable)
                  2000ab08    000000a8                 : interrupt.obj (.text:IntEnable)
                  2000abb0    000000a4     simplelink.a : driver.obj (.text:_SlDriverHandleError)
                  2000ac54    000000a0     driverlib.a : spi.obj (.text:SPIConfigSetExpClk)
                  2000acf4    0000009c     rtsv7M4_T_le_eabi.lib : memcpy_t2.obj (.text)
                  2000ad90    0000009a     simplelink.a : device.obj (.text:_SlDrvDeviceEventHandler)
                  2000ae2a    00000002     --HOLE-- [fill = 0]
                  2000ae2c    00000098                  : netcfg.obj (.text:sl_NetCfgSet)
                  2000aec4    00000098                  : wlan.obj (.text:sl_WlanSet)
                  2000af5c    00000098                  : cc_pal.obj (.text:spi_Write)
                  2000aff4    00000094     driverlib.a : prcm.obj (.text:PRCMPeripheralClockGet)
                  2000b088    00000090     simplelink.a : netapp.obj (.text:_sl_HandleAsync_DnsGetHostByName)
                  2000b118    00000090                  : netapp.obj (.text:_sl_HandleAsync_PingResponse)
                  2000b1a8    00000090                  : wlan.obj (.text:sl_WlanPolicySet)
                  2000b238    0000008c                  : cc_pal.obj (.text:SetupDMAReceive)
                  2000b2c4    0000008c                  : cc_pal.obj (.text:SetupDMASend)
                  2000b350    0000008c                  : driver.obj (.text:_SlDrvIsTimeoutExpired)
                  2000b3dc    0000008c                  : device.obj (.text:_sl_HandleAsync_InitComplete)
                  2000b468    0000008c                  : socket.obj (.text:sl_Socket)
                  2000b4f4    00000088     driverlib.a : pin.obj (.text:PinConfigSet)
                  2000b57c    00000088     rtsv7M4_T_le_eabi.lib : vsnprintf.obj (.text)
                  2000b604    00000086                           : fd_cmp_t2.obj (.text:__aeabi_cdcmple)
                  2000b68a    00000086                           : fd_cmp_t2.obj (.text:__aeabi_cdrcmple)
                  2000b710    00000084     simplelink.a : wlan.obj (.text:sl_WlanRxFilterSet)
                  2000b794    00000082     driverlib.a : gpio.obj (.text:GPIOIntTypeSet)
                  2000b816    00000002     --HOLE-- [fill = 0]
                  2000b818    00000080     simplelink.a : socket.obj (.text:_sl_HandleAsync_Connect)
                  2000b898    00000080                  : cc_pal.obj (.text:spi_Read_CPU)
                  2000b918    00000080                  : cc_pal.obj (.text:spi_Write_CPU)
                  2000b998    0000007c     driverlib.a : spi.obj (.text:SPIIntStatus)
                  2000ba14    0000007a     rtsv7M4_T_le_eabi.lib : memset_t2.obj (.text)
                  2000ba8e    00000002     --HOLE-- [fill = 0]
                  2000ba90    00000078     simplelink.a : cc_pal.obj (.text:spi_Close)
                  2000bb08    00000076     driverlib.a : uart.obj (.text:UARTConfigSetExpClk)
                  2000bb7e    00000002     --HOLE-- [fill = 0]
                  2000bb80    00000074     simplelink.a : nonos.obj (.text:_SlNonOsMainLoopTask)
                  2000bbf4    00000070     rtsv7M4_T_le_eabi.lib : autoinit.obj (.text)
                  2000bc64    0000006c     simplelink.a : driver.obj (.text:_SlDrvCmdSend)
                  2000bcd0    0000006c                  : netapp.obj (.text:_sl_NetAppSendTokenValue)
                  2000bd3c    00000068     rtsv7M4_T_le_eabi.lib : copy_decompress_lzss.obj (.text:decompress:lzss)
                  2000bda4    00000064     simplelink.a : nonos.obj (.text:_SlNonOsSpawn)
                  2000be08    00000064                  : socket.obj (.text:_sl_HandleAsync_Accept)
                  2000be6c    00000064                  : netapp.obj (.text:sl_NetAppMDNSUnRegisterService)
                  2000bed0    00000064     driverlib.a : udma.obj (.text:uDMAChannelAttributeDisable)
                  2000bf34    00000064                 : udma.obj (.text:uDMAChannelAttributeEnable)
                  2000bf98    00000064     wdt_if.obj (.text)
                  2000bffc    00000060     simplelink.a : socket.obj (.text:sl_Close)
                  2000c05c    00000060                  : wlan.obj (.text:sl_WlanProfileDel)
                  2000c0bc    00000060                  : wlan.obj (.text:sl_WlanSetMode)
                  2000c11c    0000005c     rtsv7M4_T_le_eabi.lib : s_frexp.obj (.text)
                  2000c178    00000058     driverlib.a : interrupt.obj (.text:IntPendClear)
                  2000c1d0    00000058                 : prcm.obj (.text:PRCMPeripheralReset)
                  2000c228    00000054                 : interrupt.obj (.text:IntPrioritySet)
                  2000c27c    00000054     simplelink.a : driver.obj (.text:_SlDrvRxIrqHandler)
                  2000c2d0    00000054                  : socket.obj (.text:_sl_HandleAsync_Select)
                  2000c324    00000054     rtsv7M4_T_le_eabi.lib : exit.obj (.text)
                  2000c378    00000054                           : ltoa.obj (.text)
                  2000c3cc    00000050     simplelink.a : device.obj (.text:_sl_HandleAsync_Stop)
                  2000c41c    0000004c     driverlib.a : spi.obj (.text:SPIIntDisable)
                  2000c468    0000004c                 : spi.obj (.text:SPIIntEnable)
                  2000c4b4    0000004c                 : spi.obj (.text:SPIIntNumberGet)
                  2000c500    0000004c     simplelink.a : driver.obj (.text:_SlDrvProtectAsyncRespSetting)
                  2000c54c    0000004c                  : socket.obj (.text:_sl_BuildAddress)
                  2000c598    0000004c     rtsv7M4_T_le_eabi.lib : atoi.obj (.text)
                  2000c5e4    0000004c                           : cpy_tbl.obj (.text)
                  2000c630    0000004c     driverlib.a : udma.obj (.text:uDMAChannelAssign)
                  2000c67c    0000004c                 : udma.obj (.text:uDMAChannelModeGet)
                  2000c6c8    00000048                 : gpio.obj (.text:GPIOGetIntNumber)
                  2000c710    00000048                 : spi.obj (.text:SPIIntClear)
                  2000c758    00000048     simplelink.a : driver.obj (.text:_SlDrvBasicCmd)
                  2000c7a0    00000048     rtsv7M4_T_le_eabi.lib : fd_toi_t2.obj (.text)
                  2000c7e8    00000044     driverlib.a : spi.obj (.text:SPIDmaMaskGet)
                  2000c82c    00000044                 : timer.obj (.text:TimerConfigure)
                  2000c870    00000044     simplelink.a : driver.obj (.text:_SlDrvSyncObjWaitTimeout)
                  2000c8b4    00000044                  : cc_pal.obj (.text:cc_SetupTransfer)
                  2000c8f8    00000042                  : socket.obj (.text:sl_Htonl)
                  2000c93a    00000002     --HOLE-- [fill = 0]
                  2000c93c    00000040     driverlib.a : pin.obj (.text:PinModeSet)
                  2000c97c    00000040     simplelink.a : socket.obj (.text:_sl_TruncatePayloadByProtocol)
                  2000c9bc    00000040     rtsv7M4_T_le_eabi.lib : boot.obj (.text)
                  2000c9fc    00000040                           : strtok.obj (.text)
                  2000ca3c    0000003e     simplelink.a : cc_pal.obj (.text:NwpRegisterInterruptHandler)
                  2000ca7a    0000003c                  : netapp.obj (.text:CopyPingResultsToReport)
                  2000cab6    00000002     --HOLE-- [fill = 0]
                  2000cab8    0000003c     driverlib.a : prcm.obj (.text:PRCMPeripheralClkEnable)
                  2000caf4    0000003c     simplelink.a : cc_pal.obj (.text:simplelink_timerA2_start)
                  2000cb30    0000003c                  : socket.obj (.text:sl_Htons)
                  2000cb6c    0000003c     driverlib.a : udma.obj (.text:uDMAChannelControlSet)
                  2000cba8    00000038     simplelink.a : cc_pal.obj (.text:NwpPowerOff)
                  2000cbe0    00000038                  : wlan.obj (.text:sl_WlanDisconnect)
                  2000cc18    00000036     driverlib.a : gpio.obj (.text:GPIODirModeSet)
                  2000cc4e    00000002     --HOLE-- [fill = 0]
                  2000cc50    00000034                 : prcm.obj (.text:PRCMPeripheralStatusGet)
                  2000cc84    00000034                 : spi.obj (.text:SPIFIFOLevelSet)
                  2000ccb8    00000030                 : pin.obj (.text:PinTypeGPIO)
                  2000cce8    00000030                 : uart.obj (.text:UARTDisable)
                  2000cd18    0000002e     rtsv7M4_T_le_eabi.lib : i_tofd_t2.obj (.text)
                  2000cd46    00000002     --HOLE-- [fill = 0]
                  2000cd48    0000002c     simplelink.a : cc_pal.obj (.text:NwpPowerOn)
                  2000cd74    0000002c     driverlib.a : prcm.obj (.text:PRCMSysResetCauseGet)
                  2000cda0    0000002c     simplelink.a : driver.obj (.text:_SlDrvObjGlobalLockWaitForever)
                  2000cdcc    0000002c                  : driver.obj (.text:_SlDrvProtectionObjLockWaitForever)
                  2000cdf8    0000002a     driverlib.a : timer.obj (.text:TimerLoadSet)
                  2000ce22    0000002a                 : timer.obj (.text:TimerPrescaleSet)
                  2000ce4c    0000002a     rtsv7M4_T_le_eabi.lib : strspn.obj (.text)
                  2000ce76    00000002     --HOLE-- [fill = 0]
                  2000ce78    00000028     driverlib.a : prcm.obj (.text:PRCMPeripheralClkDisable)
                  2000cea0    00000028     simplelink.a : driver.obj (.text:_SlDrvGlobalObjUnLock)
                  2000cec8    00000028                  : driver.obj (.text:_SlDrvProtectionObjUnLock)
                  2000cef0    00000028                  : driver.obj (.text:_SlDrvSyncObjWaitForever)
                  2000cf18    00000026                  : driver.obj (.text:_SlDrvObjLockWaitForever)
                  2000cf3e    00000002     --HOLE-- [fill = 0]
                  2000cf40    00000024                  : cc_pal.obj (.text:DmaSpiSwIntHandler)
                  2000cf64    00000024     driverlib.a : interrupt.obj (.text:IntUnregister)
                  2000cf88    00000024                 : uart.obj (.text:UARTEnable)
                  2000cfac    00000024     rtsv7M4_T_le_eabi.lib : memmov.obj (.text)
                  2000cfd0    00000024                           : strcspn.obj (.text)
                  2000cff4    00000022     driverlib.a : gpio.obj (.text:GPIOIntStatus)
                  2000d016    00000022                 : spi.obj (.text:SPIReset)
                  2000d038    00000022                 : spi.obj (.text:SPIWordCountSet)
                  2000d05a    00000020                 : gpio.obj (.text:GPIOPinWrite)
                  2000d07a    00000002     --HOLE-- [fill = 0]
                  2000d07c    00000020                 : interrupt.obj (.text:IntRegister)
                  2000d09c    00000020     simplelink.a : cc_pal.obj (.text:NwpPrePowerOffTimout0)
                  2000d0bc    00000020                  : cc_pal.obj (.text:TimerGetCurrentTimestamp)
                  2000d0dc    00000020                  : driver.obj (.text:_SlDrvObjUnLock)
                  2000d0fc    00000020                  : driver.obj (.text:_SlDrvSyncObjSignal)
                  2000d11c    00000020     watchdog_app.obj (.text)
                  2000d13c    0000001e     driverlib.a : gpio.obj (.text:GPIOIntRegister)
                  2000d15a    0000001e                 : spi.obj (.text:SPIIntRegister)
                  2000d178    0000001e                 : timer.obj (.text:TimerEnable)
                  2000d196    0000001e                 : uart.obj (.text:UARTCharPut)
                  2000d1b4    0000001e     simplelink.a : cc_pal.obj (.text:cc_UDMAChannelSelect)
                  2000d1d2    0000001c     driverlib.a : timer.obj (.text:TimerValueGet)
                  2000d1ee    0000001c                 : uart.obj (.text:UARTCharGetNonBlocking)
                  2000d20a    0000001c     simplelink.a : driver.obj (.text:_SlDrvStartMeasureTimeout)
                  2000d226    0000001c     rtsv7M4_T_le_eabi.lib : memccpy.obj (.text)
                  2000d242    00000002     --HOLE-- [fill = 0]
                  2000d244    0000001c     driverlib.a : udma.obj (.text:uDMAChannelDisable)
                  2000d260    0000001c                 : udma.obj (.text:uDMAChannelEnable)
                  2000d27c    0000001c                 : udma.obj (.text:uDMAChannelRequest)
                  2000d298    0000001a                 : gpio.obj (.text:GPIOIntEnable)
                  2000d2b2    0000001a                 : pin.obj (.text:PinTypeSPI)
                  2000d2cc    0000001a                 : pin.obj (.text:PinTypeUART)
                  2000d2e6    0000001a                 : spi.obj (.text:SPIDmaDisable)
                  2000d300    0000001a                 : spi.obj (.text:SPIDmaEnable)
                  2000d31a    0000001a                 : spi.obj (.text:SPIFIFODisable)
                  2000d334    0000001a                 : spi.obj (.text:SPIFIFOEnable)
                  2000d34e    0000001a                 : spi.obj (.text:SPIIntUnregister)
                  2000d368    00000018                 : gpio.obj (.text:GPIOPinRead)
                  2000d380    00000018                 : spi.obj (.text:SPICSDisable)
                  2000d398    00000018                 : spi.obj (.text:SPICSEnable)
                  2000d3b0    00000018                 : spi.obj (.text:SPIDisable)
                  2000d3c8    00000018                 : spi.obj (.text:SPIEnable)
                  2000d3e0    00000018                 : uart.obj (.text:UARTCharsAvail)
                  2000d3f8    00000018                 : wdt.obj (.text:WatchdogStallDisable)
                  2000d410    00000018                 : wdt.obj (.text:WatchdogUnlock)
                  2000d428    00000018     simplelink.a : nonos.obj (.text:_SlNonOsSemSet)
                  2000d440    00000018                  : device.obj (.text:_sl_GetStartResponseConvert)
                  2000d458    00000018     rtsv7M4_T_le_eabi.lib : args_main.obj (.text)
                  2000d470    00000016     driverlib.a : prcm.obj (.text:PRCMHIBRegRead)
                  2000d486    00000016                 : prcm.obj (.text:PRCMHIBRegWrite)
                  2000d49c    00000016                 : wdt.obj (.text:WatchdogEnable)
                  2000d4b2    00000016                 : wdt.obj (.text:WatchdogIntRegister)
                  2000d4c8    00000016     simplelink.a : driver.obj (.text:_SlDrvMemZero)
                  2000d4de    00000016     rtsv7M4_T_le_eabi.lib : strchr.obj (.text)
                  2000d4f4    00000016     driverlib.a : udma.obj (.text:uDMAIntRegister)
                  2000d50a    00000014                 : cpu.obj (.text:CPUcpsie)
                  2000d51e    00000014                 : gpio.obj (.text:GPIOIntClear)
                  2000d532    00000002     --HOLE-- [fill = 0]
                  2000d534    00000014                 : interrupt.obj (.text:IntVTableBaseSet)
                  2000d548    00000014     rtsv7M4_T_le_eabi.lib : _lock.obj (.text)
                  2000d55c    00000014                           : strcpy.obj (.text)
                  2000d570    00000014                           : strlen.obj (.text)
                  2000d584    00000014     driverlib.a : udma.obj (.text:uDMAControlBaseSet)
                  2000d598    00000014                 : udma.obj (.text:uDMAIntClear)
                  2000d5ac    00000012                 : wdt.obj (.text:WatchdogIntUnregister)
                  2000d5be    00000012                 : wdt.obj (.text:WatchdogReloadSet)
                  2000d5d0    00000012                 : udma.obj (.text:uDMAIntUnregister)
                  2000d5e2    00000010                 : wdt.obj (.text:WatchdogIntClear)
                  2000d5f2    00000010     simplelink.a : driver.obj (.text:_SlDrvDispatchHttpServerEvents)
                  2000d602    0000000e                  : driver.obj (.text:_SlDrvResetCmdExt)
                  2000d610    0000000e     rtsv7M4_T_le_eabi.lib : copy_decompress_none.obj (.text:decompress:none)
                  2000d61e    0000000e     startup_ccs.obj (.text)
                  2000d62c    0000000c     simplelink.a : cc_pal.obj (.text:NwpMaskInterrupt)
                  2000d638    0000000c                  : cc_pal.obj (.text:NwpUnMaskInterrupt)
                  2000d644    0000000c     rtsv7M4_T_le_eabi.lib : copy_zero_init.obj (.text:decompress:ZI)
                  2000d650    0000000c     driverlib.a : udma.obj (.text:uDMADisable)
                  2000d65c    0000000c                 : udma.obj (.text:uDMAEnable)
                  2000d668    0000000c                 : udma.obj (.text:uDMAIntStatus)
                  2000d674    0000000a                 : interrupt.obj (.text:IntMasterEnable)
                  2000d67e    00000008     rtsv7M4_T_le_eabi.lib : s_copysign.obj (.text)
                  2000d686    00000006     driverlib.a : utils.obj (.text:UtilsDelay)
                  2000d68c    00000004     rtsv7M4_T_le_eabi.lib : pre_init.obj (.text)

.const     0    2000d690    00000646     
                  2000d690    00000101     rtsv7M4_T_le_eabi.lib : ctype.obj (.const:.string:_ctypes_)
                  2000d791    00000003     --HOLE-- [fill = 0]
                  2000d794    00000100     driverlib.a : pin.obj (.const:g_ulPinToPadMap)
                  2000d894    000000d4                 : interrupt.obj (.const:g_pulRegs)
                  2000d968    000000a8                 : prcm.obj (.const:PRCM_PeriphRegsList)
                  2000da10    0000003c     simplelink.a : driver.obj (.const:OpcodeTranslateTable)
                  2000da4c    00000038                  : driver.obj (.const:_SlActionLookupTable)
                  2000da84    0000002c     net_app.obj (.const:$P$T1$2)
                  2000dab0    00000024     driverlib.a : spi.obj (.const:g_ppulSPIIntMap)
                  2000dad4    00000022     net_app.obj (.const:.string:$P$T0$1)
                  2000daf6    00000002     --HOLE-- [fill = 0]
                  2000daf8    00000020     simplelink.a : driver.obj (.const:RxMsgClassLUT)
                  2000db18    0000001b     main.obj (.const:.string:$P$T2$3)
                  2000db33    00000001     --HOLE-- [fill = 0]
                  2000db34    00000018     driverlib.a : interrupt.obj (.const:g_pulDisRegs)
                  2000db4c    00000018                 : interrupt.obj (.const:g_pulEnRegs)
                  2000db64    00000018                 : interrupt.obj (.const:g_pulUnpendRegs)
                  2000db7c    00000018                 : spi.obj (.const:g_ulSPIDmaMaskMap)
                  2000db94    00000014     simplelink.a : driver.obj (.const:$P$T0$1)
                  2000dba8    00000014                  : nonos.obj (.const:$P$T0$1)
                  2000dbbc    00000014     net_app.obj (.const:$P$T2$3)
                  2000dbd0    00000014     ring_buffer.obj (.const:.string:$P$T2$3)
                  2000dbe4    00000014     main.obj (.const:.string:$P$T3$6)
                  2000dbf8    00000011     ring_buffer.obj (.const:.string:$P$T1$2)
                  2000dc09    00000011     net_app.obj (.const:.string:$P$T5$6)
                  2000dc1a    00000010     ring_buffer.obj (.const:.string:$P$T0$1)
                  2000dc2a    00000010     main.obj (.const:.string:$P$T1$2)
                  2000dc3a    00000010     simplelink.a : socket.obj (.const:.string:_SlPayloadByProtocolLUT)
                  2000dc4a    00000002     --HOLE-- [fill = 0]
                  2000dc4c    0000000c     net_app.obj (.const:$P$T4$5)
                  2000dc58    0000000c     gpio_app.obj (.const:.string:$P$T1$2)
                  2000dc64    0000000c     net_app.obj (.const:.string:$P$T3$4)
                  2000dc70    0000000b     gpio_app.obj (.const:.string:$P$T0$1)
                  2000dc7b    00000008     simplelink.a : device.obj (.const:StartResponseLUT)
                  2000dc83    00000001     --HOLE-- [fill = 0]
                  2000dc84    00000008                  : driver.obj (.const:g_H2NCnysPattern)
                  2000dc8c    00000008                  : driver.obj (.const:g_H2NSyncPattern)
                  2000dc94    00000005     main.obj (.const:.string:$P$T0$1)
                  2000dc99    00000001     --HOLE-- [fill = 0]
                  2000dc9a    00000004     simplelink.a : wlan.obj (.const:$P$T0$1)
                  2000dc9e    00000004                  : socket.obj (.const:$P$T2$3)
                  2000dca2    00000004                  : device.obj (.const:_SlDeviceGetCmdCtrl)
                  2000dca6    00000004                  : netapp.obj (.const:_SlNetAppSendTokenValueCmdCtrl)
                  2000dcaa    00000004                  : netcfg.obj (.const:_SlNetCfgSetCmdCtrl)
                  2000dcae    00000004                  : wlan.obj (.const:_SlPolicySetCmdCtrl)
                  2000dcb2    00000004                  : wlan.obj (.const:_SlProfileDelCmdCtrl)
                  2000dcb6    00000004                  : netapp.obj (.const:_SlRegisterServiceCtrl)
                  2000dcba    00000004                  : wlan.obj (.const:_SlRxFilterSetCmdCtrl)
                  2000dcbe    00000004                  : socket.obj (.const:_SlSendCmdCtrl)
                  2000dcc2    00000004                  : socket.obj (.const:_SlSockCloseCmdCtrl)
                  2000dcc6    00000004                  : socket.obj (.const:_SlSockSocketCmdCtrl)
                  2000dcca    00000004                  : device.obj (.const:_SlStopCmdCtrl)
                  2000dcce    00000004                  : wlan.obj (.const:_SlWlanCfgSetCmdCtrl)
                  2000dcd2    00000004                  : wlan.obj (.const:_SlWlanSetModeCmdCtrl)

.cinit     0    2000dcd8    00000058     
                  2000dcd8    0000002f     (.cinit..data.load) [load image, compression = lzss]
                  2000dd07    00000001     --HOLE-- [fill = 0]
                  2000dd08    0000000c     (__TI_handler_table)
                  2000dd14    00000004     --HOLE-- [fill = 0]
                  2000dd18    00000008     (.cinit..bss.load) [load image, compression = zero_init]
                  2000dd20    00000010     (__TI_cinit_table)

.sysmem    0    20017000    00009c40     UNINITIALIZED
                  20017000    00000008     rtsv7M4_T_le_eabi.lib : memory.obj (.sysmem)
                  20017008    00009c38     --HOLE--

.data      0    20020c40    00000098     UNINITIALIZED
                  20020c40    0000003c     simplelink.a : nonos.obj (.data:g__SlNonOsCB)
                  20020c7c    00000014     net_app.obj (.data)
                  20020c90    0000000d     simplelink.a : driver.obj (.data)
                  20020c9d    00000001     main.obj (.data)
                  20020c9e    00000002     --HOLE--
                  20020ca0    0000000c     rtsv7M4_T_le_eabi.lib : exit.obj (.data:$O1$$)
                  20020cac    0000000c                           : memory.obj (.data:$O1$$)
                  20020cb8    00000009     simplelink.a : cc_pal.obj (.data)
                  20020cc1    00000003     --HOLE--
                  20020cc4    00000008     rtsv7M4_T_le_eabi.lib : _lock.obj (.data:$O1$$)
                  20020ccc    00000004                           : errno.obj (.data)
                  20020cd0    00000004                           : stkdepth_vars.obj (.data)
                  20020cd4    00000004                           : strtok.obj (.data)

.bss       0    20021000    00001700     UNINITIALIZED
                  20021000    00000400     main.obj (.bss:pre_Tx_buff)
                  20021400    00000400     main.obj (.bss:tx_Buff)
                  20021800    00000400     main.obj (.bss:ulRecvData_a)
                  20021c00    00000400     main.obj (.bss:ulRecvData_b)
                  20022000    00000400     (.common:gpCtlTbl)
                  20022400    00000168     simplelink.a : driver.obj (.bss:g_StatMem)
                  20022568    00000100     (.common:gfpAppCallbackHndl)
                  20022668    00000050     (.common:g_ucDinDout)
                  200226b8    00000024     net_app.obj (.bss:ucConnectionSSID)
                  200226dc    00000010     main.obj (.bss)
                  200226ec    00000008     net_app.obj (.bss:ucConnectionBSSID)
                  200226f4    00000004     net_app.obj (.bss)
                  200226f8    00000004     uart_if.obj (.bss)
                  200226fc    00000001     (.common:RxIrqCnt)
                  200226fd    00000001     (.common:g_bDeviceRestartIsRequired)
                  200226fe    00000001     (.common:g_cDummy)
                  200226ff    00000001     (.common:iDone)

.stack     0    200263c0    00009c40     UNINITIALIZED
                  200263c0    00009c40     --HOLE--

MODULE SUMMARY

       Module                     code    ro data   rw data
       ------                     ----    -------   -------
    .\application\
       main.obj                   1996    68        4113   
    +--+--------------------------+-------+---------+---------+
       Total:                     1996    68        4113   
                                                           
    .\application\src\
       net_app.obj                2724    139       68     
       ring_buffer.obj            1100    53        0      
       gpio_app.obj               556     23        0      
       uart_app.obj               556     0         0      
       spi_app.obj                356     0         0      
       common_app.obj             268     0         0      
       watchdog_app.obj           32      0         0      
    +--+--------------------------+-------+---------+---------+
       Total:                     5592    215       68     
                                                           
    .\linked_files\
       udma_if.obj                460     0         1281   
       startup_ccs.obj            14      1024      0      
       uart_if.obj                640     0         4      
       wdt_if.obj                 100     0         0      
    +--+--------------------------+-------+---------+---------+
       Total:                     1214    1024      1285   
                                                           
    C:/ti/cc3200_sdk/cc3200-sdk/driverlib/ccs/Release/driverlib.a
       spi.obj                    1028    60        0      
       prcm.obj                   852     168       0      
       interrupt.obj              608     284       0      
       udma.obj                   852     0         0      
       pin.obj                    300     256       0      
       gpio.obj                   422     0         0      
       uart.obj                   284     0         0      
       timer.obj                  210     0         0      
       wdt.obj                    144     0         0      
       cpu.obj                    20      0         0      
       utils.obj                  6       0         0      
    +--+--------------------------+-------+---------+---------+
       Total:                     4726    768       0      
                                                           
    C:/ti/cc3200_sdk/cc3200-sdk/simplelink/ccs/NON_OS/simplelink.a
       driver.obj                 7230    184       375    
       cc_pal.obj                 1820    0         90     
       socket.obj                 1518    32        0      
       wlan.obj                   1312    24        0      
       netapp.obj                 1248    8         0      
       device.obj                 1078    16        0      
       nonos.obj                  416     20        60     
       netcfg.obj                 152     4         0      
    +--+--------------------------+-------+---------+---------+
       Total:                     14774   288       525    
                                                           
    C:\ti\ccsv7\tools\compiler\ti-cgt-arm_16.9.2.LTS\lib\rtsv7M4_T_le_eabi.lib
       _printfi.obj               4386    0         0      
       memory.obj                 976     0         12     
       ull_div_t2.obj             500     0         0      
       fd_add_t2.obj              438     0         0      
       fd_div_t2.obj              310     0         0      
       strtoul.obj                276     0         0      
       fd_cmp_t2.obj              268     0         0      
       ctype.obj                  0       257       0      
       fd_mul_t2.obj              252     0         0      
       s_scalbn.obj               208     0         0      
       memcpy_t2.obj              156     0         0      
       vsnprintf.obj              136     0         0      
       memset_t2.obj              122     0         0      
       autoinit.obj               112     0         0      
       copy_decompress_lzss.obj   104     0         0      
       exit.obj                   84      0         12     
       s_frexp.obj                92      0         0      
       ltoa.obj                   84      0         0      
       atoi.obj                   76      0         0      
       cpy_tbl.obj                76      0         0      
       fd_toi_t2.obj              72      0         0      
       strtok.obj                 64      0         4      
       boot.obj                   64      0         0      
       i_tofd_t2.obj              46      0         0      
       strspn.obj                 42      0         0      
       memmov.obj                 36      0         0      
       strcspn.obj                36      0         0      
       _lock.obj                  20      0         8      
       memccpy.obj                28      0         0      
       args_main.obj              24      0         0      
       strchr.obj                 22      0         0      
       strcpy.obj                 20      0         0      
       strlen.obj                 20      0         0      
       copy_decompress_none.obj   14      0         0      
       copy_zero_init.obj         12      0         0      
       s_copysign.obj             8       0         0      
       errno.obj                  0       0         4      
       pre_init.obj               4       0         0      
       stkdepth_vars.obj          0       0         4      
       mpu_init.obj               2       0         0      
       startup.obj                2       0         0      
    +--+--------------------------+-------+---------+---------+
       Total:                     9192    257       44     
                                                           
       Heap:                      0       0         40000  
       Stack:                     0       0         40000  
       Linker Generated:          0       83        0      
    +--+--------------------------+-------+---------+---------+
       Grand Total:               37494   2703      86035  


LINKER GENERATED COPY TABLES

__TI_cinit_table @ 2000dd20 records: 2, size/record: 8, table size: 16
	.data: load addr=2000dcd8, load size=0000002f bytes, run addr=20020c40, run size=00000098 bytes, compression=lzss
	.bss: load addr=2000dd18, load size=00000008 bytes, run addr=20021000, run size=00001700 bytes, compression=zero_init


LINKER GENERATED HANDLER TABLE

__TI_handler_table @ 2000dd08 records: 3, size/record: 4, table size: 12
	index: 0, handler: __TI_decompress_lzss
	index: 1, handler: __TI_decompress_none
	index: 2, handler: __TI_zero_init


GLOBAL SYMBOLS: SORTED ALPHABETICALLY BY Name 

address   name                                  
-------   ----                                  
20007ed3  BufferDisplay                         
20006ef9  BufferStatusDisplay                   
2000c325  C$$EXIT                               
2000d50b  CPUcpsie                              
20007581  ClearTerm                             
20005a2f  ConfigureSimpleLinkToDefaultState     
20007d97  DebugPinSet                           
20007d0d  DebugPulse                            
200092a7  DeinitDmaSpi                          
200084bb  DmaErrorIntHandler                    
2000cf41  DmaSpiSwIntHandler                    
200084a5  DmaSwIntHandler                       
2000758b  Error                                 
20007c89  GPIOConfigureNIntEnable               
2000cc19  GPIODirModeSet                        
2000d51f  GPIOIntClear                          
2000d299  GPIOIntEnable                         
2000d13d  GPIOIntRegister                       
2000cff5  GPIOIntStatus                         
2000b795  GPIOIntTypeSet                        
2000d369  GPIOPinRead                           
2000d05b  GPIOPinWrite                          
200075c3  GetCmd                                
20006669  GpioIntHandler                        
20007541  InitTerm                              
20005525  InitializeNetAppVariables             
2000aa61  IntDisable                            
2000ab09  IntEnable                             
2000d675  IntMasterEnable                       
2000c179  IntPendClear                          
2000c229  IntPrioritySet                        
2000d07d  IntRegister                           
2000cf65  IntUnregister                         
2000d535  IntVTableBaseSet                      
20005d0d  IpAddressParser                       
20007e0f  LedSet                                
2000755f  Message                               
2000d62d  NwpMaskInterrupt                      
2000cba9  NwpPowerOff                           
2000cd49  NwpPowerOn                            
2000d09d  NwpPrePowerOffTimout0                 
2000ca3d  NwpRegisterInterruptHandler           
2000d639  NwpUnMaskInterrupt                    
2000da10  OpcodeTranslateTable                  
20008e95  PRCMCC3200MCUInit                     
2000d471  PRCMHIBRegRead                        
2000d487  PRCMHIBRegWrite                       
2000ce79  PRCMPeripheralClkDisable              
2000cab9  PRCMPeripheralClkEnable               
2000aff5  PRCMPeripheralClockGet                
2000c1d1  PRCMPeripheralReset                   
2000cc51  PRCMPeripheralStatusGet               
2000cd75  PRCMSysResetCauseGet                  
2000b4f5  PinConfigSet                          
2000c93d  PinModeSet                            
20009b89  PinMuxConfig                          
2000ccb9  PinTypeGPIO                           
2000d2b3  PinTypeSPI                            
2000d2cd  PinTypeUART                           
20009289  ReinitializeSpiDma                    
20007701  Report                                
2000d61f  ResetISR                              
20006d79  RingBuffer_availableData              
20006e3f  RingBuffer_commitRead                 
20006ebb  RingBuffer_commitWrite                
20006d25  RingBuffer_create                     
20006d61  RingBuffer_destroy                    
20006dcd  RingBuffer_read                       
20006e63  RingBuffer_write                      
200226fc  RxIrqCnt                              
UNDEFED   SHT$$INIT_ARRAY$$Base                 
UNDEFED   SHT$$INIT_ARRAY$$Limit                
2000d381  SPICSDisable                          
2000d399  SPICSEnable                           
2000ac55  SPIConfigSetExpClk                    
2000d3b1  SPIDisable                            
2000d2e7  SPIDmaDisable                         
2000d301  SPIDmaEnable                          
2000d3c9  SPIEnable                             
2000d31b  SPIFIFODisable                        
2000d335  SPIFIFOEnable                         
2000cc85  SPIFIFOLevelSet                       
2000c711  SPIIntClear                           
2000c41d  SPIIntDisable                         
2000c469  SPIIntEnable                          
2000d15b  SPIIntRegister                        
2000b999  SPIIntStatus                          
2000d34f  SPIIntUnregister                      
2000d017  SPIReset                              
2000d039  SPIWordCountSet                       
20005731  SimpleLinkGeneralEventHandler         
20005721  SimpleLinkHttpServerCallback          
20005669  SimpleLinkNetAppEventHandler          
20005751  SimpleLinkSockEventHandler            
20005549  SimpleLinkWlanEventHandler            
20009261  SpiBlock                              
2000917d  SpiDmaInitTransfer                    
200091ff  SpiDmaTransfer                        
2000927d  SpiNssRead                            
2000926f  SpiUnblock                            
200091ab  Spiconf                               
20005df5  TcpClientConnect                      
2000c82d  TimerConfigure                        
2000d179  TimerEnable                           
2000d0bd  TimerGetCurrentTimestamp              
2000cdf9  TimerLoadSet                          
2000ce23  TimerPrescaleSet                      
2000d1d3  TimerValueGet                         
20007669  TrimSpace                             
2000d1ef  UARTCharGetNonBlocking                
2000d197  UARTCharPut                           
2000d3e1  UARTCharsAvail                        
2000bb09  UARTConfigSetExpClk                   
2000cce9  UARTDisable                           
2000cf89  UARTEnable                            
2000852f  UDMAChannelSelect                     
20008603  UDMADeInit                            
200084c7  UDMAInit                              
2000855d  UDMASetupAutoMemTransfer              
20008591  UDMASetupPingPongTransfer             
20008617  UDMASetupTransfer                     
200085eb  UDMAStartTransfer                     
200085f7  UDMAStopTransfer                      
2000d687  UtilsDelay                            
2000bfd9  WDT_IF_DeInit                         
2000bf99  WDT_IF_Init                           
2000d49d  WatchdogEnable                        
2000d5e3  WatchdogIntClear                      
2000d4b3  WatchdogIntRegister                   
2000d5ad  WatchdogIntUnregister                 
2000d5bf  WatchdogReloadSet                     
2000d3f9  WatchdogStallDisable                  
2000d411  WatchdogUnlock                        
20005d8d  WlanConnect                           
2000da4c  _SlActionLookupTable                  
2000abb1  _SlDriverHandleError                  
2000c759  _SlDrvBasicCmd                        
2000a8f1  _SlDrvCmdOp                           
2000bc65  _SlDrvCmdSend                         
200092e1  _SlDrvDataWriteOp                     
2000ad91  _SlDrvDeviceEventHandler              
2000d5f3  _SlDrvDispatchHttpServerEvents        
20009929  _SlDrvDriverCBDeinit                  
20008829  _SlDrvDriverCBInit                    
2000cea1  _SlDrvGlobalObjUnLock                 
2000b351  _SlDrvIsTimeoutExpired                
2000d4c9  _SlDrvMemZero                         
2000a31d  _SlDrvMsgReadSpawnCtx                 
20009c79  _SlDrvNetAppEventHandler              
2000cf19  _SlDrvObjLockWaitForever              
2000d0dd  _SlDrvObjUnLock                       
2000c501  _SlDrvProtectAsyncRespSetting         
2000cdcd  _SlDrvProtectionObjLockWaitForever    
2000cec9  _SlDrvProtectionObjUnLock             
200082d5  _SlDrvReleasePoolObj                  
2000d603  _SlDrvResetCmdExt                     
2000c27d  _SlDrvRxIrqHandler                    
2000d20b  _SlDrvStartMeasureTimeout             
2000d0fd  _SlDrvSyncObjSignal                   
2000cef1  _SlDrvSyncObjWaitForever              
2000c871  _SlDrvSyncObjWaitTimeout              
20008b79  _SlDrvWaitForPoolObj                  
2000dca6  _SlNetAppSendTokenValueCmdCtrl        
2000bb81  _SlNonOsMainLoopTask                  
2000a9b1  _SlNonOsSemGet                        
2000d429  _SlNonOsSemSet                        
2000bda5  _SlNonOsSpawn                         
20030000  __STACK_END                           
00009c40  __STACK_SIZE                          
00009c40  __SYSMEM_SIZE                         
2000dd20  __TI_CINIT_Base                       
2000dd30  __TI_CINIT_Limit                      
2000dd08  __TI_Handler_Table_Base               
2000dd14  __TI_Handler_Table_Limit              
2000bbf5  __TI_auto_init                        
20020ca0  __TI_cleanup_ptr                      
2000bd3d  __TI_decompress_lzss                  
2000d611  __TI_decompress_none                  
20020ca4  __TI_dtors_ptr                        
20020ca8  __TI_enable_exit_profile_output       
ffffffff  __TI_pprof_out_hndl                   
20004c39  __TI_printfi                          
ffffffff  __TI_prof_data_size                   
ffffffff  __TI_prof_data_start                  
2000dcd8  __TI_static_base__                    
2000d645  __TI_zero_init                        
2000b605  __aeabi_cdcmpeq                       
2000b605  __aeabi_cdcmple                       
2000b68b  __aeabi_cdrcmple                      
2000c7a1  __aeabi_d2iz                          
2000867b  __aeabi_dadd                          
200096bd  __aeabi_ddiv                          
20009d7d  __aeabi_dmul                          
20008671  __aeabi_dsub                          
2000cd19  __aeabi_i2d                           
2000ba15  __aeabi_memclr                        
2000ba15  __aeabi_memclr4                       
2000ba15  __aeabi_memclr8                       
2000acf5  __aeabi_memcpy                        
2000acf5  __aeabi_memcpy4                       
2000acf5  __aeabi_memcpy8                       
2000ba17  __aeabi_memset                        
2000ba17  __aeabi_memset4                       
2000ba17  __aeabi_memset8                       
200080e1  __aeabi_uldivmod                      
ffffffff  __binit__                             
ffffffff  __c_args__                            
20008827  __mpu_init                            
200263c0  __stack                               
2000d459  _args_main                            
2000c9bd  _c_int00                              
2000d690  _ctypes_                              
20020cc4  _lock                                 
2000d557  _nop                                  
2000d54f  _register_lock                        
2000d549  _register_unlock                      
2000be09  _sl_HandleAsync_Accept                
2000b819  _sl_HandleAsync_Connect               
2000b089  _sl_HandleAsync_DnsGetHostByName      
2000a695  _sl_HandleAsync_DnsGetHostByService   
2000b3dd  _sl_HandleAsync_InitComplete          
2000b119  _sl_HandleAsync_PingResponse          
2000c2d1  _sl_HandleAsync_Select                
2000c3cd  _sl_HandleAsync_Stop                  
2000bcd1  _sl_NetAppSendTokenValue              
20017000  _sys_memory                           
200097f3  _system_post_cinit                    
2000d68d  _system_pre_init                      
20020cc8  _unlock                               
2000c329  abort                                 
2000c599  atoi                                  
ffffffff  binit                                 
20007511  calloc                                
20009b6d  common_init                           
2000c5e5  copy_in                               
2000d67f  copysign                              
2000d67f  copysignl                             
20020ccc  errno                                 
2000c331  exit                                  
2000725b  free                                  
2000c11d  frexp                                 
2000c11d  frexpl                                
20020c90  g_SlDeviceStatus                      
20020cb8  g_SpiFd                               
20020c40  g__SlNonOsCB                          
200226fd  g_bDeviceRestartIsRequired            
20020c9d  g_bFeedWatchdog                       
200226fe  g_cDummy                              
20020c94  g_pCB                                 
20020cbc  g_pHostIntHdl                         
20004000  g_pfnVectors                          
20020cc0  g_ucDMAEnabled                        
20022668  g_ucDinDout                           
20022568  gfpAppCallbackHndl                    
20022000  gpCtlTbl                              
200226ff  iDone                                 
2000a5c5  ldexp                                 
2000a5c5  ldexpl                                
2000c379  ltoa                                  
20005fc9  main                                  
20020cd0  main_func_sp                          
200071f1  malloc                                
20007425  memalign                              
2000d227  memccpy                               
2000acf5  memcpy                                
2000cfad  memmove                               
2000ba1d  memset                                
20007171  minit                                 
20005ec9  net_close_connection                  
20005eab  net_send_data                         
20020c98  pPingCallBackFunc                     
2000731d  realloc                               
2000a5c5  scalbn                                
2000a5c5  scalbnl                               
2000caf5  simplelink_timerA2_start              
2000bffd  sl_Close                              
20008d09  sl_Connect                            
2000a761  sl_DevGet                             
2000c8f9  sl_Htonl                              
2000cb31  sl_Htons                              
2000a405  sl_NetAppMDNSRegisterUnregisterService
2000be6d  sl_NetAppMDNSUnRegisterService        
2000ae2d  sl_NetCfgSet                          
200097f5  sl_Send                               
2000b469  sl_Socket                             
2000a149  sl_Start                              
20009e79  sl_Stop                               
200077c1  sl_WlanConnect                        
2000cbe1  sl_WlanDisconnect                     
2000b1a9  sl_WlanPolicySet                      
2000c05d  sl_WlanProfileDel                     
2000b711  sl_WlanRxFilterSet                    
2000aec5  sl_WlanSet                            
2000c0bd  sl_WlanSetMode                        
2000ba91  spi_Close                             
20009431  spi_Open                              
20009f69  spi_Read                              
2000af5d  spi_Write                             
2000d4df  strchr                                
2000d55d  strcpy                                
2000cfd1  strcspn                               
2000d571  strlen                                
2000ce4d  strspn                                
2000c9fd  strtok                                
20009a59  strtoul                               
2000c631  uDMAChannelAssign                     
2000bed1  uDMAChannelAttributeDisable           
2000bf35  uDMAChannelAttributeEnable            
2000cb6d  uDMAChannelControlSet                 
2000d245  uDMAChannelDisable                    
2000d261  uDMAChannelEnable                     
2000c67d  uDMAChannelModeGet                    
2000d27d  uDMAChannelRequest                    
2000a059  uDMAChannelTransferSet                
2000d585  uDMAControlBaseSet                    
2000d651  uDMADisable                           
2000d65d  uDMAEnable                            
2000d599  uDMAIntClear                          
2000d4f5  uDMAIntRegister                       
2000d669  uDMAIntStatus                         
2000d5d1  uDMAIntUnregister                     
20007eb5  uart_init                             
2000b57d  vsnprintf                             
2000d12b  watchDogAck                           
2000d11d  watchdog_init                         


GLOBAL SYMBOLS: SORTED BY Symbol Address 

address   name                                  
-------   ----                                  
00009c40  __STACK_SIZE                          
00009c40  __SYSMEM_SIZE                         
20004000  g_pfnVectors                          
20004c39  __TI_printfi                          
20005525  InitializeNetAppVariables             
20005549  SimpleLinkWlanEventHandler            
20005669  SimpleLinkNetAppEventHandler          
20005721  SimpleLinkHttpServerCallback          
20005731  SimpleLinkGeneralEventHandler         
20005751  SimpleLinkSockEventHandler            
20005a2f  ConfigureSimpleLinkToDefaultState     
20005d0d  IpAddressParser                       
20005d8d  WlanConnect                           
20005df5  TcpClientConnect                      
20005eab  net_send_data                         
20005ec9  net_close_connection                  
20005fc9  main                                  
20006669  GpioIntHandler                        
20006d25  RingBuffer_create                     
20006d61  RingBuffer_destroy                    
20006d79  RingBuffer_availableData              
20006dcd  RingBuffer_read                       
20006e3f  RingBuffer_commitRead                 
20006e63  RingBuffer_write                      
20006ebb  RingBuffer_commitWrite                
20006ef9  BufferStatusDisplay                   
20007171  minit                                 
200071f1  malloc                                
2000725b  free                                  
2000731d  realloc                               
20007425  memalign                              
20007511  calloc                                
20007541  InitTerm                              
2000755f  Message                               
20007581  ClearTerm                             
2000758b  Error                                 
200075c3  GetCmd                                
20007669  TrimSpace                             
20007701  Report                                
200077c1  sl_WlanConnect                        
20007c89  GPIOConfigureNIntEnable               
20007d0d  DebugPulse                            
20007d97  DebugPinSet                           
20007e0f  LedSet                                
20007eb5  uart_init                             
20007ed3  BufferDisplay                         
200080e1  __aeabi_uldivmod                      
200082d5  _SlDrvReleasePoolObj                  
200084a5  DmaSwIntHandler                       
200084bb  DmaErrorIntHandler                    
200084c7  UDMAInit                              
2000852f  UDMAChannelSelect                     
2000855d  UDMASetupAutoMemTransfer              
20008591  UDMASetupPingPongTransfer             
200085eb  UDMAStartTransfer                     
200085f7  UDMAStopTransfer                      
20008603  UDMADeInit                            
20008617  UDMASetupTransfer                     
20008671  __aeabi_dsub                          
2000867b  __aeabi_dadd                          
20008827  __mpu_init                            
20008829  _SlDrvDriverCBInit                    
20008b79  _SlDrvWaitForPoolObj                  
20008d09  sl_Connect                            
20008e95  PRCMCC3200MCUInit                     
2000917d  SpiDmaInitTransfer                    
200091ab  Spiconf                               
200091ff  SpiDmaTransfer                        
20009261  SpiBlock                              
2000926f  SpiUnblock                            
2000927d  SpiNssRead                            
20009289  ReinitializeSpiDma                    
200092a7  DeinitDmaSpi                          
200092e1  _SlDrvDataWriteOp                     
20009431  spi_Open                              
200096bd  __aeabi_ddiv                          
200097f3  _system_post_cinit                    
200097f5  sl_Send                               
20009929  _SlDrvDriverCBDeinit                  
20009a59  strtoul                               
20009b6d  common_init                           
20009b89  PinMuxConfig                          
20009c79  _SlDrvNetAppEventHandler              
20009d7d  __aeabi_dmul                          
20009e79  sl_Stop                               
20009f69  spi_Read                              
2000a059  uDMAChannelTransferSet                
2000a149  sl_Start                              
2000a31d  _SlDrvMsgReadSpawnCtx                 
2000a405  sl_NetAppMDNSRegisterUnregisterService
2000a5c5  ldexp                                 
2000a5c5  ldexpl                                
2000a5c5  scalbn                                
2000a5c5  scalbnl                               
2000a695  _sl_HandleAsync_DnsGetHostByService   
2000a761  sl_DevGet                             
2000a8f1  _SlDrvCmdOp                           
2000a9b1  _SlNonOsSemGet                        
2000aa61  IntDisable                            
2000ab09  IntEnable                             
2000abb1  _SlDriverHandleError                  
2000ac55  SPIConfigSetExpClk                    
2000acf5  __aeabi_memcpy                        
2000acf5  __aeabi_memcpy4                       
2000acf5  __aeabi_memcpy8                       
2000acf5  memcpy                                
2000ad91  _SlDrvDeviceEventHandler              
2000ae2d  sl_NetCfgSet                          
2000aec5  sl_WlanSet                            
2000af5d  spi_Write                             
2000aff5  PRCMPeripheralClockGet                
2000b089  _sl_HandleAsync_DnsGetHostByName      
2000b119  _sl_HandleAsync_PingResponse          
2000b1a9  sl_WlanPolicySet                      
2000b351  _SlDrvIsTimeoutExpired                
2000b3dd  _sl_HandleAsync_InitComplete          
2000b469  sl_Socket                             
2000b4f5  PinConfigSet                          
2000b57d  vsnprintf                             
2000b605  __aeabi_cdcmpeq                       
2000b605  __aeabi_cdcmple                       
2000b68b  __aeabi_cdrcmple                      
2000b711  sl_WlanRxFilterSet                    
2000b795  GPIOIntTypeSet                        
2000b819  _sl_HandleAsync_Connect               
2000b999  SPIIntStatus                          
2000ba15  __aeabi_memclr                        
2000ba15  __aeabi_memclr4                       
2000ba15  __aeabi_memclr8                       
2000ba17  __aeabi_memset                        
2000ba17  __aeabi_memset4                       
2000ba17  __aeabi_memset8                       
2000ba1d  memset                                
2000ba91  spi_Close                             
2000bb09  UARTConfigSetExpClk                   
2000bb81  _SlNonOsMainLoopTask                  
2000bbf5  __TI_auto_init                        
2000bc65  _SlDrvCmdSend                         
2000bcd1  _sl_NetAppSendTokenValue              
2000bd3d  __TI_decompress_lzss                  
2000bda5  _SlNonOsSpawn                         
2000be09  _sl_HandleAsync_Accept                
2000be6d  sl_NetAppMDNSUnRegisterService        
2000bed1  uDMAChannelAttributeDisable           
2000bf35  uDMAChannelAttributeEnable            
2000bf99  WDT_IF_Init                           
2000bfd9  WDT_IF_DeInit                         
2000bffd  sl_Close                              
2000c05d  sl_WlanProfileDel                     
2000c0bd  sl_WlanSetMode                        
2000c11d  frexp                                 
2000c11d  frexpl                                
2000c179  IntPendClear                          
2000c1d1  PRCMPeripheralReset                   
2000c229  IntPrioritySet                        
2000c27d  _SlDrvRxIrqHandler                    
2000c2d1  _sl_HandleAsync_Select                
2000c325  C$$EXIT                               
2000c329  abort                                 
2000c331  exit                                  
2000c379  ltoa                                  
2000c3cd  _sl_HandleAsync_Stop                  
2000c41d  SPIIntDisable                         
2000c469  SPIIntEnable                          
2000c501  _SlDrvProtectAsyncRespSetting         
2000c599  atoi                                  
2000c5e5  copy_in                               
2000c631  uDMAChannelAssign                     
2000c67d  uDMAChannelModeGet                    
2000c711  SPIIntClear                           
2000c759  _SlDrvBasicCmd                        
2000c7a1  __aeabi_d2iz                          
2000c82d  TimerConfigure                        
2000c871  _SlDrvSyncObjWaitTimeout              
2000c8f9  sl_Htonl                              
2000c93d  PinModeSet                            
2000c9bd  _c_int00                              
2000c9fd  strtok                                
2000ca3d  NwpRegisterInterruptHandler           
2000cab9  PRCMPeripheralClkEnable               
2000caf5  simplelink_timerA2_start              
2000cb31  sl_Htons                              
2000cb6d  uDMAChannelControlSet                 
2000cba9  NwpPowerOff                           
2000cbe1  sl_WlanDisconnect                     
2000cc19  GPIODirModeSet                        
2000cc51  PRCMPeripheralStatusGet               
2000cc85  SPIFIFOLevelSet                       
2000ccb9  PinTypeGPIO                           
2000cce9  UARTDisable                           
2000cd19  __aeabi_i2d                           
2000cd49  NwpPowerOn                            
2000cd75  PRCMSysResetCauseGet                  
2000cdcd  _SlDrvProtectionObjLockWaitForever    
2000cdf9  TimerLoadSet                          
2000ce23  TimerPrescaleSet                      
2000ce4d  strspn                                
2000ce79  PRCMPeripheralClkDisable              
2000cea1  _SlDrvGlobalObjUnLock                 
2000cec9  _SlDrvProtectionObjUnLock             
2000cef1  _SlDrvSyncObjWaitForever              
2000cf19  _SlDrvObjLockWaitForever              
2000cf41  DmaSpiSwIntHandler                    
2000cf65  IntUnregister                         
2000cf89  UARTEnable                            
2000cfad  memmove                               
2000cfd1  strcspn                               
2000cff5  GPIOIntStatus                         
2000d017  SPIReset                              
2000d039  SPIWordCountSet                       
2000d05b  GPIOPinWrite                          
2000d07d  IntRegister                           
2000d09d  NwpPrePowerOffTimout0                 
2000d0bd  TimerGetCurrentTimestamp              
2000d0dd  _SlDrvObjUnLock                       
2000d0fd  _SlDrvSyncObjSignal                   
2000d11d  watchdog_init                         
2000d12b  watchDogAck                           
2000d13d  GPIOIntRegister                       
2000d15b  SPIIntRegister                        
2000d179  TimerEnable                           
2000d197  UARTCharPut                           
2000d1d3  TimerValueGet                         
2000d1ef  UARTCharGetNonBlocking                
2000d20b  _SlDrvStartMeasureTimeout             
2000d227  memccpy                               
2000d245  uDMAChannelDisable                    
2000d261  uDMAChannelEnable                     
2000d27d  uDMAChannelRequest                    
2000d299  GPIOIntEnable                         
2000d2b3  PinTypeSPI                            
2000d2cd  PinTypeUART                           
2000d2e7  SPIDmaDisable                         
2000d301  SPIDmaEnable                          
2000d31b  SPIFIFODisable                        
2000d335  SPIFIFOEnable                         
2000d34f  SPIIntUnregister                      
2000d369  GPIOPinRead                           
2000d381  SPICSDisable                          
2000d399  SPICSEnable                           
2000d3b1  SPIDisable                            
2000d3c9  SPIEnable                             
2000d3e1  UARTCharsAvail                        
2000d3f9  WatchdogStallDisable                  
2000d411  WatchdogUnlock                        
2000d429  _SlNonOsSemSet                        
2000d459  _args_main                            
2000d471  PRCMHIBRegRead                        
2000d487  PRCMHIBRegWrite                       
2000d49d  WatchdogEnable                        
2000d4b3  WatchdogIntRegister                   
2000d4c9  _SlDrvMemZero                         
2000d4df  strchr                                
2000d4f5  uDMAIntRegister                       
2000d50b  CPUcpsie                              
2000d51f  GPIOIntClear                          
2000d535  IntVTableBaseSet                      
2000d549  _register_unlock                      
2000d54f  _register_lock                        
2000d557  _nop                                  
2000d55d  strcpy                                
2000d571  strlen                                
2000d585  uDMAControlBaseSet                    
2000d599  uDMAIntClear                          
2000d5ad  WatchdogIntUnregister                 
2000d5bf  WatchdogReloadSet                     
2000d5d1  uDMAIntUnregister                     
2000d5e3  WatchdogIntClear                      
2000d5f3  _SlDrvDispatchHttpServerEvents        
2000d603  _SlDrvResetCmdExt                     
2000d611  __TI_decompress_none                  
2000d61f  ResetISR                              
2000d62d  NwpMaskInterrupt                      
2000d639  NwpUnMaskInterrupt                    
2000d645  __TI_zero_init                        
2000d651  uDMADisable                           
2000d65d  uDMAEnable                            
2000d669  uDMAIntStatus                         
2000d675  IntMasterEnable                       
2000d67f  copysign                              
2000d67f  copysignl                             
2000d687  UtilsDelay                            
2000d68d  _system_pre_init                      
2000d690  _ctypes_                              
2000da10  OpcodeTranslateTable                  
2000da4c  _SlActionLookupTable                  
2000dca6  _SlNetAppSendTokenValueCmdCtrl        
2000dcd8  __TI_static_base__                    
2000dd08  __TI_Handler_Table_Base               
2000dd14  __TI_Handler_Table_Limit              
2000dd20  __TI_CINIT_Base                       
2000dd30  __TI_CINIT_Limit                      
20017000  _sys_memory                           
20020c40  g__SlNonOsCB                          
20020c90  g_SlDeviceStatus                      
20020c94  g_pCB                                 
20020c98  pPingCallBackFunc                     
20020c9d  g_bFeedWatchdog                       
20020ca0  __TI_cleanup_ptr                      
20020ca4  __TI_dtors_ptr                        
20020ca8  __TI_enable_exit_profile_output       
20020cb8  g_SpiFd                               
20020cbc  g_pHostIntHdl                         
20020cc0  g_ucDMAEnabled                        
20020cc4  _lock                                 
20020cc8  _unlock                               
20020ccc  errno                                 
20020cd0  main_func_sp                          
20022000  gpCtlTbl                              
20022568  gfpAppCallbackHndl                    
20022668  g_ucDinDout                           
200226fc  RxIrqCnt                              
200226fd  g_bDeviceRestartIsRequired            
200226fe  g_cDummy                              
200226ff  iDone                                 
200263c0  __stack                               
20030000  __STACK_END                           
ffffffff  __TI_pprof_out_hndl                   
ffffffff  __TI_prof_data_size                   
ffffffff  __TI_prof_data_start                  
ffffffff  __binit__                             
ffffffff  __c_args__                            
ffffffff  binit                                 
UNDEFED   SHT$$INIT_ARRAY$$Base                 
UNDEFED   SHT$$INIT_ARRAY$$Limit                

[325 symbols]
