******************************************************************************
                  TI ARM Linker PC v16.9.2                     
******************************************************************************
>> Linked Sun Aug 13 17:55:34 2017

OUTPUT FILE NAME:   <spi_tcp.out>
ENTRY POINT SYMBOL: "_c_int00"  address: 2000c959


MEMORY CONFIGURATION

         name            origin    length      used     unused   attr    fill
----------------------  --------  ---------  --------  --------  ----  --------
  SRAM_CODE             20004000   00013000  00009c7a  00009386  RW X
  SRAM_DATA             20017000   00019000  0001501c  00003fe4  RW X


SEGMENT ALLOCATION MAP

run origin  load origin   length   init length attrs members
----------  ----------- ---------- ----------- ----- -------
20004000    20004000    00009c80   00009c80    r-x
  20004000    20004000    00000400   00000400    r-- .intvecs
  20004400    20004400    0000920c   0000920c    r-x .text
  2000d60c    2000d60c    00000616   00000616    r-- .const
  2000dc28    2000dc28    00000058   00000058    r-- .cinit
20017000    20017000    00009cd8   00000000    rw-
  20017000    20017000    00009c40   00000000    rw- .sysmem
  20020c40    20020c40    00000098   00000000    rw- .data
20021000    20021000    00001704   00000000    rw-
  20021000    20021000    00001704   00000000    rw- .bss
200263c0    200263c0    00009c40   00000000    rw-
  200263c0    200263c0    00009c40   00000000    rw- .stack


SECTION ALLOCATION MAP

 output                                  attributes/
section   page    origin      length       input sections
--------  ----  ----------  ----------   ----------------
.intvecs   0    20004000    00000400     
                  20004000    00000400     startup_ccs.obj (.intvecs)

.init_array 
*          0    20004000    00000000     UNINITIALIZED

.text      0    20004400    0000920c     
                  20004400    00001122     rtsv7M4_T_le_eabi.lib : _printfi.obj (.text)
                  20005522    00000002     driverlib.a : interrupt.obj (.text:IntDefaultHandler)
                  20005524    00000aa4     net_app.obj (.text)
                  20005fc8    000007ec     main.obj (.text)
                  200067b4    0000075c     common_app.obj (.text)
                  20006f10    00000590     simplelink.a : driver.obj (.text:_SlDrvMsgRead)
                  200074a0    000003d0     rtsv7M4_T_le_eabi.lib : memory.obj (.text)
                  20007870    00000334     ring_buffer.obj (.text)
                  20007ba4    00000280     uart_if.obj (.text)
                  20007e24    0000027c     simplelink.a : wlan.obj (.text:sl_WlanConnect)
                  200080a0    0000024c                  : driver.obj (.text:_SlDrvRxHdrRead)
                  200082ec    000001f4     rtsv7M4_T_le_eabi.lib : ull_div_t2.obj (.text)
                  200084e0    000001d0     simplelink.a : driver.obj (.text:_SlDrvReleasePoolObj)
                  200086b0    000001cc     udma_if.obj (.text)
                  2000887c    000001b6     rtsv7M4_T_le_eabi.lib : fd_add_t2.obj (.text)
                  20008a32    00000002                           : mpu_init.obj (.text)
                  20008a34    000001b4     simplelink.a : driver.obj (.text:_SlDrvDriverCBInit)
                  20008be8    0000019c                  : driver.obj (.text:_SlDrvMsgWrite)
                  20008d84    00000190                  : driver.obj (.text:_SlDrvWaitForPoolObj)
                  20008f14    0000018c                  : socket.obj (.text:sl_Connect)
                  200090a0    00000178     driverlib.a : prcm.obj (.text:PRCMCC3200MCUInit)
                  20009218    00000170     simplelink.a : driver.obj (.text:_SlFindAndSetActiveObj)
                  20009388    00000150                  : driver.obj (.text:_SlDrvDataWriteOp)
                  200094d8    00000148                  : cc_pal.obj (.text:spi_Open)
                  20009620    00000144                  : driver.obj (.text:_SlDrvMsgReadCmdCtx)
                  20009764    00000136     rtsv7M4_T_le_eabi.lib : fd_div_t2.obj (.text)
                  2000989a    00000002                           : startup.obj (.text)
                  2000989c    00000134     simplelink.a : socket.obj (.text:sl_Send)
                  200099d0    00000130                  : driver.obj (.text:_SlDrvDriverCBDeinit)
                  20009b00    00000114     rtsv7M4_T_le_eabi.lib : strtoul.obj (.text)
                  20009c14    00000104     simplelink.a : netapp.obj (.text:_SlDrvNetAppEventHandler)
                  20009d18    000000fc     rtsv7M4_T_le_eabi.lib : fd_mul_t2.obj (.text)
                  20009e14    000000f0     simplelink.a : device.obj (.text:sl_Stop)
                  20009f04    000000f0                  : cc_pal.obj (.text:spi_Read)
                  20009ff4    000000f0     driverlib.a : udma.obj (.text:uDMAChannelTransferSet)
                  2000a0e4    000000ec     simplelink.a : device.obj (.text:sl_Start)
                  2000a1d0    000000e8                  : driver.obj (.text:_SlAsyncEventGenericHandler)
                  2000a2b8    000000e8                  : driver.obj (.text:_SlDrvMsgReadSpawnCtx)
                  2000a3a0    000000e4                  : netapp.obj (.text:sl_NetAppMDNSRegisterUnregisterService)
                  2000a484    000000dc                  : driver.obj (.text:_SlDrvClassifyRxMsg)
                  2000a560    000000d0     rtsv7M4_T_le_eabi.lib : s_scalbn.obj (.text)
                  2000a630    000000cc     simplelink.a : netapp.obj (.text:_sl_HandleAsync_DnsGetHostByService)
                  2000a6fc    000000cc                  : device.obj (.text:sl_DevGet)
                  2000a7c8    000000c4                  : driver.obj (.text:_SlRemoveFromList)
                  2000a88c    000000c0                  : driver.obj (.text:_SlDrvCmdOp)
                  2000a94c    000000b0                  : nonos.obj (.text:_SlNonOsSemGet)
                  2000a9fc    000000a8     driverlib.a : interrupt.obj (.text:IntDisable)
                  2000aaa4    000000a8                 : interrupt.obj (.text:IntEnable)
                  2000ab4c    000000a4     simplelink.a : driver.obj (.text:_SlDriverHandleError)
                  2000abf0    000000a0     driverlib.a : spi.obj (.text:SPIConfigSetExpClk)
                  2000ac90    0000009c     rtsv7M4_T_le_eabi.lib : memcpy_t2.obj (.text)
                  2000ad2c    0000009a     simplelink.a : device.obj (.text:_SlDrvDeviceEventHandler)
                  2000adc6    00000002     --HOLE-- [fill = 0]
                  2000adc8    00000098                  : netcfg.obj (.text:sl_NetCfgSet)
                  2000ae60    00000098                  : wlan.obj (.text:sl_WlanSet)
                  2000aef8    00000098                  : cc_pal.obj (.text:spi_Write)
                  2000af90    00000094     driverlib.a : prcm.obj (.text:PRCMPeripheralClockGet)
                  2000b024    00000090     simplelink.a : netapp.obj (.text:_sl_HandleAsync_DnsGetHostByName)
                  2000b0b4    00000090                  : netapp.obj (.text:_sl_HandleAsync_PingResponse)
                  2000b144    00000090                  : wlan.obj (.text:sl_WlanPolicySet)
                  2000b1d4    0000008c                  : cc_pal.obj (.text:SetupDMAReceive)
                  2000b260    0000008c                  : cc_pal.obj (.text:SetupDMASend)
                  2000b2ec    0000008c                  : driver.obj (.text:_SlDrvIsTimeoutExpired)
                  2000b378    0000008c                  : device.obj (.text:_sl_HandleAsync_InitComplete)
                  2000b404    0000008c                  : socket.obj (.text:sl_Socket)
                  2000b490    00000088     driverlib.a : pin.obj (.text:PinConfigSet)
                  2000b518    00000088     rtsv7M4_T_le_eabi.lib : vsnprintf.obj (.text)
                  2000b5a0    00000086                           : fd_cmp_t2.obj (.text:__aeabi_cdcmple)
                  2000b626    00000086                           : fd_cmp_t2.obj (.text:__aeabi_cdrcmple)
                  2000b6ac    00000084     simplelink.a : wlan.obj (.text:sl_WlanRxFilterSet)
                  2000b730    00000082     driverlib.a : gpio.obj (.text:GPIOIntTypeSet)
                  2000b7b2    00000002     --HOLE-- [fill = 0]
                  2000b7b4    00000080     simplelink.a : socket.obj (.text:_sl_HandleAsync_Connect)
                  2000b834    00000080                  : cc_pal.obj (.text:spi_Read_CPU)
                  2000b8b4    00000080                  : cc_pal.obj (.text:spi_Write_CPU)
                  2000b934    0000007c     driverlib.a : spi.obj (.text:SPIIntStatus)
                  2000b9b0    0000007a     rtsv7M4_T_le_eabi.lib : memset_t2.obj (.text)
                  2000ba2a    00000002     --HOLE-- [fill = 0]
                  2000ba2c    00000078     simplelink.a : cc_pal.obj (.text:spi_Close)
                  2000baa4    00000076     driverlib.a : uart.obj (.text:UARTConfigSetExpClk)
                  2000bb1a    00000002     --HOLE-- [fill = 0]
                  2000bb1c    00000074     simplelink.a : nonos.obj (.text:_SlNonOsMainLoopTask)
                  2000bb90    00000070     rtsv7M4_T_le_eabi.lib : autoinit.obj (.text)
                  2000bc00    0000006c     simplelink.a : driver.obj (.text:_SlDrvCmdSend)
                  2000bc6c    0000006c                  : netapp.obj (.text:_sl_NetAppSendTokenValue)
                  2000bcd8    00000068     rtsv7M4_T_le_eabi.lib : copy_decompress_lzss.obj (.text:decompress:lzss)
                  2000bd40    00000064     simplelink.a : nonos.obj (.text:_SlNonOsSpawn)
                  2000bda4    00000064                  : socket.obj (.text:_sl_HandleAsync_Accept)
                  2000be08    00000064                  : netapp.obj (.text:sl_NetAppMDNSUnRegisterService)
                  2000be6c    00000064     driverlib.a : udma.obj (.text:uDMAChannelAttributeDisable)
                  2000bed0    00000064                 : udma.obj (.text:uDMAChannelAttributeEnable)
                  2000bf34    00000064     wdt_if.obj (.text)
                  2000bf98    00000060     simplelink.a : socket.obj (.text:sl_Close)
                  2000bff8    00000060                  : wlan.obj (.text:sl_WlanProfileDel)
                  2000c058    00000060                  : wlan.obj (.text:sl_WlanSetMode)
                  2000c0b8    0000005c     rtsv7M4_T_le_eabi.lib : s_frexp.obj (.text)
                  2000c114    00000058     driverlib.a : interrupt.obj (.text:IntPendClear)
                  2000c16c    00000058                 : prcm.obj (.text:PRCMPeripheralReset)
                  2000c1c4    00000054                 : interrupt.obj (.text:IntPrioritySet)
                  2000c218    00000054     simplelink.a : driver.obj (.text:_SlDrvRxIrqHandler)
                  2000c26c    00000054                  : socket.obj (.text:_sl_HandleAsync_Select)
                  2000c2c0    00000054     rtsv7M4_T_le_eabi.lib : exit.obj (.text)
                  2000c314    00000054                           : ltoa.obj (.text)
                  2000c368    00000050     simplelink.a : device.obj (.text:_sl_HandleAsync_Stop)
                  2000c3b8    0000004c     driverlib.a : spi.obj (.text:SPIIntDisable)
                  2000c404    0000004c                 : spi.obj (.text:SPIIntEnable)
                  2000c450    0000004c                 : spi.obj (.text:SPIIntNumberGet)
                  2000c49c    0000004c     simplelink.a : driver.obj (.text:_SlDrvProtectAsyncRespSetting)
                  2000c4e8    0000004c                  : socket.obj (.text:_sl_BuildAddress)
                  2000c534    0000004c     rtsv7M4_T_le_eabi.lib : atoi.obj (.text)
                  2000c580    0000004c                           : cpy_tbl.obj (.text)
                  2000c5cc    0000004c     driverlib.a : udma.obj (.text:uDMAChannelAssign)
                  2000c618    0000004c                 : udma.obj (.text:uDMAChannelModeGet)
                  2000c664    00000048                 : gpio.obj (.text:GPIOGetIntNumber)
                  2000c6ac    00000048                 : spi.obj (.text:SPIIntClear)
                  2000c6f4    00000048     simplelink.a : driver.obj (.text:_SlDrvBasicCmd)
                  2000c73c    00000048     rtsv7M4_T_le_eabi.lib : fd_toi_t2.obj (.text)
                  2000c784    00000044     driverlib.a : spi.obj (.text:SPIDmaMaskGet)
                  2000c7c8    00000044                 : timer.obj (.text:TimerConfigure)
                  2000c80c    00000044     simplelink.a : driver.obj (.text:_SlDrvSyncObjWaitTimeout)
                  2000c850    00000044                  : cc_pal.obj (.text:cc_SetupTransfer)
                  2000c894    00000042                  : socket.obj (.text:sl_Htonl)
                  2000c8d6    00000002     --HOLE-- [fill = 0]
                  2000c8d8    00000040     driverlib.a : pin.obj (.text:PinModeSet)
                  2000c918    00000040     simplelink.a : socket.obj (.text:_sl_TruncatePayloadByProtocol)
                  2000c958    00000040     rtsv7M4_T_le_eabi.lib : boot.obj (.text)
                  2000c998    00000040                           : strtok.obj (.text)
                  2000c9d8    0000003e     simplelink.a : cc_pal.obj (.text:NwpRegisterInterruptHandler)
                  2000ca16    0000003c                  : netapp.obj (.text:CopyPingResultsToReport)
                  2000ca52    00000002     --HOLE-- [fill = 0]
                  2000ca54    0000003c     driverlib.a : prcm.obj (.text:PRCMPeripheralClkEnable)
                  2000ca90    0000003c     simplelink.a : cc_pal.obj (.text:simplelink_timerA2_start)
                  2000cacc    0000003c                  : socket.obj (.text:sl_Htons)
                  2000cb08    0000003c     driverlib.a : udma.obj (.text:uDMAChannelControlSet)
                  2000cb44    00000038     simplelink.a : cc_pal.obj (.text:NwpPowerOff)
                  2000cb7c    00000038                  : wlan.obj (.text:sl_WlanDisconnect)
                  2000cbb4    00000036     driverlib.a : gpio.obj (.text:GPIODirModeSet)
                  2000cbea    00000002     --HOLE-- [fill = 0]
                  2000cbec    00000034                 : prcm.obj (.text:PRCMPeripheralStatusGet)
                  2000cc20    00000034                 : spi.obj (.text:SPIFIFOLevelSet)
                  2000cc54    00000030                 : pin.obj (.text:PinTypeGPIO)
                  2000cc84    00000030                 : uart.obj (.text:UARTDisable)
                  2000ccb4    0000002e     rtsv7M4_T_le_eabi.lib : i_tofd_t2.obj (.text)
                  2000cce2    00000002     --HOLE-- [fill = 0]
                  2000cce4    0000002c     simplelink.a : cc_pal.obj (.text:NwpPowerOn)
                  2000cd10    0000002c     driverlib.a : prcm.obj (.text:PRCMSysResetCauseGet)
                  2000cd3c    0000002c     simplelink.a : driver.obj (.text:_SlDrvObjGlobalLockWaitForever)
                  2000cd68    0000002c                  : driver.obj (.text:_SlDrvProtectionObjLockWaitForever)
                  2000cd94    0000002a     driverlib.a : timer.obj (.text:TimerLoadSet)
                  2000cdbe    0000002a                 : timer.obj (.text:TimerPrescaleSet)
                  2000cde8    0000002a     rtsv7M4_T_le_eabi.lib : strspn.obj (.text)
                  2000ce12    00000002     --HOLE-- [fill = 0]
                  2000ce14    00000028     driverlib.a : prcm.obj (.text:PRCMPeripheralClkDisable)
                  2000ce3c    00000028     simplelink.a : driver.obj (.text:_SlDrvGlobalObjUnLock)
                  2000ce64    00000028                  : driver.obj (.text:_SlDrvProtectionObjUnLock)
                  2000ce8c    00000028                  : driver.obj (.text:_SlDrvSyncObjWaitForever)
                  2000ceb4    00000026                  : driver.obj (.text:_SlDrvObjLockWaitForever)
                  2000ceda    00000002     --HOLE-- [fill = 0]
                  2000cedc    00000024                  : cc_pal.obj (.text:DmaSpiSwIntHandler)
                  2000cf00    00000024     driverlib.a : interrupt.obj (.text:IntUnregister)
                  2000cf24    00000024                 : uart.obj (.text:UARTEnable)
                  2000cf48    00000024     rtsv7M4_T_le_eabi.lib : memmov.obj (.text)
                  2000cf6c    00000024                           : strcspn.obj (.text)
                  2000cf90    00000022     driverlib.a : gpio.obj (.text:GPIOIntStatus)
                  2000cfb2    00000022                 : spi.obj (.text:SPIReset)
                  2000cfd4    00000022                 : spi.obj (.text:SPIWordCountSet)
                  2000cff6    00000020                 : gpio.obj (.text:GPIOPinWrite)
                  2000d016    00000002     --HOLE-- [fill = 0]
                  2000d018    00000020                 : interrupt.obj (.text:IntRegister)
                  2000d038    00000020     simplelink.a : cc_pal.obj (.text:NwpPrePowerOffTimout0)
                  2000d058    00000020                  : cc_pal.obj (.text:TimerGetCurrentTimestamp)
                  2000d078    00000020                  : driver.obj (.text:_SlDrvObjUnLock)
                  2000d098    00000020                  : driver.obj (.text:_SlDrvSyncObjSignal)
                  2000d0b8    0000001e     driverlib.a : gpio.obj (.text:GPIOIntRegister)
                  2000d0d6    0000001e                 : spi.obj (.text:SPIIntRegister)
                  2000d0f4    0000001e                 : timer.obj (.text:TimerEnable)
                  2000d112    0000001e                 : uart.obj (.text:UARTCharPut)
                  2000d130    0000001e     simplelink.a : cc_pal.obj (.text:cc_UDMAChannelSelect)
                  2000d14e    0000001c     driverlib.a : timer.obj (.text:TimerValueGet)
                  2000d16a    0000001c                 : uart.obj (.text:UARTCharGetNonBlocking)
                  2000d186    0000001c     simplelink.a : driver.obj (.text:_SlDrvStartMeasureTimeout)
                  2000d1a2    0000001c     rtsv7M4_T_le_eabi.lib : memccpy.obj (.text)
                  2000d1be    00000002     --HOLE-- [fill = 0]
                  2000d1c0    0000001c     driverlib.a : udma.obj (.text:uDMAChannelDisable)
                  2000d1dc    0000001c                 : udma.obj (.text:uDMAChannelEnable)
                  2000d1f8    0000001c                 : udma.obj (.text:uDMAChannelRequest)
                  2000d214    0000001a                 : gpio.obj (.text:GPIOIntEnable)
                  2000d22e    0000001a                 : pin.obj (.text:PinTypeSPI)
                  2000d248    0000001a                 : pin.obj (.text:PinTypeUART)
                  2000d262    0000001a                 : spi.obj (.text:SPIDmaDisable)
                  2000d27c    0000001a                 : spi.obj (.text:SPIDmaEnable)
                  2000d296    0000001a                 : spi.obj (.text:SPIFIFODisable)
                  2000d2b0    0000001a                 : spi.obj (.text:SPIFIFOEnable)
                  2000d2ca    0000001a                 : spi.obj (.text:SPIIntUnregister)
                  2000d2e4    00000018                 : gpio.obj (.text:GPIOPinRead)
                  2000d2fc    00000018                 : spi.obj (.text:SPICSDisable)
                  2000d314    00000018                 : spi.obj (.text:SPICSEnable)
                  2000d32c    00000018                 : spi.obj (.text:SPIDisable)
                  2000d344    00000018                 : spi.obj (.text:SPIEnable)
                  2000d35c    00000018                 : uart.obj (.text:UARTCharsAvail)
                  2000d374    00000018                 : wdt.obj (.text:WatchdogStallDisable)
                  2000d38c    00000018                 : wdt.obj (.text:WatchdogUnlock)
                  2000d3a4    00000018     simplelink.a : nonos.obj (.text:_SlNonOsSemSet)
                  2000d3bc    00000018                  : device.obj (.text:_sl_GetStartResponseConvert)
                  2000d3d4    00000018     rtsv7M4_T_le_eabi.lib : args_main.obj (.text)
                  2000d3ec    00000016     driverlib.a : prcm.obj (.text:PRCMHIBRegRead)
                  2000d402    00000016                 : prcm.obj (.text:PRCMHIBRegWrite)
                  2000d418    00000016                 : wdt.obj (.text:WatchdogEnable)
                  2000d42e    00000016                 : wdt.obj (.text:WatchdogIntRegister)
                  2000d444    00000016     simplelink.a : driver.obj (.text:_SlDrvMemZero)
                  2000d45a    00000016     rtsv7M4_T_le_eabi.lib : strchr.obj (.text)
                  2000d470    00000016     driverlib.a : udma.obj (.text:uDMAIntRegister)
                  2000d486    00000014                 : cpu.obj (.text:CPUcpsie)
                  2000d49a    00000014                 : gpio.obj (.text:GPIOIntClear)
                  2000d4ae    00000002     --HOLE-- [fill = 0]
                  2000d4b0    00000014                 : interrupt.obj (.text:IntVTableBaseSet)
                  2000d4c4    00000014     rtsv7M4_T_le_eabi.lib : _lock.obj (.text)
                  2000d4d8    00000014                           : strcpy.obj (.text)
                  2000d4ec    00000014                           : strlen.obj (.text)
                  2000d500    00000014     driverlib.a : udma.obj (.text:uDMAControlBaseSet)
                  2000d514    00000014                 : udma.obj (.text:uDMAIntClear)
                  2000d528    00000012                 : wdt.obj (.text:WatchdogIntUnregister)
                  2000d53a    00000012                 : wdt.obj (.text:WatchdogReloadSet)
                  2000d54c    00000012                 : udma.obj (.text:uDMAIntUnregister)
                  2000d55e    00000010                 : wdt.obj (.text:WatchdogIntClear)
                  2000d56e    00000010     simplelink.a : driver.obj (.text:_SlDrvDispatchHttpServerEvents)
                  2000d57e    0000000e                  : driver.obj (.text:_SlDrvResetCmdExt)
                  2000d58c    0000000e     rtsv7M4_T_le_eabi.lib : copy_decompress_none.obj (.text:decompress:none)
                  2000d59a    0000000e     startup_ccs.obj (.text)
                  2000d5a8    0000000c     simplelink.a : cc_pal.obj (.text:NwpMaskInterrupt)
                  2000d5b4    0000000c                  : cc_pal.obj (.text:NwpUnMaskInterrupt)
                  2000d5c0    0000000c     rtsv7M4_T_le_eabi.lib : copy_zero_init.obj (.text:decompress:ZI)
                  2000d5cc    0000000c     driverlib.a : udma.obj (.text:uDMADisable)
                  2000d5d8    0000000c                 : udma.obj (.text:uDMAEnable)
                  2000d5e4    0000000c                 : udma.obj (.text:uDMAIntStatus)
                  2000d5f0    0000000a                 : interrupt.obj (.text:IntMasterEnable)
                  2000d5fa    00000008     rtsv7M4_T_le_eabi.lib : s_copysign.obj (.text)
                  2000d602    00000006     driverlib.a : utils.obj (.text:UtilsDelay)
                  2000d608    00000004     rtsv7M4_T_le_eabi.lib : pre_init.obj (.text)

.const     0    2000d60c    00000616     
                  2000d60c    00000101     rtsv7M4_T_le_eabi.lib : ctype.obj (.const:.string:_ctypes_)
                  2000d70d    00000003     --HOLE-- [fill = 0]
                  2000d710    00000100     driverlib.a : pin.obj (.const:g_ulPinToPadMap)
                  2000d810    000000d4                 : interrupt.obj (.const:g_pulRegs)
                  2000d8e4    000000a8                 : prcm.obj (.const:PRCM_PeriphRegsList)
                  2000d98c    0000003c     simplelink.a : driver.obj (.const:OpcodeTranslateTable)
                  2000d9c8    00000038                  : driver.obj (.const:_SlActionLookupTable)
                  2000da00    0000002c     net_app.obj (.const:$P$T1$2)
                  2000da2c    00000024     driverlib.a : spi.obj (.const:g_ppulSPIIntMap)
                  2000da50    00000022     net_app.obj (.const:.string:$P$T0$1)
                  2000da72    00000002     --HOLE-- [fill = 0]
                  2000da74    00000020     simplelink.a : driver.obj (.const:RxMsgClassLUT)
                  2000da94    00000018     driverlib.a : interrupt.obj (.const:g_pulDisRegs)
                  2000daac    00000018                 : interrupt.obj (.const:g_pulEnRegs)
                  2000dac4    00000018                 : interrupt.obj (.const:g_pulUnpendRegs)
                  2000dadc    00000018                 : spi.obj (.const:g_ulSPIDmaMaskMap)
                  2000daf4    00000014     simplelink.a : driver.obj (.const:$P$T0$1)
                  2000db08    00000014                  : nonos.obj (.const:$P$T0$1)
                  2000db1c    00000014     net_app.obj (.const:$P$T2$3)
                  2000db30    00000014     main.obj (.const:.string:$P$T2$5)
                  2000db44    00000011     ring_buffer.obj (.const:.string:$P$T1$2)
                  2000db55    00000011     net_app.obj (.const:.string:$P$T5$6)
                  2000db66    00000010     ring_buffer.obj (.const:.string:$P$T0$1)
                  2000db76    00000010     main.obj (.const:.string:$P$T1$2)
                  2000db86    00000010     simplelink.a : socket.obj (.const:.string:_SlPayloadByProtocolLUT)
                  2000db96    00000002     --HOLE-- [fill = 0]
                  2000db98    0000000c     net_app.obj (.const:$P$T4$5)
                  2000dba4    0000000c     common_app.obj (.const:.string:$P$T1$2)
                  2000dbb0    0000000c     net_app.obj (.const:.string:$P$T3$4)
                  2000dbbc    0000000b     common_app.obj (.const:.string:$P$T0$1)
                  2000dbc7    00000008     simplelink.a : device.obj (.const:StartResponseLUT)
                  2000dbcf    00000001     --HOLE-- [fill = 0]
                  2000dbd0    00000008                  : driver.obj (.const:g_H2NCnysPattern)
                  2000dbd8    00000008                  : driver.obj (.const:g_H2NSyncPattern)
                  2000dbe0    00000005     main.obj (.const:.string:$P$T0$1)
                  2000dbe5    00000001     --HOLE-- [fill = 0]
                  2000dbe6    00000004     simplelink.a : wlan.obj (.const:$P$T0$1)
                  2000dbea    00000004                  : socket.obj (.const:$P$T2$3)
                  2000dbee    00000004                  : device.obj (.const:_SlDeviceGetCmdCtrl)
                  2000dbf2    00000004                  : netapp.obj (.const:_SlNetAppSendTokenValueCmdCtrl)
                  2000dbf6    00000004                  : netcfg.obj (.const:_SlNetCfgSetCmdCtrl)
                  2000dbfa    00000004                  : wlan.obj (.const:_SlPolicySetCmdCtrl)
                  2000dbfe    00000004                  : wlan.obj (.const:_SlProfileDelCmdCtrl)
                  2000dc02    00000004                  : netapp.obj (.const:_SlRegisterServiceCtrl)
                  2000dc06    00000004                  : wlan.obj (.const:_SlRxFilterSetCmdCtrl)
                  2000dc0a    00000004                  : socket.obj (.const:_SlSendCmdCtrl)
                  2000dc0e    00000004                  : socket.obj (.const:_SlSockCloseCmdCtrl)
                  2000dc12    00000004                  : socket.obj (.const:_SlSockSocketCmdCtrl)
                  2000dc16    00000004                  : device.obj (.const:_SlStopCmdCtrl)
                  2000dc1a    00000004                  : wlan.obj (.const:_SlWlanCfgSetCmdCtrl)
                  2000dc1e    00000004                  : wlan.obj (.const:_SlWlanSetModeCmdCtrl)

.cinit     0    2000dc28    00000058     
                  2000dc28    0000002f     (.cinit..data.load) [load image, compression = lzss]
                  2000dc57    00000001     --HOLE-- [fill = 0]
                  2000dc58    0000000c     (__TI_handler_table)
                  2000dc64    00000004     --HOLE-- [fill = 0]
                  2000dc68    00000008     (.cinit..bss.load) [load image, compression = zero_init]
                  2000dc70    00000010     (__TI_cinit_table)

.sysmem    0    20017000    00009c40     UNINITIALIZED
                  20017000    00000008     rtsv7M4_T_le_eabi.lib : memory.obj (.sysmem)
                  20017008    00009c38     --HOLE--

.data      0    20020c40    00000098     UNINITIALIZED
                  20020c40    0000003c     simplelink.a : nonos.obj (.data:g__SlNonOsCB)
                  20020c7c    00000014     net_app.obj (.data)
                  20020c90    0000000d     simplelink.a : driver.obj (.data)
                  20020c9d    00000001     main.obj (.data)
                  20020c9e    00000002     --HOLE--
                  20020ca0    0000000c     rtsv7M4_T_le_eabi.lib : exit.obj (.data:$O1$$)
                  20020cac    0000000c                           : memory.obj (.data:$O1$$)
                  20020cb8    00000009     simplelink.a : cc_pal.obj (.data)
                  20020cc1    00000003     --HOLE--
                  20020cc4    00000008     rtsv7M4_T_le_eabi.lib : _lock.obj (.data:$O1$$)
                  20020ccc    00000004                           : errno.obj (.data)
                  20020cd0    00000004                           : stkdepth_vars.obj (.data)
                  20020cd4    00000004                           : strtok.obj (.data)

.bss       0    20021000    00001704     UNINITIALIZED
                  20021000    00000400     main.obj (.bss:pre_Tx_buff)
                  20021400    00000400     main.obj (.bss:tx_Buff)
                  20021800    00000400     main.obj (.bss:ulRecvData_a)
                  20021c00    00000400     main.obj (.bss:ulRecvData_b)
                  20022000    00000400     (.common:gpCtlTbl)
                  20022400    00000168     simplelink.a : driver.obj (.bss:g_StatMem)
                  20022568    00000100     (.common:gfpAppCallbackHndl)
                  20022668    00000050     (.common:g_ucDinDout)
                  200226b8    00000024     net_app.obj (.bss:ucConnectionSSID)
                  200226dc    00000014     main.obj (.bss)
                  200226f0    00000008     net_app.obj (.bss:ucConnectionBSSID)
                  200226f8    00000004     net_app.obj (.bss)
                  200226fc    00000004     uart_if.obj (.bss)
                  20022700    00000001     (.common:RxIrqCnt)
                  20022701    00000001     (.common:g_bDeviceRestartIsRequired)
                  20022702    00000001     (.common:g_cDummy)
                  20022703    00000001     (.common:iDone)

.stack     0    200263c0    00009c40     UNINITIALIZED
                  200263c0    00009c40     --HOLE--

MODULE SUMMARY

       Module                     code    ro data   rw data
       ------                     ----    -------   -------
    .\
       udma_if.obj                460     0         1281   
       startup_ccs.obj            14      1024      0      
       uart_if.obj                640     0         4      
       wdt_if.obj                 100     0         0      
    +--+--------------------------+-------+---------+---------+
       Total:                     1214    1024      1285   
                                                           
    .\application\
       main.obj                   2028    41        4117   
    +--+--------------------------+-------+---------+---------+
       Total:                     2028    41        4117   
                                                           
    .\application\src\
       net_app.obj                2724    139       68     
       common_app.obj             1884    23        0      
       ring_buffer.obj            820     33        0      
    +--+--------------------------+-------+---------+---------+
       Total:                     5428    195       68     
                                                           
    C:/ti/cc3200_sdk/cc3200-sdk/driverlib/ccs/Release/driverlib.a
       spi.obj                    1028    60        0      
       prcm.obj                   852     168       0      
       interrupt.obj              608     284       0      
       udma.obj                   852     0         0      
       pin.obj                    300     256       0      
       gpio.obj                   422     0         0      
       uart.obj                   284     0         0      
       timer.obj                  210     0         0      
       wdt.obj                    144     0         0      
       cpu.obj                    20      0         0      
       utils.obj                  6       0         0      
    +--+--------------------------+-------+---------+---------+
       Total:                     4726    768       0      
                                                           
    C:/ti/cc3200_sdk/cc3200-sdk/simplelink/ccs/NON_OS/simplelink.a
       driver.obj                 7230    184       375    
       cc_pal.obj                 1820    0         90     
       socket.obj                 1518    32        0      
       wlan.obj                   1312    24        0      
       netapp.obj                 1248    8         0      
       device.obj                 1078    16        0      
       nonos.obj                  416     20        60     
       netcfg.obj                 152     4         0      
    +--+--------------------------+-------+---------+---------+
       Total:                     14774   288       525    
                                                           
    C:\ti\ccsv7\tools\compiler\ti-cgt-arm_16.9.2.LTS\lib\rtsv7M4_T_le_eabi.lib
       _printfi.obj               4386    0         0      
       memory.obj                 976     0         12     
       ull_div_t2.obj             500     0         0      
       fd_add_t2.obj              438     0         0      
       fd_div_t2.obj              310     0         0      
       strtoul.obj                276     0         0      
       fd_cmp_t2.obj              268     0         0      
       ctype.obj                  0       257       0      
       fd_mul_t2.obj              252     0         0      
       s_scalbn.obj               208     0         0      
       memcpy_t2.obj              156     0         0      
       vsnprintf.obj              136     0         0      
       memset_t2.obj              122     0         0      
       autoinit.obj               112     0         0      
       copy_decompress_lzss.obj   104     0         0      
       exit.obj                   84      0         12     
       s_frexp.obj                92      0         0      
       ltoa.obj                   84      0         0      
       atoi.obj                   76      0         0      
       cpy_tbl.obj                76      0         0      
       fd_toi_t2.obj              72      0         0      
       strtok.obj                 64      0         4      
       boot.obj                   64      0         0      
       i_tofd_t2.obj              46      0         0      
       strspn.obj                 42      0         0      
       memmov.obj                 36      0         0      
       strcspn.obj                36      0         0      
       _lock.obj                  20      0         8      
       memccpy.obj                28      0         0      
       args_main.obj              24      0         0      
       strchr.obj                 22      0         0      
       strcpy.obj                 20      0         0      
       strlen.obj                 20      0         0      
       copy_decompress_none.obj   14      0         0      
       copy_zero_init.obj         12      0         0      
       s_copysign.obj             8       0         0      
       errno.obj                  0       0         4      
       pre_init.obj               4       0         0      
       stkdepth_vars.obj          0       0         4      
       mpu_init.obj               2       0         0      
       startup.obj                2       0         0      
    +--+--------------------------+-------+---------+---------+
       Total:                     9192    257       44     
                                                           
       Heap:                      0       0         40000  
       Stack:                     0       0         40000  
       Linker Generated:          0       83        0      
    +--+--------------------------+-------+---------+---------+
       Grand Total:               37362   2656      86039  


LINKER GENERATED COPY TABLES

__TI_cinit_table @ 2000dc70 records: 2, size/record: 8, table size: 16
	.data: load addr=2000dc28, load size=0000002f bytes, run addr=20020c40, run size=00000098 bytes, compression=lzss
	.bss: load addr=2000dc68, load size=00000008 bytes, run addr=20021000, run size=00001704 bytes, compression=zero_init


LINKER GENERATED HANDLER TABLE

__TI_handler_table @ 2000dc58 records: 3, size/record: 4, table size: 12
	index: 0, handler: __TI_decompress_lzss
	index: 1, handler: __TI_decompress_none
	index: 2, handler: __TI_zero_init


GLOBAL SYMBOLS: SORTED ALPHABETICALLY BY Name 

address   name                                  
-------   ----                                  
20006a55  BufferDisplay                         
20006b6d  BufferStatusDisplay                   
2000c2c1  C$$EXIT                               
2000d487  CPUcpsie                              
20007be5  ClearTerm                             
20005a2f  ConfigureSimpleLinkToDefaultState     
20006c5b  DebugPinSet                           
20006b9b  DebugPulse                            
2000667b  DeinitDmaSpi                          
200086c7  DmaErrorIntHandler                    
2000cedd  DmaSpiSwIntHandler                    
200086b1  DmaSwIntHandler                       
20007bef  Error                                 
20006929  GPIOConfigureNIntEnable               
2000cbb5  GPIODirModeSet                        
2000d49b  GPIOIntClear                          
2000d215  GPIOIntEnable                         
2000d0b9  GPIOIntRegister                       
2000cf91  GPIOIntStatus                         
2000b731  GPIOIntTypeSet                        
2000d2e5  GPIOPinRead                           
2000cff7  GPIOPinWrite                          
20007c27  GetCmd                                
20006621  GpioIntHandler                        
20007ba5  InitTerm                              
20005525  InitializeNetAppVariables             
2000a9fd  IntDisable                            
2000aaa5  IntEnable                             
2000d5f1  IntMasterEnable                       
2000c115  IntPendClear                          
2000c1c5  IntPrioritySet                        
2000d019  IntRegister                           
2000cf01  IntUnregister                         
2000d4b1  IntVTableBaseSet                      
20005d0d  IpAddressParser                       
20006d05  LedSet                                
20007bc3  Message                               
2000d5a9  NwpMaskInterrupt                      
2000cb45  NwpPowerOff                           
2000cce5  NwpPowerOn                            
2000d039  NwpPrePowerOffTimout0                 
2000c9d9  NwpRegisterInterruptHandler           
2000d5b5  NwpUnMaskInterrupt                    
2000d98c  OpcodeTranslateTable                  
200090a1  PRCMCC3200MCUInit                     
2000d3ed  PRCMHIBRegRead                        
2000d403  PRCMHIBRegWrite                       
2000ce15  PRCMPeripheralClkDisable              
2000ca55  PRCMPeripheralClkEnable               
2000af91  PRCMPeripheralClockGet                
2000c16d  PRCMPeripheralReset                   
2000cbed  PRCMPeripheralStatusGet               
2000cd11  PRCMSysResetCauseGet                  
2000b491  PinConfigSet                          
2000c8d9  PinModeSet                            
2000683f  PinMuxConfig                          
2000cc55  PinTypeGPIO                           
2000d22f  PinTypeSPI                            
2000d249  PinTypeUART                           
20006669  ReinitializeDMA                       
20007d65  Report                                
2000d59b  ResetISR                              
200078c5  RingBuffer_availableData              
2000798b  RingBuffer_commitRead                 
20007a07  RingBuffer_commitWrite                
20007871  RingBuffer_create                     
200078ad  RingBuffer_destroy                    
20007919  RingBuffer_read                       
200079af  RingBuffer_write                      
20022700  RxIrqCnt                              
UNDEFED   SHT$$INIT_ARRAY$$Base                 
UNDEFED   SHT$$INIT_ARRAY$$Limit                
2000d2fd  SPICSDisable                          
2000d315  SPICSEnable                           
2000abf1  SPIConfigSetExpClk                    
2000d32d  SPIDisable                            
2000d263  SPIDmaDisable                         
2000d27d  SPIDmaEnable                          
2000d345  SPIEnable                             
2000d297  SPIFIFODisable                        
2000d2b1  SPIFIFOEnable                         
2000cc21  SPIFIFOLevelSet                       
2000c6ad  SPIIntClear                           
2000c3b9  SPIIntDisable                         
2000c405  SPIIntEnable                          
2000d0d7  SPIIntRegister                        
2000b935  SPIIntStatus                          
2000d2cb  SPIIntUnregister                      
2000cfb3  SPIReset                              
2000cfd5  SPIWordCountSet                       
20005731  SimpleLinkGeneralEventHandler         
20005721  SimpleLinkHttpServerCallback          
20005669  SimpleLinkNetAppEventHandler          
20005751  SimpleLinkSockEventHandler            
20005549  SimpleLinkWlanEventHandler            
20006d7b  SpiBlock                              
20006e6d  SpiDmaTransfer                        
20006d97  SpiNssRead                            
20006d89  SpiUnblock                            
200067f1  Spiconf                               
20005df5  TcpClientConnect                      
2000c7c9  TimerConfigure                        
2000d0f5  TimerEnable                           
2000d059  TimerGetCurrentTimestamp              
2000cd95  TimerLoadSet                          
2000cdbf  TimerPrescaleSet                      
2000d14f  TimerValueGet                         
20007ccd  TrimSpace                             
2000d16b  UARTCharGetNonBlocking                
2000d113  UARTCharPut                           
2000d35d  UARTCharsAvail                        
2000baa5  UARTConfigSetExpClk                   
2000cc85  UARTDisable                           
2000cf25  UARTEnable                            
2000873b  UDMAChannelSelect                     
2000880f  UDMADeInit                            
200086d3  UDMAInit                              
20008769  UDMASetupAutoMemTransfer              
2000879d  UDMASetupPingPongTransfer             
20008823  UDMASetupTransfer                     
200087f7  UDMAStartTransfer                     
20008803  UDMAStopTransfer                      
2000d603  UtilsDelay                            
2000bf75  WDT_IF_DeInit                         
2000bf35  WDT_IF_Init                           
2000d419  WatchdogEnable                        
2000d55f  WatchdogIntClear                      
2000d42f  WatchdogIntRegister                   
2000d529  WatchdogIntUnregister                 
2000d53b  WatchdogReloadSet                     
2000d375  WatchdogStallDisable                  
2000d38d  WatchdogUnlock                        
20005d8d  WlanConnect                           
2000d9c8  _SlActionLookupTable                  
2000ab4d  _SlDriverHandleError                  
2000c6f5  _SlDrvBasicCmd                        
2000a88d  _SlDrvCmdOp                           
2000bc01  _SlDrvCmdSend                         
20009389  _SlDrvDataWriteOp                     
2000ad2d  _SlDrvDeviceEventHandler              
2000d56f  _SlDrvDispatchHttpServerEvents        
200099d1  _SlDrvDriverCBDeinit                  
20008a35  _SlDrvDriverCBInit                    
2000ce3d  _SlDrvGlobalObjUnLock                 
2000b2ed  _SlDrvIsTimeoutExpired                
2000d445  _SlDrvMemZero                         
2000a2b9  _SlDrvMsgReadSpawnCtx                 
20009c15  _SlDrvNetAppEventHandler              
2000ceb5  _SlDrvObjLockWaitForever              
2000d079  _SlDrvObjUnLock                       
2000c49d  _SlDrvProtectAsyncRespSetting         
2000cd69  _SlDrvProtectionObjLockWaitForever    
2000ce65  _SlDrvProtectionObjUnLock             
200084e1  _SlDrvReleasePoolObj                  
2000d57f  _SlDrvResetCmdExt                     
2000c219  _SlDrvRxIrqHandler                    
2000d187  _SlDrvStartMeasureTimeout             
2000d099  _SlDrvSyncObjSignal                   
2000ce8d  _SlDrvSyncObjWaitForever              
2000c80d  _SlDrvSyncObjWaitTimeout              
20008d85  _SlDrvWaitForPoolObj                  
2000dbf2  _SlNetAppSendTokenValueCmdCtrl        
2000bb1d  _SlNonOsMainLoopTask                  
2000a94d  _SlNonOsSemGet                        
2000d3a5  _SlNonOsSemSet                        
2000bd41  _SlNonOsSpawn                         
20030000  __STACK_END                           
00009c40  __STACK_SIZE                          
00009c40  __SYSMEM_SIZE                         
2000dc70  __TI_CINIT_Base                       
2000dc80  __TI_CINIT_Limit                      
2000dc58  __TI_Handler_Table_Base               
2000dc64  __TI_Handler_Table_Limit              
2000bb91  __TI_auto_init                        
20020ca0  __TI_cleanup_ptr                      
2000bcd9  __TI_decompress_lzss                  
2000d58d  __TI_decompress_none                  
20020ca4  __TI_dtors_ptr                        
20020ca8  __TI_enable_exit_profile_output       
ffffffff  __TI_pprof_out_hndl                   
20004c39  __TI_printfi                          
ffffffff  __TI_prof_data_size                   
ffffffff  __TI_prof_data_start                  
2000dc28  __TI_static_base__                    
2000d5c1  __TI_zero_init                        
2000b5a1  __aeabi_cdcmpeq                       
2000b5a1  __aeabi_cdcmple                       
2000b627  __aeabi_cdrcmple                      
2000c73d  __aeabi_d2iz                          
20008887  __aeabi_dadd                          
20009765  __aeabi_ddiv                          
20009d19  __aeabi_dmul                          
2000887d  __aeabi_dsub                          
2000ccb5  __aeabi_i2d                           
2000b9b1  __aeabi_memclr                        
2000b9b1  __aeabi_memclr4                       
2000b9b1  __aeabi_memclr8                       
2000ac91  __aeabi_memcpy                        
2000ac91  __aeabi_memcpy4                       
2000ac91  __aeabi_memcpy8                       
2000b9b3  __aeabi_memset                        
2000b9b3  __aeabi_memset4                       
2000b9b3  __aeabi_memset8                       
200082ed  __aeabi_uldivmod                      
ffffffff  __binit__                             
ffffffff  __c_args__                            
20008a33  __mpu_init                            
200263c0  __stack                               
2000d3d5  _args_main                            
2000c959  _c_int00                              
2000d60c  _ctypes_                              
20020cc4  _lock                                 
2000d4d3  _nop                                  
2000d4cb  _register_lock                        
2000d4c5  _register_unlock                      
2000bda5  _sl_HandleAsync_Accept                
2000b7b5  _sl_HandleAsync_Connect               
2000b025  _sl_HandleAsync_DnsGetHostByName      
2000a631  _sl_HandleAsync_DnsGetHostByService   
2000b379  _sl_HandleAsync_InitComplete          
2000b0b5  _sl_HandleAsync_PingResponse          
2000c26d  _sl_HandleAsync_Select                
2000c369  _sl_HandleAsync_Stop                  
2000bc6d  _sl_NetAppSendTokenValue              
20017000  _sys_memory                           
2000989b  _system_post_cinit                    
2000d609  _system_pre_init                      
20020cc8  _unlock                               
2000c2c5  abort                                 
2000c535  atoi                                  
ffffffff  binit                                 
20007841  calloc                                
2000c581  copy_in                               
2000d5fb  copysign                              
2000d5fb  copysignl                             
20020ccc  errno                                 
2000c2cd  exit                                  
2000758b  free                                  
2000c0b9  frexp                                 
2000c0b9  frexpl                                
20020c90  g_SlDeviceStatus                      
20020cb8  g_SpiFd                               
20020c40  g__SlNonOsCB                          
20022701  g_bDeviceRestartIsRequired            
20020c9d  g_bFeedWatchdog                       
20022702  g_cDummy                              
20020c94  g_pCB                                 
20020cbc  g_pHostIntHdl                         
20004000  g_pfnVectors                          
20020cc0  g_ucDMAEnabled                        
20022668  g_ucDinDout                           
20022568  gfpAppCallbackHndl                    
20022000  gpCtlTbl                              
20022703  iDone                                 
200067b5  init                                  
2000a561  ldexp                                 
2000a561  ldexpl                                
2000c315  ltoa                                  
20005fc9  main                                  
20020cd0  main_func_sp                          
20007521  malloc                                
20007755  memalign                              
2000d1a3  memccpy                               
2000ac91  memcpy                                
2000cf49  memmove                               
2000b9b9  memset                                
200074a1  minit                                 
20005ec9  net_close_connection                  
20005eab  net_send_data                         
20020c98  pPingCallBackFunc                     
2000764d  realloc                               
2000a561  scalbn                                
2000a561  scalbnl                               
2000ca91  simplelink_timerA2_start              
2000bf99  sl_Close                              
20008f15  sl_Connect                            
2000a6fd  sl_DevGet                             
2000c895  sl_Htonl                              
2000cacd  sl_Htons                              
2000a3a1  sl_NetAppMDNSRegisterUnregisterService
2000be09  sl_NetAppMDNSUnRegisterService        
2000adc9  sl_NetCfgSet                          
2000989d  sl_Send                               
2000b405  sl_Socket                             
2000a0e5  sl_Start                              
20009e15  sl_Stop                               
20007e25  sl_WlanConnect                        
2000cb7d  sl_WlanDisconnect                     
2000b145  sl_WlanPolicySet                      
2000bff9  sl_WlanProfileDel                     
2000b6ad  sl_WlanRxFilterSet                    
2000ae61  sl_WlanSet                            
2000c059  sl_WlanSetMode                        
2000ba2d  spi_Close                             
200094d9  spi_Open                              
20009f05  spi_Read                              
2000aef9  spi_Write                             
2000d45b  strchr                                
2000d4d9  strcpy                                
2000cf6d  strcspn                               
2000d4ed  strlen                                
2000cde9  strspn                                
2000c999  strtok                                
20009b01  strtoul                               
2000c5cd  uDMAChannelAssign                     
2000be6d  uDMAChannelAttributeDisable           
2000bed1  uDMAChannelAttributeEnable            
2000cb09  uDMAChannelControlSet                 
2000d1c1  uDMAChannelDisable                    
2000d1dd  uDMAChannelEnable                     
2000c619  uDMAChannelModeGet                    
2000d1f9  uDMAChannelRequest                    
20009ff5  uDMAChannelTransferSet                
2000d501  uDMAControlBaseSet                    
2000d5cd  uDMADisable                           
2000d5d9  uDMAEnable                            
2000d515  uDMAIntClear                          
2000d471  uDMAIntRegister                       
2000d5e5  uDMAIntStatus                         
2000d54d  uDMAIntUnregister                     
2000b519  vsnprintf                             
20006ecf  watchDogAck                           


GLOBAL SYMBOLS: SORTED BY Symbol Address 

address   name                                  
-------   ----                                  
00009c40  __STACK_SIZE                          
00009c40  __SYSMEM_SIZE                         
20004000  g_pfnVectors                          
20004c39  __TI_printfi                          
20005525  InitializeNetAppVariables             
20005549  SimpleLinkWlanEventHandler            
20005669  SimpleLinkNetAppEventHandler          
20005721  SimpleLinkHttpServerCallback          
20005731  SimpleLinkGeneralEventHandler         
20005751  SimpleLinkSockEventHandler            
20005a2f  ConfigureSimpleLinkToDefaultState     
20005d0d  IpAddressParser                       
20005d8d  WlanConnect                           
20005df5  TcpClientConnect                      
20005eab  net_send_data                         
20005ec9  net_close_connection                  
20005fc9  main                                  
20006621  GpioIntHandler                        
20006669  ReinitializeDMA                       
2000667b  DeinitDmaSpi                          
200067b5  init                                  
200067f1  Spiconf                               
2000683f  PinMuxConfig                          
20006929  GPIOConfigureNIntEnable               
20006a55  BufferDisplay                         
20006b6d  BufferStatusDisplay                   
20006b9b  DebugPulse                            
20006c5b  DebugPinSet                           
20006d05  LedSet                                
20006d7b  SpiBlock                              
20006d89  SpiUnblock                            
20006d97  SpiNssRead                            
20006e6d  SpiDmaTransfer                        
20006ecf  watchDogAck                           
200074a1  minit                                 
20007521  malloc                                
2000758b  free                                  
2000764d  realloc                               
20007755  memalign                              
20007841  calloc                                
20007871  RingBuffer_create                     
200078ad  RingBuffer_destroy                    
200078c5  RingBuffer_availableData              
20007919  RingBuffer_read                       
2000798b  RingBuffer_commitRead                 
200079af  RingBuffer_write                      
20007a07  RingBuffer_commitWrite                
20007ba5  InitTerm                              
20007bc3  Message                               
20007be5  ClearTerm                             
20007bef  Error                                 
20007c27  GetCmd                                
20007ccd  TrimSpace                             
20007d65  Report                                
20007e25  sl_WlanConnect                        
200082ed  __aeabi_uldivmod                      
200084e1  _SlDrvReleasePoolObj                  
200086b1  DmaSwIntHandler                       
200086c7  DmaErrorIntHandler                    
200086d3  UDMAInit                              
2000873b  UDMAChannelSelect                     
20008769  UDMASetupAutoMemTransfer              
2000879d  UDMASetupPingPongTransfer             
200087f7  UDMAStartTransfer                     
20008803  UDMAStopTransfer                      
2000880f  UDMADeInit                            
20008823  UDMASetupTransfer                     
2000887d  __aeabi_dsub                          
20008887  __aeabi_dadd                          
20008a33  __mpu_init                            
20008a35  _SlDrvDriverCBInit                    
20008d85  _SlDrvWaitForPoolObj                  
20008f15  sl_Connect                            
200090a1  PRCMCC3200MCUInit                     
20009389  _SlDrvDataWriteOp                     
200094d9  spi_Open                              
20009765  __aeabi_ddiv                          
2000989b  _system_post_cinit                    
2000989d  sl_Send                               
200099d1  _SlDrvDriverCBDeinit                  
20009b01  strtoul                               
20009c15  _SlDrvNetAppEventHandler              
20009d19  __aeabi_dmul                          
20009e15  sl_Stop                               
20009f05  spi_Read                              
20009ff5  uDMAChannelTransferSet                
2000a0e5  sl_Start                              
2000a2b9  _SlDrvMsgReadSpawnCtx                 
2000a3a1  sl_NetAppMDNSRegisterUnregisterService
2000a561  ldexp                                 
2000a561  ldexpl                                
2000a561  scalbn                                
2000a561  scalbnl                               
2000a631  _sl_HandleAsync_DnsGetHostByService   
2000a6fd  sl_DevGet                             
2000a88d  _SlDrvCmdOp                           
2000a94d  _SlNonOsSemGet                        
2000a9fd  IntDisable                            
2000aaa5  IntEnable                             
2000ab4d  _SlDriverHandleError                  
2000abf1  SPIConfigSetExpClk                    
2000ac91  __aeabi_memcpy                        
2000ac91  __aeabi_memcpy4                       
2000ac91  __aeabi_memcpy8                       
2000ac91  memcpy                                
2000ad2d  _SlDrvDeviceEventHandler              
2000adc9  sl_NetCfgSet                          
2000ae61  sl_WlanSet                            
2000aef9  spi_Write                             
2000af91  PRCMPeripheralClockGet                
2000b025  _sl_HandleAsync_DnsGetHostByName      
2000b0b5  _sl_HandleAsync_PingResponse          
2000b145  sl_WlanPolicySet                      
2000b2ed  _SlDrvIsTimeoutExpired                
2000b379  _sl_HandleAsync_InitComplete          
2000b405  sl_Socket                             
2000b491  PinConfigSet                          
2000b519  vsnprintf                             
2000b5a1  __aeabi_cdcmpeq                       
2000b5a1  __aeabi_cdcmple                       
2000b627  __aeabi_cdrcmple                      
2000b6ad  sl_WlanRxFilterSet                    
2000b731  GPIOIntTypeSet                        
2000b7b5  _sl_HandleAsync_Connect               
2000b935  SPIIntStatus                          
2000b9b1  __aeabi_memclr                        
2000b9b1  __aeabi_memclr4                       
2000b9b1  __aeabi_memclr8                       
2000b9b3  __aeabi_memset                        
2000b9b3  __aeabi_memset4                       
2000b9b3  __aeabi_memset8                       
2000b9b9  memset                                
2000ba2d  spi_Close                             
2000baa5  UARTConfigSetExpClk                   
2000bb1d  _SlNonOsMainLoopTask                  
2000bb91  __TI_auto_init                        
2000bc01  _SlDrvCmdSend                         
2000bc6d  _sl_NetAppSendTokenValue              
2000bcd9  __TI_decompress_lzss                  
2000bd41  _SlNonOsSpawn                         
2000bda5  _sl_HandleAsync_Accept                
2000be09  sl_NetAppMDNSUnRegisterService        
2000be6d  uDMAChannelAttributeDisable           
2000bed1  uDMAChannelAttributeEnable            
2000bf35  WDT_IF_Init                           
2000bf75  WDT_IF_DeInit                         
2000bf99  sl_Close                              
2000bff9  sl_WlanProfileDel                     
2000c059  sl_WlanSetMode                        
2000c0b9  frexp                                 
2000c0b9  frexpl                                
2000c115  IntPendClear                          
2000c16d  PRCMPeripheralReset                   
2000c1c5  IntPrioritySet                        
2000c219  _SlDrvRxIrqHandler                    
2000c26d  _sl_HandleAsync_Select                
2000c2c1  C$$EXIT                               
2000c2c5  abort                                 
2000c2cd  exit                                  
2000c315  ltoa                                  
2000c369  _sl_HandleAsync_Stop                  
2000c3b9  SPIIntDisable                         
2000c405  SPIIntEnable                          
2000c49d  _SlDrvProtectAsyncRespSetting         
2000c535  atoi                                  
2000c581  copy_in                               
2000c5cd  uDMAChannelAssign                     
2000c619  uDMAChannelModeGet                    
2000c6ad  SPIIntClear                           
2000c6f5  _SlDrvBasicCmd                        
2000c73d  __aeabi_d2iz                          
2000c7c9  TimerConfigure                        
2000c80d  _SlDrvSyncObjWaitTimeout              
2000c895  sl_Htonl                              
2000c8d9  PinModeSet                            
2000c959  _c_int00                              
2000c999  strtok                                
2000c9d9  NwpRegisterInterruptHandler           
2000ca55  PRCMPeripheralClkEnable               
2000ca91  simplelink_timerA2_start              
2000cacd  sl_Htons                              
2000cb09  uDMAChannelControlSet                 
2000cb45  NwpPowerOff                           
2000cb7d  sl_WlanDisconnect                     
2000cbb5  GPIODirModeSet                        
2000cbed  PRCMPeripheralStatusGet               
2000cc21  SPIFIFOLevelSet                       
2000cc55  PinTypeGPIO                           
2000cc85  UARTDisable                           
2000ccb5  __aeabi_i2d                           
2000cce5  NwpPowerOn                            
2000cd11  PRCMSysResetCauseGet                  
2000cd69  _SlDrvProtectionObjLockWaitForever    
2000cd95  TimerLoadSet                          
2000cdbf  TimerPrescaleSet                      
2000cde9  strspn                                
2000ce15  PRCMPeripheralClkDisable              
2000ce3d  _SlDrvGlobalObjUnLock                 
2000ce65  _SlDrvProtectionObjUnLock             
2000ce8d  _SlDrvSyncObjWaitForever              
2000ceb5  _SlDrvObjLockWaitForever              
2000cedd  DmaSpiSwIntHandler                    
2000cf01  IntUnregister                         
2000cf25  UARTEnable                            
2000cf49  memmove                               
2000cf6d  strcspn                               
2000cf91  GPIOIntStatus                         
2000cfb3  SPIReset                              
2000cfd5  SPIWordCountSet                       
2000cff7  GPIOPinWrite                          
2000d019  IntRegister                           
2000d039  NwpPrePowerOffTimout0                 
2000d059  TimerGetCurrentTimestamp              
2000d079  _SlDrvObjUnLock                       
2000d099  _SlDrvSyncObjSignal                   
2000d0b9  GPIOIntRegister                       
2000d0d7  SPIIntRegister                        
2000d0f5  TimerEnable                           
2000d113  UARTCharPut                           
2000d14f  TimerValueGet                         
2000d16b  UARTCharGetNonBlocking                
2000d187  _SlDrvStartMeasureTimeout             
2000d1a3  memccpy                               
2000d1c1  uDMAChannelDisable                    
2000d1dd  uDMAChannelEnable                     
2000d1f9  uDMAChannelRequest                    
2000d215  GPIOIntEnable                         
2000d22f  PinTypeSPI                            
2000d249  PinTypeUART                           
2000d263  SPIDmaDisable                         
2000d27d  SPIDmaEnable                          
2000d297  SPIFIFODisable                        
2000d2b1  SPIFIFOEnable                         
2000d2cb  SPIIntUnregister                      
2000d2e5  GPIOPinRead                           
2000d2fd  SPICSDisable                          
2000d315  SPICSEnable                           
2000d32d  SPIDisable                            
2000d345  SPIEnable                             
2000d35d  UARTCharsAvail                        
2000d375  WatchdogStallDisable                  
2000d38d  WatchdogUnlock                        
2000d3a5  _SlNonOsSemSet                        
2000d3d5  _args_main                            
2000d3ed  PRCMHIBRegRead                        
2000d403  PRCMHIBRegWrite                       
2000d419  WatchdogEnable                        
2000d42f  WatchdogIntRegister                   
2000d445  _SlDrvMemZero                         
2000d45b  strchr                                
2000d471  uDMAIntRegister                       
2000d487  CPUcpsie                              
2000d49b  GPIOIntClear                          
2000d4b1  IntVTableBaseSet                      
2000d4c5  _register_unlock                      
2000d4cb  _register_lock                        
2000d4d3  _nop                                  
2000d4d9  strcpy                                
2000d4ed  strlen                                
2000d501  uDMAControlBaseSet                    
2000d515  uDMAIntClear                          
2000d529  WatchdogIntUnregister                 
2000d53b  WatchdogReloadSet                     
2000d54d  uDMAIntUnregister                     
2000d55f  WatchdogIntClear                      
2000d56f  _SlDrvDispatchHttpServerEvents        
2000d57f  _SlDrvResetCmdExt                     
2000d58d  __TI_decompress_none                  
2000d59b  ResetISR                              
2000d5a9  NwpMaskInterrupt                      
2000d5b5  NwpUnMaskInterrupt                    
2000d5c1  __TI_zero_init                        
2000d5cd  uDMADisable                           
2000d5d9  uDMAEnable                            
2000d5e5  uDMAIntStatus                         
2000d5f1  IntMasterEnable                       
2000d5fb  copysign                              
2000d5fb  copysignl                             
2000d603  UtilsDelay                            
2000d609  _system_pre_init                      
2000d60c  _ctypes_                              
2000d98c  OpcodeTranslateTable                  
2000d9c8  _SlActionLookupTable                  
2000dbf2  _SlNetAppSendTokenValueCmdCtrl        
2000dc28  __TI_static_base__                    
2000dc58  __TI_Handler_Table_Base               
2000dc64  __TI_Handler_Table_Limit              
2000dc70  __TI_CINIT_Base                       
2000dc80  __TI_CINIT_Limit                      
20017000  _sys_memory                           
20020c40  g__SlNonOsCB                          
20020c90  g_SlDeviceStatus                      
20020c94  g_pCB                                 
20020c98  pPingCallBackFunc                     
20020c9d  g_bFeedWatchdog                       
20020ca0  __TI_cleanup_ptr                      
20020ca4  __TI_dtors_ptr                        
20020ca8  __TI_enable_exit_profile_output       
20020cb8  g_SpiFd                               
20020cbc  g_pHostIntHdl                         
20020cc0  g_ucDMAEnabled                        
20020cc4  _lock                                 
20020cc8  _unlock                               
20020ccc  errno                                 
20020cd0  main_func_sp                          
20022000  gpCtlTbl                              
20022568  gfpAppCallbackHndl                    
20022668  g_ucDinDout                           
20022700  RxIrqCnt                              
20022701  g_bDeviceRestartIsRequired            
20022702  g_cDummy                              
20022703  iDone                                 
200263c0  __stack                               
20030000  __STACK_END                           
ffffffff  __TI_pprof_out_hndl                   
ffffffff  __TI_prof_data_size                   
ffffffff  __TI_prof_data_start                  
ffffffff  __binit__                             
ffffffff  __c_args__                            
ffffffff  binit                                 
UNDEFED   SHT$$INIT_ARRAY$$Base                 
UNDEFED   SHT$$INIT_ARRAY$$Limit                

[322 symbols]
