<?xml version="1.0"?>
<link_info>
   <banner>TI ARM Linker PC v16.9.2.LTS</banner>
   <copyright>Copyright (c) 1996-2017 Texas Instruments Incorporated</copyright>
   <link_time>0x58dccf68</link_time>
   <link_errors>0x0</link_errors>
   <output_file>tcp_socket.out</output_file>
   <entry_point>
      <name>_c_int00</name>
      <address>0x2000c57d</address>
   </entry_point>
   <input_file_list>
      <input_file id="fl-2">
         <path>.\</path>
         <kind>object</kind>
         <file>main.obj</file>
         <name>main.obj</name>
      </input_file>
      <input_file id="fl-3">
         <path>.\</path>
         <kind>object</kind>
         <file>network_common.obj</file>
         <name>network_common.obj</name>
      </input_file>
      <input_file id="fl-4">
         <path>.\</path>
         <kind>object</kind>
         <file>pinmux.obj</file>
         <name>pinmux.obj</name>
      </input_file>
      <input_file id="fl-5">
         <path>.\</path>
         <kind>object</kind>
         <file>startup_ccs.obj</file>
         <name>startup_ccs.obj</name>
      </input_file>
      <input_file id="fl-6">
         <path>.\</path>
         <kind>object</kind>
         <file>uart_if.obj</file>
         <name>uart_if.obj</name>
      </input_file>
      <input_file id="fl-7">
         <path>.\</path>
         <kind>object</kind>
         <file>udma_if.obj</file>
         <name>udma_if.obj</name>
      </input_file>
      <input_file id="fl-d">
         <kind>object</kind>
         <file>&lt;internal&gt;</file>
         <name>&lt;internal&gt;</name>
      </input_file>
      <input_file id="fl-c3">
         <path>C:\ti\ccsv7\tools\compiler\ti-cgt-arm_16.9.2.LTS\lib\</path>
         <kind>archive</kind>
         <file>rtsv7M4_T_le_eabi.lib</file>
         <name>boot.obj</name>
      </input_file>
      <input_file id="fl-c4">
         <path>C:\ti\ccsv7\tools\compiler\ti-cgt-arm_16.9.2.LTS\lib\</path>
         <kind>archive</kind>
         <file>rtsv7M4_T_le_eabi.lib</file>
         <name>copy_decompress_lzss.obj</name>
      </input_file>
      <input_file id="fl-c5">
         <path>C:\ti\ccsv7\tools\compiler\ti-cgt-arm_16.9.2.LTS\lib\</path>
         <kind>archive</kind>
         <file>rtsv7M4_T_le_eabi.lib</file>
         <name>copy_decompress_none.obj</name>
      </input_file>
      <input_file id="fl-c6">
         <path>C:\ti\ccsv7\tools\compiler\ti-cgt-arm_16.9.2.LTS\lib\</path>
         <kind>archive</kind>
         <file>rtsv7M4_T_le_eabi.lib</file>
         <name>copy_zero_init.obj</name>
      </input_file>
      <input_file id="fl-c7">
         <path>C:\ti\ccsv7\tools\compiler\ti-cgt-arm_16.9.2.LTS\lib\</path>
         <kind>archive</kind>
         <file>rtsv7M4_T_le_eabi.lib</file>
         <name>exit.obj</name>
      </input_file>
      <input_file id="fl-c8">
         <path>C:\ti\ccsv7\tools\compiler\ti-cgt-arm_16.9.2.LTS\lib\</path>
         <kind>archive</kind>
         <file>rtsv7M4_T_le_eabi.lib</file>
         <name>memcpy_t2.obj</name>
      </input_file>
      <input_file id="fl-c9">
         <path>C:\ti\ccsv7\tools\compiler\ti-cgt-arm_16.9.2.LTS\lib\</path>
         <kind>archive</kind>
         <file>rtsv7M4_T_le_eabi.lib</file>
         <name>memmov.obj</name>
      </input_file>
      <input_file id="fl-ca">
         <path>C:\ti\ccsv7\tools\compiler\ti-cgt-arm_16.9.2.LTS\lib\</path>
         <kind>archive</kind>
         <file>rtsv7M4_T_le_eabi.lib</file>
         <name>memory.obj</name>
      </input_file>
      <input_file id="fl-cb">
         <path>C:\ti\ccsv7\tools\compiler\ti-cgt-arm_16.9.2.LTS\lib\</path>
         <kind>archive</kind>
         <file>rtsv7M4_T_le_eabi.lib</file>
         <name>memset_t2.obj</name>
      </input_file>
      <input_file id="fl-cc">
         <path>C:\ti\ccsv7\tools\compiler\ti-cgt-arm_16.9.2.LTS\lib\</path>
         <kind>archive</kind>
         <file>rtsv7M4_T_le_eabi.lib</file>
         <name>mpu_init.obj</name>
      </input_file>
      <input_file id="fl-cd">
         <path>C:\ti\ccsv7\tools\compiler\ti-cgt-arm_16.9.2.LTS\lib\</path>
         <kind>archive</kind>
         <file>rtsv7M4_T_le_eabi.lib</file>
         <name>pre_init.obj</name>
      </input_file>
      <input_file id="fl-ce">
         <path>C:\ti\ccsv7\tools\compiler\ti-cgt-arm_16.9.2.LTS\lib\</path>
         <kind>archive</kind>
         <file>rtsv7M4_T_le_eabi.lib</file>
         <name>stkdepth_vars.obj</name>
      </input_file>
      <input_file id="fl-cf">
         <path>C:\ti\ccsv7\tools\compiler\ti-cgt-arm_16.9.2.LTS\lib\</path>
         <kind>archive</kind>
         <file>rtsv7M4_T_le_eabi.lib</file>
         <name>strlen.obj</name>
      </input_file>
      <input_file id="fl-d0">
         <path>C:\ti\ccsv7\tools\compiler\ti-cgt-arm_16.9.2.LTS\lib\</path>
         <kind>archive</kind>
         <file>rtsv7M4_T_le_eabi.lib</file>
         <name>strtok.obj</name>
      </input_file>
      <input_file id="fl-d1">
         <path>C:\ti\ccsv7\tools\compiler\ti-cgt-arm_16.9.2.LTS\lib\</path>
         <kind>archive</kind>
         <file>rtsv7M4_T_le_eabi.lib</file>
         <name>strtoul.obj</name>
      </input_file>
      <input_file id="fl-d2">
         <path>C:\ti\ccsv7\tools\compiler\ti-cgt-arm_16.9.2.LTS\lib\</path>
         <kind>archive</kind>
         <file>rtsv7M4_T_le_eabi.lib</file>
         <name>vsnprintf.obj</name>
      </input_file>
      <input_file id="fl-d3">
         <path>C:\ti\ccsv7\tools\compiler\ti-cgt-arm_16.9.2.LTS\lib\</path>
         <kind>archive</kind>
         <file>rtsv7M4_T_le_eabi.lib</file>
         <name>_lock.obj</name>
      </input_file>
      <input_file id="fl-d4">
         <path>C:\ti\ccsv7\tools\compiler\ti-cgt-arm_16.9.2.LTS\lib\</path>
         <kind>archive</kind>
         <file>rtsv7M4_T_le_eabi.lib</file>
         <name>_printfi.obj</name>
      </input_file>
      <input_file id="fl-d5">
         <path>C:\ti\ccsv7\tools\compiler\ti-cgt-arm_16.9.2.LTS\lib\</path>
         <kind>archive</kind>
         <file>rtsv7M4_T_le_eabi.lib</file>
         <name>args_main.obj</name>
      </input_file>
      <input_file id="fl-d6">
         <path>C:\ti\ccsv7\tools\compiler\ti-cgt-arm_16.9.2.LTS\lib\</path>
         <kind>archive</kind>
         <file>rtsv7M4_T_le_eabi.lib</file>
         <name>atoi.obj</name>
      </input_file>
      <input_file id="fl-d7">
         <path>C:\ti\ccsv7\tools\compiler\ti-cgt-arm_16.9.2.LTS\lib\</path>
         <kind>archive</kind>
         <file>rtsv7M4_T_le_eabi.lib</file>
         <name>autoinit.obj</name>
      </input_file>
      <input_file id="fl-d8">
         <path>C:\ti\ccsv7\tools\compiler\ti-cgt-arm_16.9.2.LTS\lib\</path>
         <kind>archive</kind>
         <file>rtsv7M4_T_le_eabi.lib</file>
         <name>cpy_tbl.obj</name>
      </input_file>
      <input_file id="fl-d9">
         <path>C:\ti\ccsv7\tools\compiler\ti-cgt-arm_16.9.2.LTS\lib\</path>
         <kind>archive</kind>
         <file>rtsv7M4_T_le_eabi.lib</file>
         <name>ctype.obj</name>
      </input_file>
      <input_file id="fl-da">
         <path>C:\ti\ccsv7\tools\compiler\ti-cgt-arm_16.9.2.LTS\lib\</path>
         <kind>archive</kind>
         <file>rtsv7M4_T_le_eabi.lib</file>
         <name>errno.obj</name>
      </input_file>
      <input_file id="fl-db">
         <path>C:\ti\ccsv7\tools\compiler\ti-cgt-arm_16.9.2.LTS\lib\</path>
         <kind>archive</kind>
         <file>rtsv7M4_T_le_eabi.lib</file>
         <name>fd_add_t2.obj</name>
      </input_file>
      <input_file id="fl-dc">
         <path>C:\ti\ccsv7\tools\compiler\ti-cgt-arm_16.9.2.LTS\lib\</path>
         <kind>archive</kind>
         <file>rtsv7M4_T_le_eabi.lib</file>
         <name>fd_cmp_t2.obj</name>
      </input_file>
      <input_file id="fl-dd">
         <path>C:\ti\ccsv7\tools\compiler\ti-cgt-arm_16.9.2.LTS\lib\</path>
         <kind>archive</kind>
         <file>rtsv7M4_T_le_eabi.lib</file>
         <name>fd_div_t2.obj</name>
      </input_file>
      <input_file id="fl-de">
         <path>C:\ti\ccsv7\tools\compiler\ti-cgt-arm_16.9.2.LTS\lib\</path>
         <kind>archive</kind>
         <file>rtsv7M4_T_le_eabi.lib</file>
         <name>fd_mul_t2.obj</name>
      </input_file>
      <input_file id="fl-df">
         <path>C:\ti\ccsv7\tools\compiler\ti-cgt-arm_16.9.2.LTS\lib\</path>
         <kind>archive</kind>
         <file>rtsv7M4_T_le_eabi.lib</file>
         <name>fd_toi_t2.obj</name>
      </input_file>
      <input_file id="fl-e0">
         <path>C:\ti\ccsv7\tools\compiler\ti-cgt-arm_16.9.2.LTS\lib\</path>
         <kind>archive</kind>
         <file>rtsv7M4_T_le_eabi.lib</file>
         <name>i_tofd_t2.obj</name>
      </input_file>
      <input_file id="fl-e1">
         <path>C:\ti\ccsv7\tools\compiler\ti-cgt-arm_16.9.2.LTS\lib\</path>
         <kind>archive</kind>
         <file>rtsv7M4_T_le_eabi.lib</file>
         <name>ltoa.obj</name>
      </input_file>
      <input_file id="fl-e2">
         <path>C:\ti\ccsv7\tools\compiler\ti-cgt-arm_16.9.2.LTS\lib\</path>
         <kind>archive</kind>
         <file>rtsv7M4_T_le_eabi.lib</file>
         <name>memccpy.obj</name>
      </input_file>
      <input_file id="fl-e3">
         <path>C:\ti\ccsv7\tools\compiler\ti-cgt-arm_16.9.2.LTS\lib\</path>
         <kind>archive</kind>
         <file>rtsv7M4_T_le_eabi.lib</file>
         <name>s_frexp.obj</name>
      </input_file>
      <input_file id="fl-e4">
         <path>C:\ti\ccsv7\tools\compiler\ti-cgt-arm_16.9.2.LTS\lib\</path>
         <kind>archive</kind>
         <file>rtsv7M4_T_le_eabi.lib</file>
         <name>s_scalbn.obj</name>
      </input_file>
      <input_file id="fl-e5">
         <path>C:\ti\ccsv7\tools\compiler\ti-cgt-arm_16.9.2.LTS\lib\</path>
         <kind>archive</kind>
         <file>rtsv7M4_T_le_eabi.lib</file>
         <name>startup.obj</name>
      </input_file>
      <input_file id="fl-e6">
         <path>C:\ti\ccsv7\tools\compiler\ti-cgt-arm_16.9.2.LTS\lib\</path>
         <kind>archive</kind>
         <file>rtsv7M4_T_le_eabi.lib</file>
         <name>strchr.obj</name>
      </input_file>
      <input_file id="fl-e7">
         <path>C:\ti\ccsv7\tools\compiler\ti-cgt-arm_16.9.2.LTS\lib\</path>
         <kind>archive</kind>
         <file>rtsv7M4_T_le_eabi.lib</file>
         <name>strcspn.obj</name>
      </input_file>
      <input_file id="fl-e8">
         <path>C:\ti\ccsv7\tools\compiler\ti-cgt-arm_16.9.2.LTS\lib\</path>
         <kind>archive</kind>
         <file>rtsv7M4_T_le_eabi.lib</file>
         <name>strspn.obj</name>
      </input_file>
      <input_file id="fl-e9">
         <path>C:\ti\ccsv7\tools\compiler\ti-cgt-arm_16.9.2.LTS\lib\</path>
         <kind>archive</kind>
         <file>rtsv7M4_T_le_eabi.lib</file>
         <name>ull_div_t2.obj</name>
      </input_file>
      <input_file id="fl-ea">
         <path>C:\ti\ccsv7\tools\compiler\ti-cgt-arm_16.9.2.LTS\lib\</path>
         <kind>archive</kind>
         <file>rtsv7M4_T_le_eabi.lib</file>
         <name>s_copysign.obj</name>
      </input_file>
      <input_file id="fl-eb">
         <path>C:\ti\cc3200_sdk\cc3200-sdk\simplelink\ccs\NON_OS\</path>
         <kind>archive</kind>
         <file>simplelink.a</file>
         <name>device.obj</name>
      </input_file>
      <input_file id="fl-ec">
         <path>C:\ti\cc3200_sdk\cc3200-sdk\simplelink\ccs\NON_OS\</path>
         <kind>archive</kind>
         <file>simplelink.a</file>
         <name>driver.obj</name>
      </input_file>
      <input_file id="fl-ed">
         <path>C:\ti\cc3200_sdk\cc3200-sdk\simplelink\ccs\NON_OS\</path>
         <kind>archive</kind>
         <file>simplelink.a</file>
         <name>netapp.obj</name>
      </input_file>
      <input_file id="fl-ee">
         <path>C:\ti\cc3200_sdk\cc3200-sdk\simplelink\ccs\NON_OS\</path>
         <kind>archive</kind>
         <file>simplelink.a</file>
         <name>netcfg.obj</name>
      </input_file>
      <input_file id="fl-ef">
         <path>C:\ti\cc3200_sdk\cc3200-sdk\simplelink\ccs\NON_OS\</path>
         <kind>archive</kind>
         <file>simplelink.a</file>
         <name>nonos.obj</name>
      </input_file>
      <input_file id="fl-f0">
         <path>C:\ti\cc3200_sdk\cc3200-sdk\simplelink\ccs\NON_OS\</path>
         <kind>archive</kind>
         <file>simplelink.a</file>
         <name>socket.obj</name>
      </input_file>
      <input_file id="fl-f1">
         <path>C:\ti\cc3200_sdk\cc3200-sdk\simplelink\ccs\NON_OS\</path>
         <kind>archive</kind>
         <file>simplelink.a</file>
         <name>wlan.obj</name>
      </input_file>
      <input_file id="fl-f2">
         <path>C:\ti\cc3200_sdk\cc3200-sdk\simplelink\ccs\NON_OS\</path>
         <kind>archive</kind>
         <file>simplelink.a</file>
         <name>cc_pal.obj</name>
      </input_file>
      <input_file id="fl-f3">
         <path>C:\ti\cc3200_sdk\cc3200-sdk\driverlib\ccs\Release\</path>
         <kind>archive</kind>
         <file>driverlib.a</file>
         <name>interrupt.obj</name>
      </input_file>
      <input_file id="fl-f4">
         <path>C:\ti\cc3200_sdk\cc3200-sdk\driverlib\ccs\Release\</path>
         <kind>archive</kind>
         <file>driverlib.a</file>
         <name>pin.obj</name>
      </input_file>
      <input_file id="fl-f5">
         <path>C:\ti\cc3200_sdk\cc3200-sdk\driverlib\ccs\Release\</path>
         <kind>archive</kind>
         <file>driverlib.a</file>
         <name>prcm.obj</name>
      </input_file>
      <input_file id="fl-f6">
         <path>C:\ti\cc3200_sdk\cc3200-sdk\driverlib\ccs\Release\</path>
         <kind>archive</kind>
         <file>driverlib.a</file>
         <name>spi.obj</name>
      </input_file>
      <input_file id="fl-f7">
         <path>C:\ti\cc3200_sdk\cc3200-sdk\driverlib\ccs\Release\</path>
         <kind>archive</kind>
         <file>driverlib.a</file>
         <name>timer.obj</name>
      </input_file>
      <input_file id="fl-f8">
         <path>C:\ti\cc3200_sdk\cc3200-sdk\driverlib\ccs\Release\</path>
         <kind>archive</kind>
         <file>driverlib.a</file>
         <name>uart.obj</name>
      </input_file>
      <input_file id="fl-f9">
         <path>C:\ti\cc3200_sdk\cc3200-sdk\driverlib\ccs\Release\</path>
         <kind>archive</kind>
         <file>driverlib.a</file>
         <name>udma.obj</name>
      </input_file>
      <input_file id="fl-fa">
         <path>C:\ti\cc3200_sdk\cc3200-sdk\driverlib\ccs\Release\</path>
         <kind>archive</kind>
         <file>driverlib.a</file>
         <name>utils.obj</name>
      </input_file>
      <input_file id="fl-fb">
         <path>C:\ti\cc3200_sdk\cc3200-sdk\driverlib\ccs\Release\</path>
         <kind>archive</kind>
         <file>driverlib.a</file>
         <name>cpu.obj</name>
      </input_file>
      <input_file id="fl-fc">
         <path>C:\ti\cc3200_sdk\cc3200-sdk\driverlib\ccs\Release\</path>
         <kind>archive</kind>
         <file>driverlib.a</file>
         <name>flash.obj</name>
      </input_file>
   </input_file_list>
   <object_component_list>
      <object_component id="oc-f">
         <name>.intvecs</name>
         <load_address>0x20004000</load_address>
         <run_address>0x20004000</run_address>
         <size>0x400</size>
         <input_file_ref idref="fl-5"/>
      </object_component>
      <object_component id="oc-a8">
         <name>.text</name>
         <load_address>0x20004400</load_address>
         <run_address>0x20004400</run_address>
         <size>0x158c</size>
         <input_file_ref idref="fl-2"/>
      </object_component>
      <object_component id="oc-428">
         <name>.text</name>
         <load_address>0x2000598c</load_address>
         <run_address>0x2000598c</run_address>
         <size>0x1122</size>
         <input_file_ref idref="fl-d4"/>
      </object_component>
      <object_component id="oc-67f">
         <name>.text:IntDefaultHandler</name>
         <load_address>0x20006aae</load_address>
         <run_address>0x20006aae</run_address>
         <size>0x2</size>
         <input_file_ref idref="fl-f3"/>
      </object_component>
      <object_component id="oc-691">
         <name>.text:_SlDrvMsgRead</name>
         <load_address>0x20006ab0</load_address>
         <run_address>0x20006ab0</run_address>
         <size>0x590</size>
         <input_file_ref idref="fl-ec"/>
      </object_component>
      <object_component id="oc-221">
         <name>.text</name>
         <load_address>0x20007040</load_address>
         <run_address>0x20007040</run_address>
         <size>0x3d0</size>
         <input_file_ref idref="fl-ca"/>
      </object_component>
      <object_component id="oc-d8">
         <name>.text</name>
         <load_address>0x20007410</load_address>
         <run_address>0x20007410</run_address>
         <size>0x280</size>
         <input_file_ref idref="fl-6"/>
      </object_component>
      <object_component id="oc-18b">
         <name>.text:sl_WlanConnect</name>
         <load_address>0x20007690</load_address>
         <run_address>0x20007690</run_address>
         <size>0x27c</size>
         <input_file_ref idref="fl-f1"/>
      </object_component>
      <object_component id="oc-70e">
         <name>.text:_SlDrvRxHdrRead</name>
         <load_address>0x2000790c</load_address>
         <run_address>0x2000790c</run_address>
         <size>0x24c</size>
         <input_file_ref idref="fl-ec"/>
      </object_component>
      <object_component id="oc-5e2">
         <name>.text</name>
         <load_address>0x20007b58</load_address>
         <run_address>0x20007b58</run_address>
         <size>0x1f4</size>
         <input_file_ref idref="fl-e9"/>
      </object_component>
      <object_component id="oc-35d">
         <name>.text:_SlDrvDataReadOp</name>
         <load_address>0x20007d4c</load_address>
         <run_address>0x20007d4c</run_address>
         <size>0x1e4</size>
         <input_file_ref idref="fl-ec"/>
      </object_component>
      <object_component id="oc-273">
         <name>.text:_SlDrvReleasePoolObj</name>
         <load_address>0x20007f30</load_address>
         <run_address>0x20007f30</run_address>
         <size>0x1d0</size>
         <input_file_ref idref="fl-ec"/>
      </object_component>
      <object_component id="oc-1ad">
         <name>.text</name>
         <load_address>0x20008100</load_address>
         <run_address>0x20008100</run_address>
         <size>0x1cc</size>
         <input_file_ref idref="fl-7"/>
      </object_component>
      <object_component id="oc-17d">
         <name>.text:sl_Accept</name>
         <load_address>0x200082cc</load_address>
         <run_address>0x200082cc</run_address>
         <size>0x1bc</size>
         <input_file_ref idref="fl-f0"/>
      </object_component>
      <object_component id="oc-60b">
         <name>.text</name>
         <load_address>0x20008488</load_address>
         <run_address>0x20008488</run_address>
         <size>0x1b6</size>
         <input_file_ref idref="fl-db"/>
      </object_component>
      <object_component id="oc-59">
         <name>.text</name>
         <load_address>0x2000863e</load_address>
         <run_address>0x2000863e</run_address>
         <size>0x2</size>
         <input_file_ref idref="fl-cc"/>
      </object_component>
      <object_component id="oc-249">
         <name>.text:_SlDrvDriverCBInit</name>
         <load_address>0x20008640</load_address>
         <run_address>0x20008640</run_address>
         <size>0x1b4</size>
         <input_file_ref idref="fl-ec"/>
      </object_component>
      <object_component id="oc-528">
         <name>.text:_SlDrvMsgWrite</name>
         <load_address>0x200087f4</load_address>
         <run_address>0x200087f4</run_address>
         <size>0x19c</size>
         <input_file_ref idref="fl-ec"/>
      </object_component>
      <object_component id="oc-4b4">
         <name>.text:_SlDrvWaitForPoolObj</name>
         <load_address>0x20008990</load_address>
         <run_address>0x20008990</run_address>
         <size>0x190</size>
         <input_file_ref idref="fl-ec"/>
      </object_component>
      <object_component id="oc-158">
         <name>.text:sl_Connect</name>
         <load_address>0x20008b20</load_address>
         <run_address>0x20008b20</run_address>
         <size>0x18c</size>
         <input_file_ref idref="fl-f0"/>
      </object_component>
      <object_component id="oc-1a4">
         <name>.text:PRCMCC3200MCUInit</name>
         <load_address>0x20008cac</load_address>
         <run_address>0x20008cac</run_address>
         <size>0x178</size>
         <input_file_ref idref="fl-f5"/>
      </object_component>
      <object_component id="oc-720">
         <name>.text:_SlFindAndSetActiveObj</name>
         <load_address>0x20008e24</load_address>
         <run_address>0x20008e24</run_address>
         <size>0x170</size>
         <input_file_ref idref="fl-ec"/>
      </object_component>
      <object_component id="oc-343">
         <name>.text:_SlDrvDataWriteOp</name>
         <load_address>0x20008f94</load_address>
         <run_address>0x20008f94</run_address>
         <size>0x150</size>
         <input_file_ref idref="fl-ec"/>
      </object_component>
      <object_component id="oc-24f">
         <name>.text:spi_Open</name>
         <load_address>0x200090e4</load_address>
         <run_address>0x200090e4</run_address>
         <size>0x148</size>
         <input_file_ref idref="fl-f2"/>
      </object_component>
      <object_component id="oc-52e">
         <name>.text:_SlDrvMsgReadCmdCtx</name>
         <load_address>0x2000922c</load_address>
         <run_address>0x2000922c</run_address>
         <size>0x144</size>
         <input_file_ref idref="fl-ec"/>
      </object_component>
      <object_component id="oc-5f1">
         <name>.text</name>
         <load_address>0x20009370</load_address>
         <run_address>0x20009370</run_address>
         <size>0x136</size>
         <input_file_ref idref="fl-dd"/>
      </object_component>
      <object_component id="oc-a0">
         <name>.text</name>
         <load_address>0x200094a6</load_address>
         <run_address>0x200094a6</run_address>
         <size>0x2</size>
         <input_file_ref idref="fl-e5"/>
      </object_component>
      <object_component id="oc-164">
         <name>.text:sl_Send</name>
         <load_address>0x200094a8</load_address>
         <run_address>0x200094a8</run_address>
         <size>0x134</size>
         <input_file_ref idref="fl-f0"/>
      </object_component>
      <object_component id="oc-2b8">
         <name>.text:_SlDrvDriverCBDeinit</name>
         <load_address>0x200095dc</load_address>
         <run_address>0x200095dc</run_address>
         <size>0x130</size>
         <input_file_ref idref="fl-ec"/>
      </object_component>
      <object_component id="oc-13a">
         <name>.text</name>
         <load_address>0x2000970c</load_address>
         <run_address>0x2000970c</run_address>
         <size>0x114</size>
         <input_file_ref idref="fl-d1"/>
      </object_component>
      <object_component id="oc-774">
         <name>.text:_SlDrvNetAppEventHandler</name>
         <load_address>0x20009820</load_address>
         <run_address>0x20009820</run_address>
         <size>0x104</size>
         <input_file_ref idref="fl-ed"/>
      </object_component>
      <object_component id="oc-5ec">
         <name>.text</name>
         <load_address>0x20009924</load_address>
         <run_address>0x20009924</run_address>
         <size>0xfc</size>
         <input_file_ref idref="fl-de"/>
      </object_component>
      <object_component id="oc-f7">
         <name>.text:sl_Stop</name>
         <load_address>0x20009a20</load_address>
         <run_address>0x20009a20</run_address>
         <size>0xf0</size>
         <input_file_ref idref="fl-eb"/>
      </object_component>
      <object_component id="oc-71a">
         <name>.text:spi_Read</name>
         <load_address>0x20009b10</load_address>
         <run_address>0x20009b10</run_address>
         <size>0xf0</size>
         <input_file_ref idref="fl-f2"/>
      </object_component>
      <object_component id="oc-3f8">
         <name>.text:uDMAChannelTransferSet</name>
         <load_address>0x20009c00</load_address>
         <run_address>0x20009c00</run_address>
         <size>0xf0</size>
         <input_file_ref idref="fl-f9"/>
      </object_component>
      <object_component id="oc-e5">
         <name>.text:sl_Start</name>
         <load_address>0x20009cf0</load_address>
         <run_address>0x20009cf0</run_address>
         <size>0xec</size>
         <input_file_ref idref="fl-eb"/>
      </object_component>
      <object_component id="oc-697">
         <name>.text:_SlAsyncEventGenericHandler</name>
         <load_address>0x20009ddc</load_address>
         <run_address>0x20009ddc</run_address>
         <size>0xe8</size>
         <input_file_ref idref="fl-ec"/>
      </object_component>
      <object_component id="oc-50f">
         <name>.text:_SlDrvMsgReadSpawnCtx</name>
         <load_address>0x20009ec4</load_address>
         <run_address>0x20009ec4</run_address>
         <size>0xe8</size>
         <input_file_ref idref="fl-ec"/>
      </object_component>
      <object_component id="oc-2f3">
         <name>.text:sl_NetAppMDNSRegisterUnregisterService</name>
         <load_address>0x20009fac</load_address>
         <run_address>0x20009fac</run_address>
         <size>0xe4</size>
         <input_file_ref idref="fl-ed"/>
      </object_component>
      <object_component id="oc-714">
         <name>.text:_SlDrvClassifyRxMsg</name>
         <load_address>0x2000a090</load_address>
         <run_address>0x2000a090</run_address>
         <size>0xdc</size>
         <input_file_ref idref="fl-ec"/>
      </object_component>
      <object_component id="oc-616">
         <name>.text</name>
         <load_address>0x2000a16c</load_address>
         <run_address>0x2000a16c</run_address>
         <size>0xd0</size>
         <input_file_ref idref="fl-e4"/>
      </object_component>
      <object_component id="oc-7d0">
         <name>.text:_sl_HandleAsync_DnsGetHostByService</name>
         <load_address>0x2000a23c</load_address>
         <run_address>0x2000a23c</run_address>
         <size>0xcc</size>
         <input_file_ref idref="fl-ed"/>
      </object_component>
      <object_component id="oc-fd">
         <name>.text:sl_DevGet</name>
         <load_address>0x2000a308</load_address>
         <run_address>0x2000a308</run_address>
         <size>0xcc</size>
         <input_file_ref idref="fl-eb"/>
      </object_component>
      <object_component id="oc-4ef">
         <name>.text:_SlRemoveFromList</name>
         <load_address>0x2000a3d4</load_address>
         <run_address>0x2000a3d4</run_address>
         <size>0xc4</size>
         <input_file_ref idref="fl-ec"/>
      </object_component>
      <object_component id="oc-29c">
         <name>.text:_SlDrvCmdOp</name>
         <load_address>0x2000a498</load_address>
         <run_address>0x2000a498</run_address>
         <size>0xc0</size>
         <input_file_ref idref="fl-ec"/>
      </object_component>
      <object_component id="oc-16b">
         <name>.text:sl_Bind</name>
         <load_address>0x2000a558</load_address>
         <run_address>0x2000a558</run_address>
         <size>0xb8</size>
         <input_file_ref idref="fl-f0"/>
      </object_component>
      <object_component id="oc-44e">
         <name>.text:_SlNonOsSemGet</name>
         <load_address>0x2000a610</load_address>
         <run_address>0x2000a610</run_address>
         <size>0xb0</size>
         <input_file_ref idref="fl-ef"/>
      </object_component>
      <object_component id="oc-4ce">
         <name>.text:IntDisable</name>
         <load_address>0x2000a6c0</load_address>
         <run_address>0x2000a6c0</run_address>
         <size>0xa8</size>
         <input_file_ref idref="fl-f3"/>
      </object_component>
      <object_component id="oc-19e">
         <name>.text:IntEnable</name>
         <load_address>0x2000a768</load_address>
         <run_address>0x2000a768</run_address>
         <size>0xa8</size>
         <input_file_ref idref="fl-f3"/>
      </object_component>
      <object_component id="oc-4e8">
         <name>.text:_SlDriverHandleError</name>
         <load_address>0x2000a810</load_address>
         <run_address>0x2000a810</run_address>
         <size>0xa4</size>
         <input_file_ref idref="fl-ec"/>
      </object_component>
      <object_component id="oc-46b">
         <name>.text:SPIConfigSetExpClk</name>
         <load_address>0x2000a8b4</load_address>
         <run_address>0x2000a8b4</run_address>
         <size>0xa0</size>
         <input_file_ref idref="fl-f6"/>
      </object_component>
      <object_component id="oc-184">
         <name>.text:sl_Recv</name>
         <load_address>0x2000a954</load_address>
         <run_address>0x2000a954</run_address>
         <size>0xa0</size>
         <input_file_ref idref="fl-f0"/>
      </object_component>
      <object_component id="oc-41">
         <name>.text</name>
         <load_address>0x2000a9f4</load_address>
         <run_address>0x2000a9f4</run_address>
         <size>0x9c</size>
         <input_file_ref idref="fl-c8"/>
      </object_component>
      <object_component id="oc-7c2">
         <name>.text:_SlDrvDeviceEventHandler</name>
         <load_address>0x2000aa90</load_address>
         <run_address>0x2000aa90</run_address>
         <size>0x9a</size>
         <input_file_ref idref="fl-eb"/>
      </object_component>
      <object_component id="oc-115">
         <name>.text:sl_NetCfgSet</name>
         <load_address>0x2000ab2c</load_address>
         <run_address>0x2000ab2c</run_address>
         <size>0x98</size>
         <input_file_ref idref="fl-ee"/>
      </object_component>
      <object_component id="oc-177">
         <name>.text:sl_SetSockOpt</name>
         <load_address>0x2000abc4</load_address>
         <run_address>0x2000abc4</run_address>
         <size>0x98</size>
         <input_file_ref idref="fl-f0"/>
      </object_component>
      <object_component id="oc-11b">
         <name>.text:sl_WlanSet</name>
         <load_address>0x2000ac5c</load_address>
         <run_address>0x2000ac5c</run_address>
         <size>0x98</size>
         <input_file_ref idref="fl-f1"/>
      </object_component>
      <object_component id="oc-6a0">
         <name>.text:spi_Write</name>
         <load_address>0x2000acf4</load_address>
         <run_address>0x2000acf4</run_address>
         <size>0x98</size>
         <input_file_ref idref="fl-f2"/>
      </object_component>
      <object_component id="oc-1f1">
         <name>.text:PRCMPeripheralClockGet</name>
         <load_address>0x2000ad8c</load_address>
         <run_address>0x2000ad8c</run_address>
         <size>0x94</size>
         <input_file_ref idref="fl-f5"/>
      </object_component>
      <object_component id="oc-7ca">
         <name>.text:_sl_HandleAsync_DnsGetHostByName</name>
         <load_address>0x2000ae20</load_address>
         <run_address>0x2000ae20</run_address>
         <size>0x90</size>
         <input_file_ref idref="fl-ed"/>
      </object_component>
      <object_component id="oc-77a">
         <name>.text:_sl_HandleAsync_PingResponse</name>
         <load_address>0x2000aeb0</load_address>
         <run_address>0x2000aeb0</run_address>
         <size>0x90</size>
         <input_file_ref idref="fl-ed"/>
      </object_component>
      <object_component id="oc-103">
         <name>.text:sl_WlanPolicySet</name>
         <load_address>0x2000af40</load_address>
         <run_address>0x2000af40</run_address>
         <size>0x90</size>
         <input_file_ref idref="fl-f1"/>
      </object_component>
      <object_component id="oc-781">
         <name>.text:SetupDMAReceive</name>
         <load_address>0x2000afd0</load_address>
         <run_address>0x2000afd0</run_address>
         <size>0x8c</size>
         <input_file_ref idref="fl-f2"/>
      </object_component>
      <object_component id="oc-72b">
         <name>.text:SetupDMASend</name>
         <load_address>0x2000b05c</load_address>
         <run_address>0x2000b05c</run_address>
         <size>0x8c</size>
         <input_file_ref idref="fl-f2"/>
      </object_component>
      <object_component id="oc-649">
         <name>.text:_SlDrvIsTimeoutExpired</name>
         <load_address>0x2000b0e8</load_address>
         <run_address>0x2000b0e8</run_address>
         <size>0x8c</size>
         <input_file_ref idref="fl-ec"/>
      </object_component>
      <object_component id="oc-80b">
         <name>.text:_sl_HandleAsync_InitComplete</name>
         <load_address>0x2000b174</load_address>
         <run_address>0x2000b174</run_address>
         <size>0x8c</size>
         <input_file_ref idref="fl-eb"/>
      </object_component>
      <object_component id="oc-152">
         <name>.text:sl_Socket</name>
         <load_address>0x2000b200</load_address>
         <run_address>0x2000b200</run_address>
         <size>0x8c</size>
         <input_file_ref idref="fl-f0"/>
      </object_component>
      <object_component id="oc-5d9">
         <name>.text:PinConfigSet</name>
         <load_address>0x2000b28c</load_address>
         <run_address>0x2000b28c</run_address>
         <size>0x88</size>
         <input_file_ref idref="fl-f4"/>
      </object_component>
      <object_component id="oc-203">
         <name>.text</name>
         <load_address>0x2000b314</load_address>
         <run_address>0x2000b314</run_address>
         <size>0x88</size>
         <input_file_ref idref="fl-d2"/>
      </object_component>
      <object_component id="oc-5e7">
         <name>.text:__aeabi_cdcmple</name>
         <load_address>0x2000b39c</load_address>
         <run_address>0x2000b39c</run_address>
         <size>0x86</size>
         <input_file_ref idref="fl-dc"/>
      </object_component>
      <object_component id="oc-5f6">
         <name>.text:__aeabi_cdrcmple</name>
         <load_address>0x2000b422</load_address>
         <run_address>0x2000b422</run_address>
         <size>0x86</size>
         <input_file_ref idref="fl-dc"/>
      </object_component>
      <object_component id="oc-12d">
         <name>.text:sl_WlanRxFilterSet</name>
         <load_address>0x2000b4a8</load_address>
         <run_address>0x2000b4a8</run_address>
         <size>0x84</size>
         <input_file_ref idref="fl-f1"/>
      </object_component>
      <object_component id="oc-7f2">
         <name>.text:_sl_HandleAsync_Connect</name>
         <load_address>0x2000b52c</load_address>
         <run_address>0x2000b52c</run_address>
         <size>0x80</size>
         <input_file_ref idref="fl-f0"/>
      </object_component>
      <object_component id="oc-787">
         <name>.text:spi_Read_CPU</name>
         <load_address>0x2000b5ac</load_address>
         <run_address>0x2000b5ac</run_address>
         <size>0x80</size>
         <input_file_ref idref="fl-f2"/>
      </object_component>
      <object_component id="oc-73d">
         <name>.text:spi_Write_CPU</name>
         <load_address>0x2000b62c</load_address>
         <run_address>0x2000b62c</run_address>
         <size>0x80</size>
         <input_file_ref idref="fl-f2"/>
      </object_component>
      <object_component id="oc-4d">
         <name>.text</name>
         <load_address>0x2000b6ac</load_address>
         <run_address>0x2000b6ac</run_address>
         <size>0x7a</size>
         <input_file_ref idref="fl-cb"/>
      </object_component>
      <object_component id="oc-2b2">
         <name>.text:spi_Close</name>
         <load_address>0x2000b728</load_address>
         <run_address>0x2000b728</run_address>
         <size>0x78</size>
         <input_file_ref idref="fl-f2"/>
      </object_component>
      <object_component id="oc-1f7">
         <name>.text:UARTConfigSetExpClk</name>
         <load_address>0x2000b7a0</load_address>
         <run_address>0x2000b7a0</run_address>
         <size>0x76</size>
         <input_file_ref idref="fl-f8"/>
      </object_component>
      <object_component id="oc-eb">
         <name>.text:_SlNonOsMainLoopTask</name>
         <load_address>0x2000b818</load_address>
         <run_address>0x2000b818</run_address>
         <size>0x74</size>
         <input_file_ref idref="fl-ef"/>
      </object_component>
      <object_component id="oc-65">
         <name>.text</name>
         <load_address>0x2000b88c</load_address>
         <run_address>0x2000b88c</run_address>
         <size>0x70</size>
         <input_file_ref idref="fl-d7"/>
      </object_component>
      <object_component id="oc-815">
         <name>.text:_SlDrvCmdSend</name>
         <load_address>0x2000b8fc</load_address>
         <run_address>0x2000b8fc</run_address>
         <size>0x6c</size>
         <input_file_ref idref="fl-ec"/>
      </object_component>
      <object_component id="oc-7dc">
         <name>.text:_sl_NetAppSendTokenValue</name>
         <load_address>0x2000b968</load_address>
         <run_address>0x2000b968</run_address>
         <size>0x6c</size>
         <input_file_ref idref="fl-ed"/>
      </object_component>
      <object_component id="oc-171">
         <name>.text:sl_Listen</name>
         <load_address>0x2000b9d4</load_address>
         <run_address>0x2000b9d4</run_address>
         <size>0x6c</size>
         <input_file_ref idref="fl-f0"/>
      </object_component>
      <object_component id="oc-12">
         <name>.text:decompress:lzss</name>
         <load_address>0x2000ba40</load_address>
         <run_address>0x2000ba40</run_address>
         <size>0x68</size>
         <input_file_ref idref="fl-c4"/>
      </object_component>
      <object_component id="oc-509">
         <name>.text:_SlNonOsSpawn</name>
         <load_address>0x2000baa8</load_address>
         <run_address>0x2000baa8</run_address>
         <size>0x64</size>
         <input_file_ref idref="fl-ef"/>
      </object_component>
      <object_component id="oc-7ec">
         <name>.text:_sl_HandleAsync_Accept</name>
         <load_address>0x2000bb0c</load_address>
         <run_address>0x2000bb0c</run_address>
         <size>0x64</size>
         <input_file_ref idref="fl-f0"/>
      </object_component>
      <object_component id="oc-121">
         <name>.text:sl_NetAppMDNSUnRegisterService</name>
         <load_address>0x2000bb70</load_address>
         <run_address>0x2000bb70</run_address>
         <size>0x64</size>
         <input_file_ref idref="fl-ed"/>
      </object_component>
      <object_component id="oc-3ce">
         <name>.text:uDMAChannelAttributeDisable</name>
         <load_address>0x2000bbd4</load_address>
         <run_address>0x2000bbd4</run_address>
         <size>0x64</size>
         <input_file_ref idref="fl-f9"/>
      </object_component>
      <object_component id="oc-3f2">
         <name>.text:uDMAChannelAttributeEnable</name>
         <load_address>0x2000bc38</load_address>
         <run_address>0x2000bc38</run_address>
         <size>0x64</size>
         <input_file_ref idref="fl-f9"/>
      </object_component>
      <object_component id="oc-15e">
         <name>.text:sl_Close</name>
         <load_address>0x2000bc9c</load_address>
         <run_address>0x2000bc9c</run_address>
         <size>0x60</size>
         <input_file_ref idref="fl-f0"/>
      </object_component>
      <object_component id="oc-109">
         <name>.text:sl_WlanProfileDel</name>
         <load_address>0x2000bcfc</load_address>
         <run_address>0x2000bcfc</run_address>
         <size>0x60</size>
         <input_file_ref idref="fl-f1"/>
      </object_component>
      <object_component id="oc-f1">
         <name>.text:sl_WlanSetMode</name>
         <load_address>0x2000bd5c</load_address>
         <run_address>0x2000bd5c</run_address>
         <size>0x60</size>
         <input_file_ref idref="fl-f1"/>
      </object_component>
      <object_component id="oc-610">
         <name>.text</name>
         <load_address>0x2000bdbc</load_address>
         <run_address>0x2000bdbc</run_address>
         <size>0x5c</size>
         <input_file_ref idref="fl-e3"/>
      </object_component>
      <object_component id="oc-4da">
         <name>.text:IntPendClear</name>
         <load_address>0x2000be18</load_address>
         <run_address>0x2000be18</run_address>
         <size>0x58</size>
         <input_file_ref idref="fl-f3"/>
      </object_component>
      <object_component id="oc-395">
         <name>.text:PRCMPeripheralReset</name>
         <load_address>0x2000be70</load_address>
         <run_address>0x2000be70</run_address>
         <size>0x58</size>
         <input_file_ref idref="fl-f5"/>
      </object_component>
      <object_component id="oc-3b0">
         <name>.text:IntPrioritySet</name>
         <load_address>0x2000bec8</load_address>
         <run_address>0x2000bec8</run_address>
         <size>0x54</size>
         <input_file_ref idref="fl-f3"/>
      </object_component>
      <object_component id="oc-285">
         <name>.text:_SlDrvRxIrqHandler</name>
         <load_address>0x2000bf1c</load_address>
         <run_address>0x2000bf1c</run_address>
         <size>0x54</size>
         <input_file_ref idref="fl-ec"/>
      </object_component>
      <object_component id="oc-7f8">
         <name>.text:_sl_HandleAsync_Select</name>
         <load_address>0x2000bf70</load_address>
         <run_address>0x2000bf70</run_address>
         <size>0x54</size>
         <input_file_ref idref="fl-f0"/>
      </object_component>
      <object_component id="oc-71">
         <name>.text</name>
         <load_address>0x2000bfc4</load_address>
         <run_address>0x2000bfc4</run_address>
         <size>0x54</size>
         <input_file_ref idref="fl-c7"/>
      </object_component>
      <object_component id="oc-600">
         <name>.text</name>
         <load_address>0x2000c018</load_address>
         <run_address>0x2000c018</run_address>
         <size>0x54</size>
         <input_file_ref idref="fl-e1"/>
      </object_component>
      <object_component id="oc-7fe">
         <name>.text:_sl_HandleAsync_Stop</name>
         <load_address>0x2000c06c</load_address>
         <run_address>0x2000c06c</run_address>
         <size>0x50</size>
         <input_file_ref idref="fl-eb"/>
      </object_component>
      <object_component id="oc-495">
         <name>.text:SPIIntEnable</name>
         <load_address>0x2000c0bc</load_address>
         <run_address>0x2000c0bc</run_address>
         <size>0x4c</size>
         <input_file_ref idref="fl-f6"/>
      </object_component>
      <object_component id="oc-6ab">
         <name>.text:SPIIntNumberGet</name>
         <load_address>0x2000c108</load_address>
         <run_address>0x2000c108</run_address>
         <size>0x4c</size>
         <input_file_ref idref="fl-f6"/>
      </object_component>
      <object_component id="oc-255">
         <name>.text:_SlDrvProtectAsyncRespSetting</name>
         <load_address>0x2000c154</load_address>
         <run_address>0x2000c154</run_address>
         <size>0x4c</size>
         <input_file_ref idref="fl-ec"/>
      </object_component>
      <object_component id="oc-329">
         <name>.text:_sl_BuildAddress</name>
         <load_address>0x2000c1a0</load_address>
         <run_address>0x2000c1a0</run_address>
         <size>0x4c</size>
         <input_file_ref idref="fl-f0"/>
      </object_component>
      <object_component id="oc-622">
         <name>.text</name>
         <load_address>0x2000c1ec</load_address>
         <run_address>0x2000c1ec</run_address>
         <size>0x4c</size>
         <input_file_ref idref="fl-d6"/>
      </object_component>
      <object_component id="oc-9a">
         <name>.text</name>
         <load_address>0x2000c238</load_address>
         <run_address>0x2000c238</run_address>
         <size>0x4c</size>
         <input_file_ref idref="fl-d8"/>
      </object_component>
      <object_component id="oc-3c8">
         <name>.text:uDMAChannelAssign</name>
         <load_address>0x2000c284</load_address>
         <run_address>0x2000c284</run_address>
         <size>0x4c</size>
         <input_file_ref idref="fl-f9"/>
      </object_component>
      <object_component id="oc-670">
         <name>.text:SPIIntClear</name>
         <load_address>0x2000c2d0</load_address>
         <run_address>0x2000c2d0</run_address>
         <size>0x48</size>
         <input_file_ref idref="fl-f6"/>
      </object_component>
      <object_component id="oc-2de">
         <name>.text:_SlDrvBasicCmd</name>
         <load_address>0x2000c318</load_address>
         <run_address>0x2000c318</run_address>
         <size>0x48</size>
         <input_file_ref idref="fl-ec"/>
      </object_component>
      <object_component id="oc-5fb">
         <name>.text</name>
         <load_address>0x2000c360</load_address>
         <run_address>0x2000c360</run_address>
         <size>0x48</size>
         <input_file_ref idref="fl-df"/>
      </object_component>
      <object_component id="oc-65f">
         <name>.text:SPIDmaMaskGet</name>
         <load_address>0x2000c3a8</load_address>
         <run_address>0x2000c3a8</run_address>
         <size>0x44</size>
         <input_file_ref idref="fl-f6"/>
      </object_component>
      <object_component id="oc-7a2">
         <name>.text:TimerConfigure</name>
         <load_address>0x2000c3ec</load_address>
         <run_address>0x2000c3ec</run_address>
         <size>0x44</size>
         <input_file_ref idref="fl-f7"/>
      </object_component>
      <object_component id="oc-26d">
         <name>.text:_SlDrvSyncObjWaitTimeout</name>
         <load_address>0x2000c430</load_address>
         <run_address>0x2000c430</run_address>
         <size>0x44</size>
         <input_file_ref idref="fl-ec"/>
      </object_component>
      <object_component id="oc-794">
         <name>.text:cc_SetupTransfer</name>
         <load_address>0x2000c474</load_address>
         <run_address>0x2000c474</run_address>
         <size>0x44</size>
         <input_file_ref idref="fl-f2"/>
      </object_component>
      <object_component id="oc-14c">
         <name>.text:sl_Htonl</name>
         <load_address>0x2000c4b8</load_address>
         <run_address>0x2000c4b8</run_address>
         <size>0x42</size>
         <input_file_ref idref="fl-f0"/>
      </object_component>
      <object_component id="oc-5d3">
         <name>.text:PinModeSet</name>
         <load_address>0x2000c4fc</load_address>
         <run_address>0x2000c4fc</run_address>
         <size>0x40</size>
         <input_file_ref idref="fl-f4"/>
      </object_component>
      <object_component id="oc-33d">
         <name>.text:_sl_TruncatePayloadByProtocol</name>
         <load_address>0x2000c53c</load_address>
         <run_address>0x2000c53c</run_address>
         <size>0x40</size>
         <input_file_ref idref="fl-f0"/>
      </object_component>
      <object_component id="oc-24">
         <name>.text</name>
         <load_address>0x2000c57c</load_address>
         <run_address>0x2000c57c</run_address>
         <size>0x40</size>
         <input_file_ref idref="fl-c3"/>
      </object_component>
      <object_component id="oc-134">
         <name>.text</name>
         <load_address>0x2000c5bc</load_address>
         <run_address>0x2000c5bc</run_address>
         <size>0x40</size>
         <input_file_ref idref="fl-d0"/>
      </object_component>
      <object_component id="oc-261">
         <name>.text:NwpRegisterInterruptHandler</name>
         <load_address>0x2000c5fc</load_address>
         <run_address>0x2000c5fc</run_address>
         <size>0x3e</size>
         <input_file_ref idref="fl-f2"/>
      </object_component>
      <object_component id="oc-7e3">
         <name>.text:CopyPingResultsToReport</name>
         <load_address>0x2000c63a</load_address>
         <run_address>0x2000c63a</run_address>
         <size>0x3c</size>
         <input_file_ref idref="fl-ed"/>
      </object_component>
      <object_component id="oc-38f">
         <name>.text:PRCMPeripheralClkEnable</name>
         <load_address>0x2000c678</load_address>
         <run_address>0x2000c678</run_address>
         <size>0x3c</size>
         <input_file_ref idref="fl-f5"/>
      </object_component>
      <object_component id="oc-75a">
         <name>.text:simplelink_timerA2_start</name>
         <load_address>0x2000c6b4</load_address>
         <run_address>0x2000c6b4</run_address>
         <size>0x3c</size>
         <input_file_ref idref="fl-f2"/>
      </object_component>
      <object_component id="oc-146">
         <name>.text:sl_Htons</name>
         <load_address>0x2000c6f0</load_address>
         <run_address>0x2000c6f0</run_address>
         <size>0x3c</size>
         <input_file_ref idref="fl-f0"/>
      </object_component>
      <object_component id="oc-3ec">
         <name>.text:uDMAChannelControlSet</name>
         <load_address>0x2000c72c</load_address>
         <run_address>0x2000c72c</run_address>
         <size>0x3c</size>
         <input_file_ref idref="fl-f9"/>
      </object_component>
      <object_component id="oc-25b">
         <name>.text:NwpPowerOff</name>
         <load_address>0x2000c768</load_address>
         <run_address>0x2000c768</run_address>
         <size>0x38</size>
         <input_file_ref idref="fl-f2"/>
      </object_component>
      <object_component id="oc-10f">
         <name>.text:sl_WlanDisconnect</name>
         <load_address>0x2000c7a0</load_address>
         <run_address>0x2000c7a0</run_address>
         <size>0x38</size>
         <input_file_ref idref="fl-f1"/>
      </object_component>
      <object_component id="oc-471">
         <name>.text:PRCMPeripheralStatusGet</name>
         <load_address>0x2000c7d8</load_address>
         <run_address>0x2000c7d8</run_address>
         <size>0x34</size>
         <input_file_ref idref="fl-f5"/>
      </object_component>
      <object_component id="oc-489">
         <name>.text:SPIFIFOLevelSet</name>
         <load_address>0x2000c80c</load_address>
         <run_address>0x2000c80c</run_address>
         <size>0x34</size>
         <input_file_ref idref="fl-f6"/>
      </object_component>
      <object_component id="oc-41a">
         <name>.text:UARTDisable</name>
         <load_address>0x2000c840</load_address>
         <run_address>0x2000c840</run_address>
         <size>0x30</size>
         <input_file_ref idref="fl-f8"/>
      </object_component>
      <object_component id="oc-606">
         <name>.text</name>
         <load_address>0x2000c870</load_address>
         <run_address>0x2000c870</run_address>
         <size>0x2e</size>
         <input_file_ref idref="fl-e0"/>
      </object_component>
      <object_component id="oc-267">
         <name>.text:NwpPowerOn</name>
         <load_address>0x2000c8a0</load_address>
         <run_address>0x2000c8a0</run_address>
         <size>0x2c</size>
         <input_file_ref idref="fl-f2"/>
      </object_component>
      <object_component id="oc-37d">
         <name>.text:PRCMSysResetCauseGet</name>
         <load_address>0x2000c8cc</load_address>
         <run_address>0x2000c8cc</run_address>
         <size>0x2c</size>
         <input_file_ref idref="fl-f5"/>
      </object_component>
      <object_component id="oc-51c">
         <name>.text:_SlDrvObjGlobalLockWaitForever</name>
         <load_address>0x2000c8f8</load_address>
         <run_address>0x2000c8f8</run_address>
         <size>0x2c</size>
         <input_file_ref idref="fl-ec"/>
      </object_component>
      <object_component id="oc-4ba">
         <name>.text:_SlDrvProtectionObjLockWaitForever</name>
         <load_address>0x2000c924</load_address>
         <run_address>0x2000c924</run_address>
         <size>0x2c</size>
         <input_file_ref idref="fl-ec"/>
      </object_component>
      <object_component id="oc-7ae">
         <name>.text:TimerLoadSet</name>
         <load_address>0x2000c950</load_address>
         <run_address>0x2000c950</run_address>
         <size>0x2a</size>
         <input_file_ref idref="fl-f7"/>
      </object_component>
      <object_component id="oc-7a8">
         <name>.text:TimerPrescaleSet</name>
         <load_address>0x2000c97a</load_address>
         <run_address>0x2000c97a</run_address>
         <size>0x2a</size>
         <input_file_ref idref="fl-f7"/>
      </object_component>
      <object_component id="oc-303">
         <name>.text</name>
         <load_address>0x2000c9a4</load_address>
         <run_address>0x2000c9a4</run_address>
         <size>0x2a</size>
         <input_file_ref idref="fl-e8"/>
      </object_component>
      <object_component id="oc-39b">
         <name>.text:PRCMPeripheralClkDisable</name>
         <load_address>0x2000c9d0</load_address>
         <run_address>0x2000c9d0</run_address>
         <size>0x28</size>
         <input_file_ref idref="fl-f5"/>
      </object_component>
      <object_component id="oc-522">
         <name>.text:_SlDrvGlobalObjUnLock</name>
         <load_address>0x2000c9f8</load_address>
         <run_address>0x2000c9f8</run_address>
         <size>0x28</size>
         <input_file_ref idref="fl-ec"/>
      </object_component>
      <object_component id="oc-4c0">
         <name>.text:_SlDrvProtectionObjUnLock</name>
         <load_address>0x2000ca20</load_address>
         <run_address>0x2000ca20</run_address>
         <size>0x28</size>
         <input_file_ref idref="fl-ec"/>
      </object_component>
      <object_component id="oc-32f">
         <name>.text:_SlDrvSyncObjWaitForever</name>
         <load_address>0x2000ca48</load_address>
         <run_address>0x2000ca48</run_address>
         <size>0x28</size>
         <input_file_ref idref="fl-ec"/>
      </object_component>
      <object_component id="oc-588">
         <name>.text:_SlDrvObjLockWaitForever</name>
         <load_address>0x2000ca70</load_address>
         <run_address>0x2000ca70</run_address>
         <size>0x26</size>
         <input_file_ref idref="fl-ec"/>
      </object_component>
      <object_component id="oc-4a7">
         <name>.text:DmaSpiSwIntHandler</name>
         <load_address>0x2000ca98</load_address>
         <run_address>0x2000ca98</run_address>
         <size>0x24</size>
         <input_file_ref idref="fl-f2"/>
      </object_component>
      <object_component id="oc-4d4">
         <name>.text:IntUnregister</name>
         <load_address>0x2000cabc</load_address>
         <run_address>0x2000cabc</run_address>
         <size>0x24</size>
         <input_file_ref idref="fl-f3"/>
      </object_component>
      <object_component id="oc-420">
         <name>.text:UARTEnable</name>
         <load_address>0x2000cae0</load_address>
         <run_address>0x2000cae0</run_address>
         <size>0x24</size>
         <input_file_ref idref="fl-f8"/>
      </object_component>
      <object_component id="oc-21b">
         <name>.text</name>
         <load_address>0x2000cb04</load_address>
         <run_address>0x2000cb04</run_address>
         <size>0x24</size>
         <input_file_ref idref="fl-c9"/>
      </object_component>
      <object_component id="oc-309">
         <name>.text</name>
         <load_address>0x2000cb28</load_address>
         <run_address>0x2000cb28</run_address>
         <size>0x24</size>
         <input_file_ref idref="fl-e7"/>
      </object_component>
      <object_component id="oc-465">
         <name>.text:SPIReset</name>
         <load_address>0x2000cb4c</load_address>
         <run_address>0x2000cb4c</run_address>
         <size>0x22</size>
         <input_file_ref idref="fl-f6"/>
      </object_component>
      <object_component id="oc-737">
         <name>.text:SPIWordCountSet</name>
         <load_address>0x2000cb6e</load_address>
         <run_address>0x2000cb6e</run_address>
         <size>0x22</size>
         <input_file_ref idref="fl-f6"/>
      </object_component>
      <object_component id="oc-48f">
         <name>.text:IntRegister</name>
         <load_address>0x2000cb90</load_address>
         <run_address>0x2000cb90</run_address>
         <size>0x20</size>
         <input_file_ref idref="fl-f3"/>
      </object_component>
      <object_component id="oc-2ac">
         <name>.text:NwpPrePowerOffTimout0</name>
         <load_address>0x2000cbb0</load_address>
         <run_address>0x2000cbb0</run_address>
         <size>0x20</size>
         <input_file_ref idref="fl-f2"/>
      </object_component>
      <object_component id="oc-6fa">
         <name>.text:TimerGetCurrentTimestamp</name>
         <load_address>0x2000cbd0</load_address>
         <run_address>0x2000cbd0</run_address>
         <size>0x20</size>
         <input_file_ref idref="fl-f2"/>
      </object_component>
      <object_component id="oc-58e">
         <name>.text:_SlDrvObjUnLock</name>
         <load_address>0x2000cbf0</load_address>
         <run_address>0x2000cbf0</run_address>
         <size>0x20</size>
         <input_file_ref idref="fl-ec"/>
      </object_component>
      <object_component id="oc-4f5">
         <name>.text:_SlDrvSyncObjSignal</name>
         <load_address>0x2000cc10</load_address>
         <run_address>0x2000cc10</run_address>
         <size>0x20</size>
         <input_file_ref idref="fl-ec"/>
      </object_component>
      <object_component id="oc-7b4">
         <name>.text:TimerEnable</name>
         <load_address>0x2000cc30</load_address>
         <run_address>0x2000cc30</run_address>
         <size>0x1e</size>
         <input_file_ref idref="fl-f7"/>
      </object_component>
      <object_component id="oc-1fd">
         <name>.text:UARTCharPut</name>
         <load_address>0x2000cc4e</load_address>
         <run_address>0x2000cc4e</run_address>
         <size>0x1e</size>
         <input_file_ref idref="fl-f8"/>
      </object_component>
      <object_component id="oc-477">
         <name>.text:cc_UDMAChannelSelect</name>
         <load_address>0x2000cc6c</load_address>
         <run_address>0x2000cc6c</run_address>
         <size>0x1e</size>
         <input_file_ref idref="fl-f2"/>
      </object_component>
      <object_component id="oc-760">
         <name>.text:TimerValueGet</name>
         <load_address>0x2000cc8a</load_address>
         <run_address>0x2000cc8a</run_address>
         <size>0x1c</size>
         <input_file_ref idref="fl-f7"/>
      </object_component>
      <object_component id="oc-20f">
         <name>.text:UARTCharGetNonBlocking</name>
         <load_address>0x2000cca6</load_address>
         <run_address>0x2000cca6</run_address>
         <size>0x1c</size>
         <input_file_ref idref="fl-f8"/>
      </object_component>
      <object_component id="oc-643">
         <name>.text:_SlDrvStartMeasureTimeout</name>
         <load_address>0x2000ccc2</load_address>
         <run_address>0x2000ccc2</run_address>
         <size>0x1c</size>
         <input_file_ref idref="fl-ec"/>
      </object_component>
      <object_component id="oc-1b3">
         <name>.text</name>
         <load_address>0x2000ccde</load_address>
         <run_address>0x2000ccde</run_address>
         <size>0x1c</size>
         <input_file_ref idref="fl-4"/>
      </object_component>
      <object_component id="oc-628">
         <name>.text</name>
         <load_address>0x2000ccfa</load_address>
         <run_address>0x2000ccfa</run_address>
         <size>0x1c</size>
         <input_file_ref idref="fl-e2"/>
      </object_component>
      <object_component id="oc-3da">
         <name>.text:uDMAChannelDisable</name>
         <load_address>0x2000cd18</load_address>
         <run_address>0x2000cd18</run_address>
         <size>0x1c</size>
         <input_file_ref idref="fl-f9"/>
      </object_component>
      <object_component id="oc-3fe">
         <name>.text:uDMAChannelEnable</name>
         <load_address>0x2000cd34</load_address>
         <run_address>0x2000cd34</run_address>
         <size>0x1c</size>
         <input_file_ref idref="fl-f9"/>
      </object_component>
      <object_component id="oc-3d4">
         <name>.text:uDMAChannelRequest</name>
         <load_address>0x2000cd50</load_address>
         <run_address>0x2000cd50</run_address>
         <size>0x1c</size>
         <input_file_ref idref="fl-f9"/>
      </object_component>
      <object_component id="oc-40f">
         <name>.text:PinTypeUART</name>
         <load_address>0x2000cd6c</load_address>
         <run_address>0x2000cd6c</run_address>
         <size>0x1a</size>
         <input_file_ref idref="fl-f4"/>
      </object_component>
      <object_component id="oc-546">
         <name>.text:SPIDmaDisable</name>
         <load_address>0x2000cd86</load_address>
         <run_address>0x2000cd86</run_address>
         <size>0x1a</size>
         <input_file_ref idref="fl-f6"/>
      </object_component>
      <object_component id="oc-483">
         <name>.text:SPIDmaEnable</name>
         <load_address>0x2000cda0</load_address>
         <run_address>0x2000cda0</run_address>
         <size>0x1a</size>
         <input_file_ref idref="fl-f6"/>
      </object_component>
      <object_component id="oc-540">
         <name>.text:SPIFIFODisable</name>
         <load_address>0x2000cdba</load_address>
         <run_address>0x2000cdba</run_address>
         <size>0x1a</size>
         <input_file_ref idref="fl-f6"/>
      </object_component>
      <object_component id="oc-47d">
         <name>.text:SPIFIFOEnable</name>
         <load_address>0x2000cdd4</load_address>
         <run_address>0x2000cdd4</run_address>
         <size>0x1a</size>
         <input_file_ref idref="fl-f6"/>
      </object_component>
      <object_component id="oc-53a">
         <name>.text:SPIIntUnregister</name>
         <load_address>0x2000cdee</load_address>
         <run_address>0x2000cdee</run_address>
         <size>0x1a</size>
         <input_file_ref idref="fl-f6"/>
      </object_component>
      <object_component id="oc-459">
         <name>.text:SPICSDisable</name>
         <load_address>0x2000ce08</load_address>
         <run_address>0x2000ce08</run_address>
         <size>0x18</size>
         <input_file_ref idref="fl-f6"/>
      </object_component>
      <object_component id="oc-731">
         <name>.text:SPICSEnable</name>
         <load_address>0x2000ce20</load_address>
         <run_address>0x2000ce20</run_address>
         <size>0x18</size>
         <input_file_ref idref="fl-f6"/>
      </object_component>
      <object_component id="oc-45f">
         <name>.text:SPIDisable</name>
         <load_address>0x2000ce38</load_address>
         <run_address>0x2000ce38</run_address>
         <size>0x18</size>
         <input_file_ref idref="fl-f6"/>
      </object_component>
      <object_component id="oc-49b">
         <name>.text:SPIEnable</name>
         <load_address>0x2000ce50</load_address>
         <run_address>0x2000ce50</run_address>
         <size>0x18</size>
         <input_file_ref idref="fl-f6"/>
      </object_component>
      <object_component id="oc-209">
         <name>.text:UARTCharsAvail</name>
         <load_address>0x2000ce68</load_address>
         <run_address>0x2000ce68</run_address>
         <size>0x18</size>
         <input_file_ref idref="fl-f8"/>
      </object_component>
      <object_component id="oc-448">
         <name>.text:_SlNonOsSemSet</name>
         <load_address>0x2000ce80</load_address>
         <run_address>0x2000ce80</run_address>
         <size>0x18</size>
         <input_file_ref idref="fl-ef"/>
      </object_component>
      <object_component id="oc-279">
         <name>.text:_sl_GetStartResponseConvert</name>
         <load_address>0x2000ce98</load_address>
         <run_address>0x2000ce98</run_address>
         <size>0x18</size>
         <input_file_ref idref="fl-eb"/>
      </object_component>
      <object_component id="oc-6b">
         <name>.text</name>
         <load_address>0x2000ceb0</load_address>
         <run_address>0x2000ceb0</run_address>
         <size>0x18</size>
         <input_file_ref idref="fl-d5"/>
      </object_component>
      <object_component id="oc-383">
         <name>.text:PRCMHIBRegRead</name>
         <load_address>0x2000cec8</load_address>
         <run_address>0x2000cec8</run_address>
         <size>0x16</size>
         <input_file_ref idref="fl-f5"/>
      </object_component>
      <object_component id="oc-389">
         <name>.text:PRCMHIBRegWrite</name>
         <load_address>0x2000cede</load_address>
         <run_address>0x2000cede</run_address>
         <size>0x16</size>
         <input_file_ref idref="fl-f5"/>
      </object_component>
      <object_component id="oc-140">
         <name>.text:UARTCharGet</name>
         <load_address>0x2000cef4</load_address>
         <run_address>0x2000cef4</run_address>
         <size>0x16</size>
         <input_file_ref idref="fl-f8"/>
      </object_component>
      <object_component id="oc-367">
         <name>.text:_SlDrvMemZero</name>
         <load_address>0x2000cf0a</load_address>
         <run_address>0x2000cf0a</run_address>
         <size>0x16</size>
         <input_file_ref idref="fl-ec"/>
      </object_component>
      <object_component id="oc-61c">
         <name>.text</name>
         <load_address>0x2000cf20</load_address>
         <run_address>0x2000cf20</run_address>
         <size>0x16</size>
         <input_file_ref idref="fl-e6"/>
      </object_component>
      <object_component id="oc-3b6">
         <name>.text:uDMAIntRegister</name>
         <load_address>0x2000cf36</load_address>
         <run_address>0x2000cf36</run_address>
         <size>0x16</size>
         <input_file_ref idref="fl-f9"/>
      </object_component>
      <object_component id="oc-372">
         <name>.text:CPUcpsie</name>
         <load_address>0x2000cf4c</load_address>
         <run_address>0x2000cf4c</run_address>
         <size>0x14</size>
         <input_file_ref idref="fl-fb"/>
      </object_component>
      <object_component id="oc-192">
         <name>.text:IntVTableBaseSet</name>
         <load_address>0x2000cf60</load_address>
         <run_address>0x2000cf60</run_address>
         <size>0x14</size>
         <input_file_ref idref="fl-f3"/>
      </object_component>
      <object_component id="oc-1d9">
         <name>.text</name>
         <load_address>0x2000cf74</load_address>
         <run_address>0x2000cf74</run_address>
         <size>0x14</size>
         <input_file_ref idref="fl-d3"/>
      </object_component>
      <object_component id="oc-215">
         <name>.text</name>
         <load_address>0x2000cf88</load_address>
         <run_address>0x2000cf88</run_address>
         <size>0x14</size>
         <input_file_ref idref="fl-cf"/>
      </object_component>
      <object_component id="oc-3c2">
         <name>.text:uDMAControlBaseSet</name>
         <load_address>0x2000cf9c</load_address>
         <run_address>0x2000cf9c</run_address>
         <size>0x14</size>
         <input_file_ref idref="fl-f9"/>
      </object_component>
      <object_component id="oc-3aa">
         <name>.text:uDMAIntClear</name>
         <load_address>0x2000cfb0</load_address>
         <run_address>0x2000cfb0</run_address>
         <size>0x14</size>
         <input_file_ref idref="fl-f9"/>
      </object_component>
      <object_component id="oc-3e0">
         <name>.text:uDMAIntUnregister</name>
         <load_address>0x2000cfc4</load_address>
         <run_address>0x2000cfc4</run_address>
         <size>0x12</size>
         <input_file_ref idref="fl-f9"/>
      </object_component>
      <object_component id="oc-7d6">
         <name>.text:_SlDrvDispatchHttpServerEvents</name>
         <load_address>0x2000cfd6</load_address>
         <run_address>0x2000cfd6</run_address>
         <size>0x10</size>
         <input_file_ref idref="fl-ec"/>
      </object_component>
      <object_component id="oc-2c7">
         <name>.text:_SlDrvResetCmdExt</name>
         <load_address>0x2000cfe6</load_address>
         <run_address>0x2000cfe6</run_address>
         <size>0xe</size>
         <input_file_ref idref="fl-ec"/>
      </object_component>
      <object_component id="oc-18">
         <name>.text:decompress:none</name>
         <load_address>0x2000cff4</load_address>
         <run_address>0x2000cff4</run_address>
         <size>0xe</size>
         <input_file_ref idref="fl-c5"/>
      </object_component>
      <object_component id="oc-2d">
         <name>.text</name>
         <load_address>0x2000d002</load_address>
         <run_address>0x2000d002</run_address>
         <size>0xe</size>
         <input_file_ref idref="fl-5"/>
      </object_component>
      <object_component id="oc-4c7">
         <name>.text:NwpMaskInterrupt</name>
         <load_address>0x2000d010</load_address>
         <run_address>0x2000d010</run_address>
         <size>0xc</size>
         <input_file_ref idref="fl-f2"/>
      </object_component>
      <object_component id="oc-4e1">
         <name>.text:NwpUnMaskInterrupt</name>
         <load_address>0x2000d01c</load_address>
         <run_address>0x2000d01c</run_address>
         <size>0xc</size>
         <input_file_ref idref="fl-f2"/>
      </object_component>
      <object_component id="oc-1e">
         <name>.text:decompress:ZI</name>
         <load_address>0x2000d028</load_address>
         <run_address>0x2000d028</run_address>
         <size>0xc</size>
         <input_file_ref idref="fl-c6"/>
      </object_component>
      <object_component id="oc-3e6">
         <name>.text:uDMADisable</name>
         <load_address>0x2000d034</load_address>
         <run_address>0x2000d034</run_address>
         <size>0xc</size>
         <input_file_ref idref="fl-f9"/>
      </object_component>
      <object_component id="oc-3bc">
         <name>.text:uDMAEnable</name>
         <load_address>0x2000d040</load_address>
         <run_address>0x2000d040</run_address>
         <size>0xc</size>
         <input_file_ref idref="fl-f9"/>
      </object_component>
      <object_component id="oc-3a4">
         <name>.text:uDMAIntStatus</name>
         <load_address>0x2000d04c</load_address>
         <run_address>0x2000d04c</run_address>
         <size>0xc</size>
         <input_file_ref idref="fl-f9"/>
      </object_component>
      <object_component id="oc-198">
         <name>.text:IntMasterEnable</name>
         <load_address>0x2000d058</load_address>
         <run_address>0x2000d058</run_address>
         <size>0xa</size>
         <input_file_ref idref="fl-f3"/>
      </object_component>
      <object_component id="oc-6e5">
         <name>.text</name>
         <load_address>0x2000d062</load_address>
         <run_address>0x2000d062</run_address>
         <size>0x8</size>
         <input_file_ref idref="fl-ea"/>
      </object_component>
      <object_component id="oc-183">
         <name>.text:UtilsDelay</name>
         <load_address>0x2000d06a</load_address>
         <run_address>0x2000d06a</run_address>
         <size>0x6</size>
         <input_file_ref idref="fl-fa"/>
      </object_component>
      <object_component id="oc-5f">
         <name>.text</name>
         <load_address>0x2000d070</load_address>
         <run_address>0x2000d070</run_address>
         <size>0x4</size>
         <input_file_ref idref="fl-cd"/>
      </object_component>
      <object_component id="oc-314">
         <name>.const:.string:_ctypes_</name>
         <load_address>0x2000d074</load_address>
         <run_address>0x2000d074</run_address>
         <size>0x101</size>
         <input_file_ref idref="fl-d9"/>
      </object_component>
      <object_component id="oc-6cf">
         <name>.const:g_ulPinToPadMap</name>
         <load_address>0x2000d178</load_address>
         <run_address>0x2000d178</run_address>
         <size>0x100</size>
         <input_file_ref idref="fl-f4"/>
      </object_component>
      <object_component id="oc-5b5">
         <name>.const:g_pulRegs</name>
         <load_address>0x2000d278</load_address>
         <run_address>0x2000d278</run_address>
         <size>0xd4</size>
         <input_file_ref idref="fl-f3"/>
      </object_component>
      <object_component id="oc-5ac">
         <name>.const:PRCM_PeriphRegsList</name>
         <load_address>0x2000d34c</load_address>
         <run_address>0x2000d34c</run_address>
         <size>0xa8</size>
         <input_file_ref idref="fl-f5"/>
      </object_component>
      <object_component id="oc-727">
         <name>.const:OpcodeTranslateTable</name>
         <load_address>0x2000d3f4</load_address>
         <run_address>0x2000d3f4</run_address>
         <size>0x3c</size>
         <input_file_ref idref="fl-ec"/>
      </object_component>
      <object_component id="oc-78e">
         <name>.const:_SlActionLookupTable</name>
         <load_address>0x2000d430</load_address>
         <run_address>0x2000d430</run_address>
         <size>0x38</size>
         <input_file_ref idref="fl-ec"/>
      </object_component>
      <object_component id="oc-127">
         <name>.const:$P$T1$2</name>
         <load_address>0x2000d468</load_address>
         <run_address>0x2000d468</run_address>
         <size>0x2c</size>
         <input_file_ref idref="fl-2"/>
      </object_component>
      <object_component id="oc-746">
         <name>.const:g_ppulSPIIntMap</name>
         <load_address>0x2000d494</load_address>
         <run_address>0x2000d494</run_address>
         <size>0x24</size>
         <input_file_ref idref="fl-f6"/>
      </object_component>
      <object_component id="oc-133">
         <name>.const:.string:$P$T0$1</name>
         <load_address>0x2000d4b8</load_address>
         <run_address>0x2000d4b8</run_address>
         <size>0x22</size>
         <input_file_ref idref="fl-2"/>
      </object_component>
      <object_component id="oc-771">
         <name>.const:RxMsgClassLUT</name>
         <load_address>0x2000d4dc</load_address>
         <run_address>0x2000d4dc</run_address>
         <size>0x20</size>
         <input_file_ref idref="fl-ec"/>
      </object_component>
      <object_component id="oc-67b">
         <name>.const:g_pulDisRegs</name>
         <load_address>0x2000d4fc</load_address>
         <run_address>0x2000d4fc</run_address>
         <size>0x18</size>
         <input_file_ref idref="fl-f3"/>
      </object_component>
      <object_component id="oc-379">
         <name>.const:g_pulEnRegs</name>
         <load_address>0x2000d514</load_address>
         <run_address>0x2000d514</run_address>
         <size>0x18</size>
         <input_file_ref idref="fl-f3"/>
      </object_component>
      <object_component id="oc-686">
         <name>.const:g_pulUnpendRegs</name>
         <load_address>0x2000d52c</load_address>
         <run_address>0x2000d52c</run_address>
         <size>0x18</size>
         <input_file_ref idref="fl-f3"/>
      </object_component>
      <object_component id="oc-704">
         <name>.const:g_ulSPIDmaMaskMap</name>
         <load_address>0x2000d544</load_address>
         <run_address>0x2000d544</run_address>
         <size>0x18</size>
         <input_file_ref idref="fl-f6"/>
      </object_component>
      <object_component id="oc-76a">
         <name>.const:$P$T0$1</name>
         <load_address>0x2000d55c</load_address>
         <run_address>0x2000d55c</run_address>
         <size>0x14</size>
         <input_file_ref idref="fl-ec"/>
      </object_component>
      <object_component id="oc-64f">
         <name>.const:$P$T0$1</name>
         <load_address>0x2000d570</load_address>
         <run_address>0x2000d570</run_address>
         <size>0x14</size>
         <input_file_ref idref="fl-ef"/>
      </object_component>
      <object_component id="oc-12a">
         <name>.const:$P$T2$3</name>
         <load_address>0x2000d584</load_address>
         <run_address>0x2000d584</run_address>
         <size>0x14</size>
         <input_file_ref idref="fl-2"/>
      </object_component>
      <object_component id="oc-584">
         <name>.const:.string:_SlPayloadByProtocolLUT</name>
         <load_address>0x2000d598</load_address>
         <run_address>0x2000d598</run_address>
         <size>0x10</size>
         <input_file_ref idref="fl-f0"/>
      </object_component>
      <object_component id="oc-16a">
         <name>.const:.string:$P$T3$4</name>
         <load_address>0x2000d5a8</load_address>
         <run_address>0x2000d5a8</run_address>
         <size>0xd</size>
         <input_file_ref idref="fl-2"/>
      </object_component>
      <object_component id="oc-191">
         <name>.const:.string:$P$T4$5</name>
         <load_address>0x2000d5b5</load_address>
         <run_address>0x2000d5b5</run_address>
         <size>0xd</size>
         <input_file_ref idref="fl-2"/>
      </object_component>
      <object_component id="oc-1aa">
         <name>.const:$P$T6$7</name>
         <load_address>0x2000d5c4</load_address>
         <run_address>0x2000d5c4</run_address>
         <size>0xc</size>
         <input_file_ref idref="fl-2"/>
      </object_component>
      <object_component id="oc-1b9">
         <name>.const:.string:$P$T5$6</name>
         <load_address>0x2000d5d0</load_address>
         <run_address>0x2000d5d0</run_address>
         <size>0xc</size>
         <input_file_ref idref="fl-2"/>
      </object_component>
      <object_component id="oc-4fc">
         <name>.const:StartResponseLUT</name>
         <load_address>0x2000d5dc</load_address>
         <run_address>0x2000d5dc</run_address>
         <size>0x8</size>
         <input_file_ref idref="fl-eb"/>
      </object_component>
      <object_component id="oc-76d">
         <name>.const:g_H2NCnysPattern</name>
         <load_address>0x2000d5e4</load_address>
         <run_address>0x2000d5e4</run_address>
         <size>0x8</size>
         <input_file_ref idref="fl-ec"/>
      </object_component>
      <object_component id="oc-6a6">
         <name>.const:g_H2NSyncPattern</name>
         <load_address>0x2000d5ec</load_address>
         <run_address>0x2000d5ec</run_address>
         <size>0x8</size>
         <input_file_ref idref="fl-ec"/>
      </object_component>
      <object_component id="oc-1ba">
         <name>.const:.string:$P$T7$8</name>
         <load_address>0x2000d5f4</load_address>
         <run_address>0x2000d5f4</run_address>
         <size>0x5</size>
         <input_file_ref idref="fl-2"/>
      </object_component>
      <object_component id="oc-34d">
         <name>.const:$P$T0$1</name>
         <load_address>0x2000d5fa</load_address>
         <run_address>0x2000d5fa</run_address>
         <size>0x4</size>
         <input_file_ref idref="fl-f0"/>
      </object_component>
      <object_component id="oc-36d">
         <name>.const:$P$T0$1</name>
         <load_address>0x2000d5fe</load_address>
         <run_address>0x2000d5fe</run_address>
         <size>0x4</size>
         <input_file_ref idref="fl-f1"/>
      </object_component>
      <object_component id="oc-335">
         <name>.const:$P$T2$3</name>
         <load_address>0x2000d602</load_address>
         <run_address>0x2000d602</run_address>
         <size>0x4</size>
         <input_file_ref idref="fl-f0"/>
      </object_component>
      <object_component id="oc-359">
         <name>.const:_SlAcceptCmdCtrl</name>
         <load_address>0x2000d606</load_address>
         <run_address>0x2000d606</run_address>
         <size>0x4</size>
         <input_file_ref idref="fl-f0"/>
      </object_component>
      <object_component id="oc-2cd">
         <name>.const:_SlDeviceGetCmdCtrl</name>
         <load_address>0x2000d60a</load_address>
         <run_address>0x2000d60a</run_address>
         <size>0x4</size>
         <input_file_ref idref="fl-eb"/>
      </object_component>
      <object_component id="oc-351">
         <name>.const:_SlListenCmdCtrl</name>
         <load_address>0x2000d60e</load_address>
         <run_address>0x2000d60e</run_address>
         <size>0x4</size>
         <input_file_ref idref="fl-f0"/>
      </object_component>
      <object_component id="oc-81b">
         <name>.const:_SlNetAppSendTokenValueCmdCtrl</name>
         <load_address>0x2000d612</load_address>
         <run_address>0x2000d612</run_address>
         <size>0x4</size>
         <input_file_ref idref="fl-ed"/>
      </object_component>
      <object_component id="oc-2e5">
[...]
         <object_component_ref idref="oc-282"/>
      </symbol>
      <symbol id="sm-a6c">
         <name>_SlDrvCmdSend</name>
         <value>0x2000b8fd</value>
         <object_component_ref idref="oc-815"/>
      </symbol>
      <symbol id="sm-a6d">
         <name>_SlActionLookupTable</name>
         <value>0x2000d430</value>
         <object_component_ref idref="oc-78e"/>
      </symbol>
      <symbol id="sm-af4">
         <name>sl_NetAppMDNSUnRegisterService</name>
         <value>0x2000bb71</value>
         <object_component_ref idref="oc-121"/>
      </symbol>
      <symbol id="sm-af5">
         <name>_SlNetAppSendTokenValueCmdCtrl</name>
         <value>0x2000d612</value>
         <object_component_ref idref="oc-81b"/>
      </symbol>
      <symbol id="sm-af6">
         <name>_sl_HandleAsync_DnsGetHostByName</name>
         <value>0x2000ae21</value>
         <object_component_ref idref="oc-7ca"/>
      </symbol>
      <symbol id="sm-af7">
         <name>_sl_HandleAsync_PingResponse</name>
         <value>0x2000aeb1</value>
         <object_component_ref idref="oc-77a"/>
      </symbol>
      <symbol id="sm-af8">
         <name>_SlDrvNetAppEventHandler</name>
         <value>0x20009821</value>
         <object_component_ref idref="oc-774"/>
      </symbol>
      <symbol id="sm-af9">
         <name>_sl_HandleAsync_DnsGetHostByService</name>
         <value>0x2000a23d</value>
         <object_component_ref idref="oc-7d0"/>
      </symbol>
      <symbol id="sm-afa">
         <name>_sl_NetAppSendTokenValue</name>
         <value>0x2000b969</value>
         <object_component_ref idref="oc-7dc"/>
      </symbol>
      <symbol id="sm-afb">
         <name>sl_NetAppMDNSRegisterUnregisterService</name>
         <value>0x20009fad</value>
         <object_component_ref idref="oc-2f3"/>
      </symbol>
      <symbol id="sm-b1d">
         <name>sl_NetCfgSet</name>
         <value>0x2000ab2d</value>
         <object_component_ref idref="oc-115"/>
      </symbol>
      <symbol id="sm-b65">
         <name>_SlNonOsSemSet</name>
         <value>0x2000ce81</value>
         <object_component_ref idref="oc-448"/>
      </symbol>
      <symbol id="sm-b66">
         <name>_SlNonOsSpawn</name>
         <value>0x2000baa9</value>
         <object_component_ref idref="oc-509"/>
      </symbol>
      <symbol id="sm-b67">
         <name>_SlNonOsSemGet</name>
         <value>0x2000a611</value>
         <object_component_ref idref="oc-44e"/>
      </symbol>
      <symbol id="sm-b68">
         <name>_SlNonOsMainLoopTask</name>
         <value>0x2000b819</value>
         <object_component_ref idref="oc-eb"/>
      </symbol>
      <symbol id="sm-b69">
         <name>g__SlNonOsCB</name>
         <value>0x20018478</value>
         <object_component_ref idref="oc-297"/>
      </symbol>
      <symbol id="sm-cc3">
         <name>sl_Accept</name>
         <value>0x200082cd</value>
         <object_component_ref idref="oc-17d"/>
      </symbol>
      <symbol id="sm-cc4">
         <name>sl_Recv</name>
         <value>0x2000a955</value>
         <object_component_ref idref="oc-184"/>
      </symbol>
      <symbol id="sm-cc5">
         <name>sl_Send</name>
         <value>0x200094a9</value>
         <object_component_ref idref="oc-164"/>
      </symbol>
      <symbol id="sm-cc6">
         <name>_sl_HandleAsync_Connect</name>
         <value>0x2000b52d</value>
         <object_component_ref idref="oc-7f2"/>
      </symbol>
      <symbol id="sm-cc7">
         <name>sl_Htonl</name>
         <value>0x2000c4b9</value>
         <object_component_ref idref="oc-14c"/>
      </symbol>
      <symbol id="sm-cc8">
         <name>sl_Htons</name>
         <value>0x2000c6f1</value>
         <object_component_ref idref="oc-146"/>
      </symbol>
      <symbol id="sm-cc9">
         <name>sl_Connect</name>
         <value>0x20008b21</value>
         <object_component_ref idref="oc-158"/>
      </symbol>
      <symbol id="sm-cca">
         <name>sl_Socket</name>
         <value>0x2000b201</value>
         <object_component_ref idref="oc-152"/>
      </symbol>
      <symbol id="sm-ccb">
         <name>_sl_HandleAsync_Select</name>
         <value>0x2000bf71</value>
         <object_component_ref idref="oc-7f8"/>
      </symbol>
      <symbol id="sm-ccc">
         <name>sl_Close</name>
         <value>0x2000bc9d</value>
         <object_component_ref idref="oc-15e"/>
      </symbol>
      <symbol id="sm-ccd">
         <name>_sl_HandleAsync_Accept</name>
         <value>0x2000bb0d</value>
         <object_component_ref idref="oc-7ec"/>
      </symbol>
      <symbol id="sm-cce">
         <name>sl_SetSockOpt</name>
         <value>0x2000abc5</value>
         <object_component_ref idref="oc-177"/>
      </symbol>
      <symbol id="sm-ccf">
         <name>sl_Listen</name>
         <value>0x2000b9d5</value>
         <object_component_ref idref="oc-171"/>
      </symbol>
      <symbol id="sm-cd0">
         <name>sl_Bind</name>
         <value>0x2000a559</value>
         <object_component_ref idref="oc-16b"/>
      </symbol>
      <symbol id="sm-d8a">
         <name>sl_WlanDisconnect</name>
         <value>0x2000c7a1</value>
         <object_component_ref idref="oc-10f"/>
      </symbol>
      <symbol id="sm-d8b">
         <name>sl_WlanPolicySet</name>
         <value>0x2000af41</value>
         <object_component_ref idref="oc-103"/>
      </symbol>
      <symbol id="sm-d8c">
         <name>sl_WlanProfileDel</name>
         <value>0x2000bcfd</value>
         <object_component_ref idref="oc-109"/>
      </symbol>
      <symbol id="sm-d8d">
         <name>sl_WlanRxFilterSet</name>
         <value>0x2000b4a9</value>
         <object_component_ref idref="oc-12d"/>
      </symbol>
      <symbol id="sm-d8e">
         <name>sl_WlanConnect</name>
         <value>0x20007691</value>
         <object_component_ref idref="oc-18b"/>
      </symbol>
      <symbol id="sm-d8f">
         <name>sl_WlanSet</name>
         <value>0x2000ac5d</value>
         <object_component_ref idref="oc-11b"/>
      </symbol>
      <symbol id="sm-d90">
         <name>sl_WlanSetMode</name>
         <value>0x2000bd5d</value>
         <object_component_ref idref="oc-f1"/>
      </symbol>
      <symbol id="sm-eab">
         <name>g_ucDinDout</name>
         <value>0x20017c00</value>
      </symbol>
      <symbol id="sm-eac">
         <name>g_cDummy</name>
         <value>0x200177ee</value>
      </symbol>
      <symbol id="sm-ead">
         <name>NwpMaskInterrupt</name>
         <value>0x2000d011</value>
         <object_component_ref idref="oc-4c7"/>
      </symbol>
      <symbol id="sm-eae">
         <name>NwpPrePowerOffTimout0</name>
         <value>0x2000cbb1</value>
         <object_component_ref idref="oc-2ac"/>
      </symbol>
      <symbol id="sm-eaf">
         <name>NwpRegisterInterruptHandler</name>
         <value>0x2000c5fd</value>
         <object_component_ref idref="oc-261"/>
      </symbol>
      <symbol id="sm-eb0">
         <name>g_pHostIntHdl</name>
         <value>0x200184fc</value>
         <object_component_ref idref="oc-4a1"/>
      </symbol>
      <symbol id="sm-eb1">
         <name>simplelink_timerA2_start</name>
         <value>0x2000c6b5</value>
         <object_component_ref idref="oc-75a"/>
      </symbol>
      <symbol id="sm-eb2">
         <name>NwpUnMaskInterrupt</name>
         <value>0x2000d01d</value>
         <object_component_ref idref="oc-4e1"/>
      </symbol>
      <symbol id="sm-eb3">
         <name>NwpPowerOff</name>
         <value>0x2000c769</value>
         <object_component_ref idref="oc-25b"/>
      </symbol>
      <symbol id="sm-eb4">
         <name>TimerGetCurrentTimestamp</name>
         <value>0x2000cbd1</value>
         <object_component_ref idref="oc-6fa"/>
      </symbol>
      <symbol id="sm-eb5">
         <name>spi_Read</name>
         <value>0x20009b11</value>
         <object_component_ref idref="oc-71a"/>
      </symbol>
      <symbol id="sm-eb6">
         <name>DmaSpiSwIntHandler</name>
         <value>0x2000ca99</value>
         <object_component_ref idref="oc-4a7"/>
      </symbol>
      <symbol id="sm-eb7">
         <name>NwpPowerOn</name>
         <value>0x2000c8a1</value>
         <object_component_ref idref="oc-267"/>
      </symbol>
      <symbol id="sm-eb8">
         <name>spi_Close</name>
         <value>0x2000b729</value>
         <object_component_ref idref="oc-2b2"/>
      </symbol>
      <symbol id="sm-eb9">
         <name>spi_Write</name>
         <value>0x2000acf5</value>
         <object_component_ref idref="oc-6a0"/>
      </symbol>
      <symbol id="sm-eba">
         <name>spi_Open</name>
         <value>0x200090e5</value>
         <object_component_ref idref="oc-24f"/>
      </symbol>
      <symbol id="sm-ebb">
         <name>g_ucDMAEnabled</name>
         <value>0x20018500</value>
         <object_component_ref idref="oc-4a1"/>
      </symbol>
      <symbol id="sm-ebc">
         <name>g_SpiFd</name>
         <value>0x200184f8</value>
         <object_component_ref idref="oc-4a1"/>
      </symbol>
      <symbol id="sm-f48">
         <name>IntPendClear</name>
         <value>0x2000be19</value>
         <object_component_ref idref="oc-4da"/>
      </symbol>
      <symbol id="sm-f49">
         <name>IntPrioritySet</name>
         <value>0x2000bec9</value>
         <object_component_ref idref="oc-3b0"/>
      </symbol>
      <symbol id="sm-f4a">
         <name>IntVTableBaseSet</name>
         <value>0x2000cf61</value>
         <object_component_ref idref="oc-192"/>
      </symbol>
      <symbol id="sm-f4b">
         <name>IntEnable</name>
         <value>0x2000a769</value>
         <object_component_ref idref="oc-19e"/>
      </symbol>
      <symbol id="sm-f4c">
         <name>IntDisable</name>
         <value>0x2000a6c1</value>
         <object_component_ref idref="oc-4ce"/>
      </symbol>
      <symbol id="sm-f4d">
         <name>IntRegister</name>
         <value>0x2000cb91</value>
         <object_component_ref idref="oc-48f"/>
      </symbol>
      <symbol id="sm-f4e">
         <name>IntUnregister</name>
         <value>0x2000cabd</value>
         <object_component_ref idref="oc-4d4"/>
      </symbol>
      <symbol id="sm-f4f">
         <name>IntMasterEnable</name>
         <value>0x2000d059</value>
         <object_component_ref idref="oc-198"/>
      </symbol>
      <symbol id="sm-f7c">
         <name>PinTypeUART</name>
         <value>0x2000cd6d</value>
         <object_component_ref idref="oc-40f"/>
      </symbol>
      <symbol id="sm-f7d">
         <name>PinConfigSet</name>
         <value>0x2000b28d</value>
         <object_component_ref idref="oc-5d9"/>
      </symbol>
      <symbol id="sm-f7e">
         <name>PinModeSet</name>
         <value>0x2000c4fd</value>
         <object_component_ref idref="oc-5d3"/>
      </symbol>
      <symbol id="sm-1011">
         <name>PRCMPeripheralReset</name>
         <value>0x2000be71</value>
         <object_component_ref idref="oc-395"/>
      </symbol>
      <symbol id="sm-1012">
         <name>PRCMPeripheralClkEnable</name>
         <value>0x2000c679</value>
         <object_component_ref idref="oc-38f"/>
      </symbol>
      <symbol id="sm-1013">
         <name>PRCMPeripheralClockGet</name>
         <value>0x2000ad8d</value>
         <object_component_ref idref="oc-1f1"/>
      </symbol>
      <symbol id="sm-1014">
         <name>PRCMCC3200MCUInit</name>
         <value>0x20008cad</value>
         <object_component_ref idref="oc-1a4"/>
      </symbol>
      <symbol id="sm-1015">
         <name>PRCMHIBRegWrite</name>
         <value>0x2000cedf</value>
         <object_component_ref idref="oc-389"/>
      </symbol>
      <symbol id="sm-1016">
         <name>PRCMSysResetCauseGet</name>
         <value>0x2000c8cd</value>
         <object_component_ref idref="oc-37d"/>
      </symbol>
      <symbol id="sm-1017">
         <name>PRCMPeripheralStatusGet</name>
         <value>0x2000c7d9</value>
         <object_component_ref idref="oc-471"/>
      </symbol>
      <symbol id="sm-1018">
         <name>PRCMPeripheralClkDisable</name>
         <value>0x2000c9d1</value>
         <object_component_ref idref="oc-39b"/>
      </symbol>
      <symbol id="sm-1019">
         <name>PRCMHIBRegRead</name>
         <value>0x2000cec9</value>
         <object_component_ref idref="oc-383"/>
      </symbol>
      <symbol id="sm-10d4">
         <name>SPIFIFODisable</name>
         <value>0x2000cdbb</value>
         <object_component_ref idref="oc-540"/>
      </symbol>
      <symbol id="sm-10d5">
         <name>SPICSEnable</name>
         <value>0x2000ce21</value>
         <object_component_ref idref="oc-731"/>
      </symbol>
      <symbol id="sm-10d6">
         <name>SPIDisable</name>
         <value>0x2000ce39</value>
         <object_component_ref idref="oc-45f"/>
      </symbol>
      <symbol id="sm-10d7">
         <name>SPIFIFOEnable</name>
         <value>0x2000cdd5</value>
         <object_component_ref idref="oc-47d"/>
      </symbol>
      <symbol id="sm-10d8">
         <name>SPIWordCountSet</name>
         <value>0x2000cb6f</value>
         <object_component_ref idref="oc-737"/>
      </symbol>
      <symbol id="sm-10d9">
         <name>SPIEnable</name>
         <value>0x2000ce51</value>
         <object_component_ref idref="oc-49b"/>
      </symbol>
      <symbol id="sm-10da">
         <name>SPIDmaEnable</name>
         <value>0x2000cda1</value>
         <object_component_ref idref="oc-483"/>
      </symbol>
      <symbol id="sm-10db">
         <name>SPIConfigSetExpClk</name>
         <value>0x2000a8b5</value>
         <object_component_ref idref="oc-46b"/>
      </symbol>
      <symbol id="sm-10dc">
         <name>SPIIntUnregister</name>
         <value>0x2000cdef</value>
         <object_component_ref idref="oc-53a"/>
      </symbol>
      <symbol id="sm-10dd">
         <name>SPIFIFOLevelSet</name>
         <value>0x2000c80d</value>
         <object_component_ref idref="oc-489"/>
      </symbol>
      <symbol id="sm-10de">
         <name>SPIDmaDisable</name>
         <value>0x2000cd87</value>
         <object_component_ref idref="oc-546"/>
      </symbol>
      <symbol id="sm-10df">
         <name>SPIReset</name>
         <value>0x2000cb4d</value>
         <object_component_ref idref="oc-465"/>
      </symbol>
      <symbol id="sm-10e0">
         <name>SPIIntEnable</name>
         <value>0x2000c0bd</value>
         <object_component_ref idref="oc-495"/>
      </symbol>
      <symbol id="sm-10e1">
         <name>SPIIntClear</name>
         <value>0x2000c2d1</value>
         <object_component_ref idref="oc-670"/>
      </symbol>
      <symbol id="sm-10e2">
         <name>SPICSDisable</name>
         <value>0x2000ce09</value>
         <object_component_ref idref="oc-459"/>
      </symbol>
      <symbol id="sm-1115">
         <name>TimerLoadSet</name>
         <value>0x2000c951</value>
         <object_component_ref idref="oc-7ae"/>
      </symbol>
      <symbol id="sm-1116">
         <name>TimerEnable</name>
         <value>0x2000cc31</value>
         <object_component_ref idref="oc-7b4"/>
      </symbol>
      <symbol id="sm-1117">
         <name>TimerValueGet</name>
         <value>0x2000cc8b</value>
         <object_component_ref idref="oc-760"/>
      </symbol>
      <symbol id="sm-1118">
         <name>TimerPrescaleSet</name>
         <value>0x2000c97b</value>
         <object_component_ref idref="oc-7a8"/>
      </symbol>
      <symbol id="sm-1119">
         <name>TimerConfigure</name>
         <value>0x2000c3ed</value>
         <object_component_ref idref="oc-7a2"/>
      </symbol>
      <symbol id="sm-115e">
         <name>UARTConfigSetExpClk</name>
         <value>0x2000b7a1</value>
         <object_component_ref idref="oc-1f7"/>
      </symbol>
      <symbol id="sm-115f">
         <name>UARTDisable</name>
         <value>0x2000c841</value>
         <object_component_ref idref="oc-41a"/>
      </symbol>
      <symbol id="sm-1160">
         <name>UARTCharsAvail</name>
         <value>0x2000ce69</value>
         <object_component_ref idref="oc-209"/>
      </symbol>
      <symbol id="sm-1161">
         <name>UARTCharGetNonBlocking</name>
         <value>0x2000cca7</value>
         <object_component_ref idref="oc-20f"/>
      </symbol>
      <symbol id="sm-1162">
         <name>UARTCharPut</name>
         <value>0x2000cc4f</value>
         <object_component_ref idref="oc-1fd"/>
      </symbol>
      <symbol id="sm-1163">
         <name>UARTEnable</name>
         <value>0x2000cae1</value>
         <object_component_ref idref="oc-420"/>
      </symbol>
      <symbol id="sm-1164">
         <name>UARTCharGet</name>
         <value>0x2000cef5</value>
         <object_component_ref idref="oc-140"/>
      </symbol>
      <symbol id="sm-1211">
         <name>uDMAChannelControlSet</name>
         <value>0x2000c72d</value>
         <object_component_ref idref="oc-3ec"/>
      </symbol>
      <symbol id="sm-1212">
         <name>uDMAIntClear</name>
         <value>0x2000cfb1</value>
         <object_component_ref idref="oc-3aa"/>
      </symbol>
      <symbol id="sm-1213">
         <name>uDMAChannelDisable</name>
         <value>0x2000cd19</value>
         <object_component_ref idref="oc-3da"/>
      </symbol>
      <symbol id="sm-1214">
         <name>uDMAIntUnregister</name>
         <value>0x2000cfc5</value>
         <object_component_ref idref="oc-3e0"/>
      </symbol>
      <symbol id="sm-1215">
         <name>uDMAChannelAttributeEnable</name>
         <value>0x2000bc39</value>
         <object_component_ref idref="oc-3f2"/>
      </symbol>
      <symbol id="sm-1216">
         <name>uDMADisable</name>
         <value>0x2000d035</value>
         <object_component_ref idref="oc-3e6"/>
      </symbol>
      <symbol id="sm-1217">
         <name>uDMAChannelTransferSet</name>
         <value>0x20009c01</value>
         <object_component_ref idref="oc-3f8"/>
      </symbol>
      <symbol id="sm-1218">
         <name>uDMAIntStatus</name>
         <value>0x2000d04d</value>
         <object_component_ref idref="oc-3a4"/>
      </symbol>
      <symbol id="sm-1219">
         <name>uDMAChannelAssign</name>
         <value>0x2000c285</value>
         <object_component_ref idref="oc-3c8"/>
      </symbol>
      <symbol id="sm-121a">
         <name>uDMAIntRegister</name>
         <value>0x2000cf37</value>
         <object_component_ref idref="oc-3b6"/>
      </symbol>
      <symbol id="sm-121b">
         <name>uDMAEnable</name>
         <value>0x2000d041</value>
         <object_component_ref idref="oc-3bc"/>
      </symbol>
      <symbol id="sm-121c">
         <name>uDMAControlBaseSet</name>
         <value>0x2000cf9d</value>
         <object_component_ref idref="oc-3c2"/>
      </symbol>
      <symbol id="sm-121d">
         <name>uDMAChannelAttributeDisable</name>
         <value>0x2000bbd5</value>
         <object_component_ref idref="oc-3ce"/>
      </symbol>
      <symbol id="sm-121e">
         <name>uDMAChannelEnable</name>
         <value>0x2000cd35</value>
         <object_component_ref idref="oc-3fe"/>
      </symbol>
      <symbol id="sm-121f">
         <name>uDMAChannelRequest</name>
         <value>0x2000cd51</value>
         <object_component_ref idref="oc-3d4"/>
      </symbol>
      <symbol id="sm-1223">
         <name>UtilsDelay</name>
         <value>0x2000d06b</value>
         <object_component_ref idref="oc-183"/>
      </symbol>
      <symbol id="sm-122d">
         <name>CPUcpsie</name>
         <value>0x2000cf4d</value>
         <object_component_ref idref="oc-372"/>
      </symbol>
      <symbol id="sm-122f">
         <name>__TI_static_base__</name>
         <value>0x2000d650</value>
      </symbol>
      <symbol id="sm-1232">
         <name>SHT$$INIT_ARRAY$$Limit</name>
         <value>0x0</value>
      </symbol>
      <symbol id="sm-1233">
         <name>SHT$$INIT_ARRAY$$Base</name>
         <value>0x0</value>
      </symbol>
   </symbol_table>
   <title>Link successful</title>
</link_info>
