******************************************************************************
                  TI ARM Linker PC v16.9.2                     
******************************************************************************
>> Linked Thu Mar 30 11:27:04 2017

OUTPUT FILE NAME:   <tcp_socket.out>
ENTRY POINT SYMBOL: "_c_int00"  address: 2000c57d


MEMORY CONFIGURATION

         name            origin    length      used     unused   attr    fill
----------------------  --------  ---------  --------  --------  ----  --------
  SRAM_CODE             20004000   00013000  000096aa  00009956  RW X
  SRAM_DATA             20017000   00019000  00001d14  000172ec  RW X


SEGMENT ALLOCATION MAP

run origin  load origin   length   init length attrs members
----------  ----------- ---------- ----------- ----- -------
20004000    20004000    000096b0   000096b0    r-x
  20004000    20004000    00000400   00000400    r-- .intvecs
  20004400    20004400    00008c74   00008c74    r-x .text
  2000d074    2000d074    000005d6   000005d6    r-- .const
  2000d650    2000d650    00000060   00000060    r-- .cinit
20017000    20017000    00001518   00000000    rw-
  20017000    20017000    00000c74   00000000    rw- .bss
  20017c78    20017c78    00000800   00000000    rw- .sysmem
  20018478    20018478    000000a0   00000000    rw- .data
2002f800    2002f800    00000800   00000000    rw-
  2002f800    2002f800    00000800   00000000    rw- .stack


SECTION ALLOCATION MAP

 output                                  attributes/
section   page    origin      length       input sections
--------  ----  ----------  ----------   ----------------
.intvecs   0    20004000    00000400     
                  20004000    00000400     startup_ccs.obj (.intvecs)

.init_array 
*          0    20004000    00000000     UNINITIALIZED

.text      0    20004400    00008c74     
                  20004400    0000158c     main.obj (.text)
                  2000598c    00001122     rtsv7M4_T_le_eabi.lib : _printfi.obj (.text)
                  20006aae    00000002     driverlib.a : interrupt.obj (.text:IntDefaultHandler)
                  20006ab0    00000590     simplelink.a : driver.obj (.text:_SlDrvMsgRead)
                  20007040    000003d0     rtsv7M4_T_le_eabi.lib : memory.obj (.text)
                  20007410    00000280     uart_if.obj (.text)
                  20007690    0000027c     simplelink.a : wlan.obj (.text:sl_WlanConnect)
                  2000790c    0000024c                  : driver.obj (.text:_SlDrvRxHdrRead)
                  20007b58    000001f4     rtsv7M4_T_le_eabi.lib : ull_div_t2.obj (.text)
                  20007d4c    000001e4     simplelink.a : driver.obj (.text:_SlDrvDataReadOp)
                  20007f30    000001d0                  : driver.obj (.text:_SlDrvReleasePoolObj)
                  20008100    000001cc     udma_if.obj (.text)
                  200082cc    000001bc     simplelink.a : socket.obj (.text:sl_Accept)
                  20008488    000001b6     rtsv7M4_T_le_eabi.lib : fd_add_t2.obj (.text)
                  2000863e    00000002                           : mpu_init.obj (.text)
                  20008640    000001b4     simplelink.a : driver.obj (.text:_SlDrvDriverCBInit)
                  200087f4    0000019c                  : driver.obj (.text:_SlDrvMsgWrite)
                  20008990    00000190                  : driver.obj (.text:_SlDrvWaitForPoolObj)
                  20008b20    0000018c                  : socket.obj (.text:sl_Connect)
                  20008cac    00000178     driverlib.a : prcm.obj (.text:PRCMCC3200MCUInit)
                  20008e24    00000170     simplelink.a : driver.obj (.text:_SlFindAndSetActiveObj)
                  20008f94    00000150                  : driver.obj (.text:_SlDrvDataWriteOp)
                  200090e4    00000148                  : cc_pal.obj (.text:spi_Open)
                  2000922c    00000144                  : driver.obj (.text:_SlDrvMsgReadCmdCtx)
                  20009370    00000136     rtsv7M4_T_le_eabi.lib : fd_div_t2.obj (.text)
                  200094a6    00000002                           : startup.obj (.text)
                  200094a8    00000134     simplelink.a : socket.obj (.text:sl_Send)
                  200095dc    00000130                  : driver.obj (.text:_SlDrvDriverCBDeinit)
                  2000970c    00000114     rtsv7M4_T_le_eabi.lib : strtoul.obj (.text)
                  20009820    00000104     simplelink.a : netapp.obj (.text:_SlDrvNetAppEventHandler)
                  20009924    000000fc     rtsv7M4_T_le_eabi.lib : fd_mul_t2.obj (.text)
                  20009a20    000000f0     simplelink.a : device.obj (.text:sl_Stop)
                  20009b10    000000f0                  : cc_pal.obj (.text:spi_Read)
                  20009c00    000000f0     driverlib.a : udma.obj (.text:uDMAChannelTransferSet)
                  20009cf0    000000ec     simplelink.a : device.obj (.text:sl_Start)
                  20009ddc    000000e8                  : driver.obj (.text:_SlAsyncEventGenericHandler)
                  20009ec4    000000e8                  : driver.obj (.text:_SlDrvMsgReadSpawnCtx)
                  20009fac    000000e4                  : netapp.obj (.text:sl_NetAppMDNSRegisterUnregisterService)
                  2000a090    000000dc                  : driver.obj (.text:_SlDrvClassifyRxMsg)
                  2000a16c    000000d0     rtsv7M4_T_le_eabi.lib : s_scalbn.obj (.text)
                  2000a23c    000000cc     simplelink.a : netapp.obj (.text:_sl_HandleAsync_DnsGetHostByService)
                  2000a308    000000cc                  : device.obj (.text:sl_DevGet)
                  2000a3d4    000000c4                  : driver.obj (.text:_SlRemoveFromList)
                  2000a498    000000c0                  : driver.obj (.text:_SlDrvCmdOp)
                  2000a558    000000b8                  : socket.obj (.text:sl_Bind)
                  2000a610    000000b0                  : nonos.obj (.text:_SlNonOsSemGet)
                  2000a6c0    000000a8     driverlib.a : interrupt.obj (.text:IntDisable)
                  2000a768    000000a8                 : interrupt.obj (.text:IntEnable)
                  2000a810    000000a4     simplelink.a : driver.obj (.text:_SlDriverHandleError)
                  2000a8b4    000000a0     driverlib.a : spi.obj (.text:SPIConfigSetExpClk)
                  2000a954    000000a0     simplelink.a : socket.obj (.text:sl_Recv)
                  2000a9f4    0000009c     rtsv7M4_T_le_eabi.lib : memcpy_t2.obj (.text)
                  2000aa90    0000009a     simplelink.a : device.obj (.text:_SlDrvDeviceEventHandler)
                  2000ab2a    00000002     --HOLE-- [fill = 0]
                  2000ab2c    00000098                  : netcfg.obj (.text:sl_NetCfgSet)
                  2000abc4    00000098                  : socket.obj (.text:sl_SetSockOpt)
                  2000ac5c    00000098                  : wlan.obj (.text:sl_WlanSet)
                  2000acf4    00000098                  : cc_pal.obj (.text:spi_Write)
                  2000ad8c    00000094     driverlib.a : prcm.obj (.text:PRCMPeripheralClockGet)
                  2000ae20    00000090     simplelink.a : netapp.obj (.text:_sl_HandleAsync_DnsGetHostByName)
                  2000aeb0    00000090                  : netapp.obj (.text:_sl_HandleAsync_PingResponse)
                  2000af40    00000090                  : wlan.obj (.text:sl_WlanPolicySet)
                  2000afd0    0000008c                  : cc_pal.obj (.text:SetupDMAReceive)
                  2000b05c    0000008c                  : cc_pal.obj (.text:SetupDMASend)
                  2000b0e8    0000008c                  : driver.obj (.text:_SlDrvIsTimeoutExpired)
                  2000b174    0000008c                  : device.obj (.text:_sl_HandleAsync_InitComplete)
                  2000b200    0000008c                  : socket.obj (.text:sl_Socket)
                  2000b28c    00000088     driverlib.a : pin.obj (.text:PinConfigSet)
                  2000b314    00000088     rtsv7M4_T_le_eabi.lib : vsnprintf.obj (.text)
                  2000b39c    00000086                           : fd_cmp_t2.obj (.text:__aeabi_cdcmple)
                  2000b422    00000086                           : fd_cmp_t2.obj (.text:__aeabi_cdrcmple)
                  2000b4a8    00000084     simplelink.a : wlan.obj (.text:sl_WlanRxFilterSet)
                  2000b52c    00000080                  : socket.obj (.text:_sl_HandleAsync_Connect)
                  2000b5ac    00000080                  : cc_pal.obj (.text:spi_Read_CPU)
                  2000b62c    00000080                  : cc_pal.obj (.text:spi_Write_CPU)
                  2000b6ac    0000007a     rtsv7M4_T_le_eabi.lib : memset_t2.obj (.text)
                  2000b726    00000002     --HOLE-- [fill = 0]
                  2000b728    00000078     simplelink.a : cc_pal.obj (.text:spi_Close)
                  2000b7a0    00000076     driverlib.a : uart.obj (.text:UARTConfigSetExpClk)
                  2000b816    00000002     --HOLE-- [fill = 0]
                  2000b818    00000074     simplelink.a : nonos.obj (.text:_SlNonOsMainLoopTask)
                  2000b88c    00000070     rtsv7M4_T_le_eabi.lib : autoinit.obj (.text)
                  2000b8fc    0000006c     simplelink.a : driver.obj (.text:_SlDrvCmdSend)
                  2000b968    0000006c                  : netapp.obj (.text:_sl_NetAppSendTokenValue)
                  2000b9d4    0000006c                  : socket.obj (.text:sl_Listen)
                  2000ba40    00000068     rtsv7M4_T_le_eabi.lib : copy_decompress_lzss.obj (.text:decompress:lzss)
                  2000baa8    00000064     simplelink.a : nonos.obj (.text:_SlNonOsSpawn)
                  2000bb0c    00000064                  : socket.obj (.text:_sl_HandleAsync_Accept)
                  2000bb70    00000064                  : netapp.obj (.text:sl_NetAppMDNSUnRegisterService)
                  2000bbd4    00000064     driverlib.a : udma.obj (.text:uDMAChannelAttributeDisable)
                  2000bc38    00000064                 : udma.obj (.text:uDMAChannelAttributeEnable)
                  2000bc9c    00000060     simplelink.a : socket.obj (.text:sl_Close)
                  2000bcfc    00000060                  : wlan.obj (.text:sl_WlanProfileDel)
                  2000bd5c    00000060                  : wlan.obj (.text:sl_WlanSetMode)
                  2000bdbc    0000005c     rtsv7M4_T_le_eabi.lib : s_frexp.obj (.text)
                  2000be18    00000058     driverlib.a : interrupt.obj (.text:IntPendClear)
                  2000be70    00000058                 : prcm.obj (.text:PRCMPeripheralReset)
                  2000bec8    00000054                 : interrupt.obj (.text:IntPrioritySet)
                  2000bf1c    00000054     simplelink.a : driver.obj (.text:_SlDrvRxIrqHandler)
                  2000bf70    00000054                  : socket.obj (.text:_sl_HandleAsync_Select)
                  2000bfc4    00000054     rtsv7M4_T_le_eabi.lib : exit.obj (.text)
                  2000c018    00000054                           : ltoa.obj (.text)
                  2000c06c    00000050     simplelink.a : device.obj (.text:_sl_HandleAsync_Stop)
                  2000c0bc    0000004c     driverlib.a : spi.obj (.text:SPIIntEnable)
                  2000c108    0000004c                 : spi.obj (.text:SPIIntNumberGet)
                  2000c154    0000004c     simplelink.a : driver.obj (.text:_SlDrvProtectAsyncRespSetting)
                  2000c1a0    0000004c                  : socket.obj (.text:_sl_BuildAddress)
                  2000c1ec    0000004c     rtsv7M4_T_le_eabi.lib : atoi.obj (.text)
                  2000c238    0000004c                           : cpy_tbl.obj (.text)
                  2000c284    0000004c     driverlib.a : udma.obj (.text:uDMAChannelAssign)
                  2000c2d0    00000048                 : spi.obj (.text:SPIIntClear)
                  2000c318    00000048     simplelink.a : driver.obj (.text:_SlDrvBasicCmd)
                  2000c360    00000048     rtsv7M4_T_le_eabi.lib : fd_toi_t2.obj (.text)
                  2000c3a8    00000044     driverlib.a : spi.obj (.text:SPIDmaMaskGet)
                  2000c3ec    00000044                 : timer.obj (.text:TimerConfigure)
                  2000c430    00000044     simplelink.a : driver.obj (.text:_SlDrvSyncObjWaitTimeout)
                  2000c474    00000044                  : cc_pal.obj (.text:cc_SetupTransfer)
                  2000c4b8    00000042                  : socket.obj (.text:sl_Htonl)
                  2000c4fa    00000002     --HOLE-- [fill = 0]
                  2000c4fc    00000040     driverlib.a : pin.obj (.text:PinModeSet)
                  2000c53c    00000040     simplelink.a : socket.obj (.text:_sl_TruncatePayloadByProtocol)
                  2000c57c    00000040     rtsv7M4_T_le_eabi.lib : boot.obj (.text)
                  2000c5bc    00000040                           : strtok.obj (.text)
                  2000c5fc    0000003e     simplelink.a : cc_pal.obj (.text:NwpRegisterInterruptHandler)
                  2000c63a    0000003c                  : netapp.obj (.text:CopyPingResultsToReport)
                  2000c676    00000002     --HOLE-- [fill = 0]
                  2000c678    0000003c     driverlib.a : prcm.obj (.text:PRCMPeripheralClkEnable)
                  2000c6b4    0000003c     simplelink.a : cc_pal.obj (.text:simplelink_timerA2_start)
                  2000c6f0    0000003c                  : socket.obj (.text:sl_Htons)
                  2000c72c    0000003c     driverlib.a : udma.obj (.text:uDMAChannelControlSet)
                  2000c768    00000038     simplelink.a : cc_pal.obj (.text:NwpPowerOff)
                  2000c7a0    00000038                  : wlan.obj (.text:sl_WlanDisconnect)
                  2000c7d8    00000034     driverlib.a : prcm.obj (.text:PRCMPeripheralStatusGet)
                  2000c80c    00000034                 : spi.obj (.text:SPIFIFOLevelSet)
                  2000c840    00000030                 : uart.obj (.text:UARTDisable)
                  2000c870    0000002e     rtsv7M4_T_le_eabi.lib : i_tofd_t2.obj (.text)
                  2000c89e    00000002     --HOLE-- [fill = 0]
                  2000c8a0    0000002c     simplelink.a : cc_pal.obj (.text:NwpPowerOn)
                  2000c8cc    0000002c     driverlib.a : prcm.obj (.text:PRCMSysResetCauseGet)
                  2000c8f8    0000002c     simplelink.a : driver.obj (.text:_SlDrvObjGlobalLockWaitForever)
                  2000c924    0000002c                  : driver.obj (.text:_SlDrvProtectionObjLockWaitForever)
                  2000c950    0000002a     driverlib.a : timer.obj (.text:TimerLoadSet)
                  2000c97a    0000002a                 : timer.obj (.text:TimerPrescaleSet)
                  2000c9a4    0000002a     rtsv7M4_T_le_eabi.lib : strspn.obj (.text)
                  2000c9ce    00000002     --HOLE-- [fill = 0]
                  2000c9d0    00000028     driverlib.a : prcm.obj (.text:PRCMPeripheralClkDisable)
                  2000c9f8    00000028     simplelink.a : driver.obj (.text:_SlDrvGlobalObjUnLock)
                  2000ca20    00000028                  : driver.obj (.text:_SlDrvProtectionObjUnLock)
                  2000ca48    00000028                  : driver.obj (.text:_SlDrvSyncObjWaitForever)
                  2000ca70    00000026                  : driver.obj (.text:_SlDrvObjLockWaitForever)
                  2000ca96    00000002     --HOLE-- [fill = 0]
                  2000ca98    00000024                  : cc_pal.obj (.text:DmaSpiSwIntHandler)
                  2000cabc    00000024     driverlib.a : interrupt.obj (.text:IntUnregister)
                  2000cae0    00000024                 : uart.obj (.text:UARTEnable)
                  2000cb04    00000024     rtsv7M4_T_le_eabi.lib : memmov.obj (.text)
                  2000cb28    00000024                           : strcspn.obj (.text)
                  2000cb4c    00000022     driverlib.a : spi.obj (.text:SPIReset)
                  2000cb6e    00000022                 : spi.obj (.text:SPIWordCountSet)
                  2000cb90    00000020                 : interrupt.obj (.text:IntRegister)
                  2000cbb0    00000020     simplelink.a : cc_pal.obj (.text:NwpPrePowerOffTimout0)
                  2000cbd0    00000020                  : cc_pal.obj (.text:TimerGetCurrentTimestamp)
                  2000cbf0    00000020                  : driver.obj (.text:_SlDrvObjUnLock)
                  2000cc10    00000020                  : driver.obj (.text:_SlDrvSyncObjSignal)
                  2000cc30    0000001e     driverlib.a : timer.obj (.text:TimerEnable)
                  2000cc4e    0000001e                 : uart.obj (.text:UARTCharPut)
                  2000cc6c    0000001e     simplelink.a : cc_pal.obj (.text:cc_UDMAChannelSelect)
                  2000cc8a    0000001c     driverlib.a : timer.obj (.text:TimerValueGet)
                  2000cca6    0000001c                 : uart.obj (.text:UARTCharGetNonBlocking)
                  2000ccc2    0000001c     simplelink.a : driver.obj (.text:_SlDrvStartMeasureTimeout)
                  2000ccde    0000001c     pinmux.obj (.text)
                  2000ccfa    0000001c     rtsv7M4_T_le_eabi.lib : memccpy.obj (.text)
                  2000cd16    00000002     --HOLE-- [fill = 0]
                  2000cd18    0000001c     driverlib.a : udma.obj (.text:uDMAChannelDisable)
                  2000cd34    0000001c                 : udma.obj (.text:uDMAChannelEnable)
                  2000cd50    0000001c                 : udma.obj (.text:uDMAChannelRequest)
                  2000cd6c    0000001a                 : pin.obj (.text:PinTypeUART)
                  2000cd86    0000001a                 : spi.obj (.text:SPIDmaDisable)
                  2000cda0    0000001a                 : spi.obj (.text:SPIDmaEnable)
                  2000cdba    0000001a                 : spi.obj (.text:SPIFIFODisable)
                  2000cdd4    0000001a                 : spi.obj (.text:SPIFIFOEnable)
                  2000cdee    0000001a                 : spi.obj (.text:SPIIntUnregister)
                  2000ce08    00000018                 : spi.obj (.text:SPICSDisable)
                  2000ce20    00000018                 : spi.obj (.text:SPICSEnable)
                  2000ce38    00000018                 : spi.obj (.text:SPIDisable)
                  2000ce50    00000018                 : spi.obj (.text:SPIEnable)
                  2000ce68    00000018                 : uart.obj (.text:UARTCharsAvail)
                  2000ce80    00000018     simplelink.a : nonos.obj (.text:_SlNonOsSemSet)
                  2000ce98    00000018                  : device.obj (.text:_sl_GetStartResponseConvert)
                  2000ceb0    00000018     rtsv7M4_T_le_eabi.lib : args_main.obj (.text)
                  2000cec8    00000016     driverlib.a : prcm.obj (.text:PRCMHIBRegRead)
                  2000cede    00000016                 : prcm.obj (.text:PRCMHIBRegWrite)
                  2000cef4    00000016                 : uart.obj (.text:UARTCharGet)
                  2000cf0a    00000016     simplelink.a : driver.obj (.text:_SlDrvMemZero)
                  2000cf20    00000016     rtsv7M4_T_le_eabi.lib : strchr.obj (.text)
                  2000cf36    00000016     driverlib.a : udma.obj (.text:uDMAIntRegister)
                  2000cf4c    00000014                 : cpu.obj (.text:CPUcpsie)
                  2000cf60    00000014                 : interrupt.obj (.text:IntVTableBaseSet)
                  2000cf74    00000014     rtsv7M4_T_le_eabi.lib : _lock.obj (.text)
                  2000cf88    00000014                           : strlen.obj (.text)
                  2000cf9c    00000014     driverlib.a : udma.obj (.text:uDMAControlBaseSet)
                  2000cfb0    00000014                 : udma.obj (.text:uDMAIntClear)
                  2000cfc4    00000012                 : udma.obj (.text:uDMAIntUnregister)
                  2000cfd6    00000010     simplelink.a : driver.obj (.text:_SlDrvDispatchHttpServerEvents)
                  2000cfe6    0000000e                  : driver.obj (.text:_SlDrvResetCmdExt)
                  2000cff4    0000000e     rtsv7M4_T_le_eabi.lib : copy_decompress_none.obj (.text:decompress:none)
                  2000d002    0000000e     startup_ccs.obj (.text)
                  2000d010    0000000c     simplelink.a : cc_pal.obj (.text:NwpMaskInterrupt)
                  2000d01c    0000000c                  : cc_pal.obj (.text:NwpUnMaskInterrupt)
                  2000d028    0000000c     rtsv7M4_T_le_eabi.lib : copy_zero_init.obj (.text:decompress:ZI)
                  2000d034    0000000c     driverlib.a : udma.obj (.text:uDMADisable)
                  2000d040    0000000c                 : udma.obj (.text:uDMAEnable)
                  2000d04c    0000000c                 : udma.obj (.text:uDMAIntStatus)
                  2000d058    0000000a                 : interrupt.obj (.text:IntMasterEnable)
                  2000d062    00000008     rtsv7M4_T_le_eabi.lib : s_copysign.obj (.text)
                  2000d06a    00000006     driverlib.a : utils.obj (.text:UtilsDelay)
                  2000d070    00000004     rtsv7M4_T_le_eabi.lib : pre_init.obj (.text)

.const     0    2000d074    000005d6     
                  2000d074    00000101     rtsv7M4_T_le_eabi.lib : ctype.obj (.const:.string:_ctypes_)
                  2000d175    00000003     --HOLE-- [fill = 0]
                  2000d178    00000100     driverlib.a : pin.obj (.const:g_ulPinToPadMap)
                  2000d278    000000d4                 : interrupt.obj (.const:g_pulRegs)
                  2000d34c    000000a8                 : prcm.obj (.const:PRCM_PeriphRegsList)
                  2000d3f4    0000003c     simplelink.a : driver.obj (.const:OpcodeTranslateTable)
                  2000d430    00000038                  : driver.obj (.const:_SlActionLookupTable)
                  2000d468    0000002c     main.obj (.const:$P$T1$2)
                  2000d494    00000024     driverlib.a : spi.obj (.const:g_ppulSPIIntMap)
                  2000d4b8    00000022     main.obj (.const:.string:$P$T0$1)
                  2000d4da    00000002     --HOLE-- [fill = 0]
                  2000d4dc    00000020     simplelink.a : driver.obj (.const:RxMsgClassLUT)
                  2000d4fc    00000018     driverlib.a : interrupt.obj (.const:g_pulDisRegs)
                  2000d514    00000018                 : interrupt.obj (.const:g_pulEnRegs)
                  2000d52c    00000018                 : interrupt.obj (.const:g_pulUnpendRegs)
                  2000d544    00000018                 : spi.obj (.const:g_ulSPIDmaMaskMap)
                  2000d55c    00000014     simplelink.a : driver.obj (.const:$P$T0$1)
                  2000d570    00000014                  : nonos.obj (.const:$P$T0$1)
                  2000d584    00000014     main.obj (.const:$P$T2$3)
                  2000d598    00000010     simplelink.a : socket.obj (.const:.string:_SlPayloadByProtocolLUT)
                  2000d5a8    0000000d     main.obj (.const:.string:$P$T3$4)
                  2000d5b5    0000000d     main.obj (.const:.string:$P$T4$5)
                  2000d5c2    00000002     --HOLE-- [fill = 0]
                  2000d5c4    0000000c     main.obj (.const:$P$T6$7)
                  2000d5d0    0000000c     main.obj (.const:.string:$P$T5$6)
                  2000d5dc    00000008     simplelink.a : device.obj (.const:StartResponseLUT)
                  2000d5e4    00000008                  : driver.obj (.const:g_H2NCnysPattern)
                  2000d5ec    00000008                  : driver.obj (.const:g_H2NSyncPattern)
                  2000d5f4    00000005     main.obj (.const:.string:$P$T7$8)
                  2000d5f9    00000001     --HOLE-- [fill = 0]
                  2000d5fa    00000004     simplelink.a : socket.obj (.const:$P$T0$1)
                  2000d5fe    00000004                  : wlan.obj (.const:$P$T0$1)
                  2000d602    00000004                  : socket.obj (.const:$P$T2$3)
                  2000d606    00000004                  : socket.obj (.const:_SlAcceptCmdCtrl)
                  2000d60a    00000004                  : device.obj (.const:_SlDeviceGetCmdCtrl)
                  2000d60e    00000004                  : socket.obj (.const:_SlListenCmdCtrl)
                  2000d612    00000004                  : netapp.obj (.const:_SlNetAppSendTokenValueCmdCtrl)
                  2000d616    00000004                  : netcfg.obj (.const:_SlNetCfgSetCmdCtrl)
                  2000d61a    00000004                  : wlan.obj (.const:_SlPolicySetCmdCtrl)
                  2000d61e    00000004                  : wlan.obj (.const:_SlProfileDelCmdCtrl)
                  2000d622    00000004                  : socket.obj (.const:_SlRecvCmdCtrl)
                  2000d626    00000004                  : netapp.obj (.const:_SlRegisterServiceCtrl)
                  2000d62a    00000004                  : wlan.obj (.const:_SlRxFilterSetCmdCtrl)
                  2000d62e    00000004                  : socket.obj (.const:_SlSendCmdCtrl)
                  2000d632    00000004                  : socket.obj (.const:_SlSetSockOptCmdCtrl)
                  2000d636    00000004                  : socket.obj (.const:_SlSockCloseCmdCtrl)
                  2000d63a    00000004                  : socket.obj (.const:_SlSockSocketCmdCtrl)
                  2000d63e    00000004                  : device.obj (.const:_SlStopCmdCtrl)
                  2000d642    00000004                  : wlan.obj (.const:_SlWlanCfgSetCmdCtrl)
                  2000d646    00000004                  : wlan.obj (.const:_SlWlanSetModeCmdCtrl)

.cinit     0    2000d650    00000060     
                  2000d650    00000036     (.cinit..data.load) [load image, compression = lzss]
                  2000d686    00000002     --HOLE-- [fill = 0]
                  2000d688    0000000c     (__TI_handler_table)
                  2000d694    00000004     --HOLE-- [fill = 0]
                  2000d698    00000008     (.cinit..bss.load) [load image, compression = zero_init]
                  2000d6a0    00000010     (__TI_cinit_table)

.bss       0    20017000    00000c74     UNINITIALIZED
                  20017000    00000578     (.common:g_cBsdBuf)
                  20017578    00000168     simplelink.a : driver.obj (.bss:g_StatMem)
                  200176e0    00000100     (.common:gfpAppCallbackHndl)
                  200177e0    00000008     (.common:g_ucConnectionBSSID)
                  200177e8    00000004     uart_if.obj (.bss)
                  200177ec    00000001     (.common:RxIrqCnt)
                  200177ed    00000001     (.common:g_bDeviceRestartIsRequired)
                  200177ee    00000001     (.common:g_cDummy)
                  200177ef    00000001     (.common:iDone)
                  200177f0    00000010     --HOLE--
                  20017800    00000400     (.common:gpCtlTbl)
                  20017c00    00000050     (.common:g_ucDinDout)
                  20017c50    00000024     (.common:g_ucConnectionSSID)

.sysmem    0    20017c78    00000800     UNINITIALIZED
                  20017c78    00000008     rtsv7M4_T_le_eabi.lib : memory.obj (.sysmem)
                  20017c80    000007f8     --HOLE--

.data      0    20018478    000000a0     UNINITIALIZED
                  20018478    0000003c     simplelink.a : nonos.obj (.data:g__SlNonOsCB)
                  200184b4    0000001c     main.obj (.data)
                  200184d0    0000000d     simplelink.a : driver.obj (.data)
                  200184dd    00000003     --HOLE--
                  200184e0    0000000c     rtsv7M4_T_le_eabi.lib : exit.obj (.data:$O1$$)
                  200184ec    0000000c                           : memory.obj (.data:$O1$$)
                  200184f8    00000009     simplelink.a : cc_pal.obj (.data)
                  20018501    00000003     --HOLE--
                  20018504    00000008     rtsv7M4_T_le_eabi.lib : _lock.obj (.data:$O1$$)
                  2001850c    00000004                           : errno.obj (.data)
                  20018510    00000004                           : stkdepth_vars.obj (.data)
                  20018514    00000004                           : strtok.obj (.data)

.stack     0    2002f800    00000800     UNINITIALIZED
                  2002f800    00000800     --HOLE--

MODULE SUMMARY

       Module                     code    ro data   rw data
       ------                     ----    -------   -------
    .\
       main.obj                   5516    153       1472   
       udma_if.obj                460     0         1281   
       startup_ccs.obj            14      1024      0      
       uart_if.obj                640     0         4      
       pinmux.obj                 28      0         0      
    +--+--------------------------+-------+---------+---------+
       Total:                     6658    1177      2757   
                                                           
    C:/ti/cc3200_sdk/cc3200-sdk/driverlib/ccs/Release/driverlib.a
       prcm.obj                   852     168       0      
       interrupt.obj              608     284       0      
       spi.obj                    798     60        0      
       udma.obj                   776     0         0      
       pin.obj                    226     256       0      
       uart.obj                   306     0         0      
       timer.obj                  210     0         0      
       cpu.obj                    20      0         0      
       utils.obj                  6       0         0      
    +--+--------------------------+-------+---------+---------+
       Total:                     3802    768       0      
                                                           
    C:/ti/cc3200_sdk/cc3200-sdk/simplelink/ccs/NON_OS/simplelink.a
       driver.obj                 7714    184       375    
       socket.obj                 2566    52        0      
       cc_pal.obj                 1820    0         90     
       wlan.obj                   1312    24        0      
       netapp.obj                 1248    8         0      
       device.obj                 1078    16        0      
       nonos.obj                  416     20        60     
       netcfg.obj                 152     4         0      
    +--+--------------------------+-------+---------+---------+
       Total:                     16306   308       525    
                                                           
    C:\ti\ccsv7\tools\compiler\ti-cgt-arm_16.9.2.LTS\lib\rtsv7M4_T_le_eabi.lib
       _printfi.obj               4386    0         0      
       memory.obj                 976     0         12     
       ull_div_t2.obj             500     0         0      
       fd_add_t2.obj              438     0         0      
       fd_div_t2.obj              310     0         0      
       strtoul.obj                276     0         0      
       fd_cmp_t2.obj              268     0         0      
       ctype.obj                  0       257       0      
       fd_mul_t2.obj              252     0         0      
       s_scalbn.obj               208     0         0      
       memcpy_t2.obj              156     0         0      
       vsnprintf.obj              136     0         0      
       memset_t2.obj              122     0         0      
       autoinit.obj               112     0         0      
       copy_decompress_lzss.obj   104     0         0      
       exit.obj                   84      0         12     
       s_frexp.obj                92      0         0      
       ltoa.obj                   84      0         0      
       atoi.obj                   76      0         0      
       cpy_tbl.obj                76      0         0      
       fd_toi_t2.obj              72      0         0      
       strtok.obj                 64      0         4      
       boot.obj                   64      0         0      
       i_tofd_t2.obj              46      0         0      
       strspn.obj                 42      0         0      
       memmov.obj                 36      0         0      
       strcspn.obj                36      0         0      
       _lock.obj                  20      0         8      
       memccpy.obj                28      0         0      
       args_main.obj              24      0         0      
       strchr.obj                 22      0         0      
       strlen.obj                 20      0         0      
       copy_decompress_none.obj   14      0         0      
       copy_zero_init.obj         12      0         0      
       s_copysign.obj             8       0         0      
       errno.obj                  0       0         4      
       pre_init.obj               4       0         0      
       stkdepth_vars.obj          0       0         4      
       mpu_init.obj               2       0         0      
       startup.obj                2       0         0      
    +--+--------------------------+-------+---------+---------+
       Total:                     9172    257       44     
                                                           
       Heap:                      0       0         2048   
       Stack:                     0       0         2048   
       Linker Generated:          0       90        0      
    +--+--------------------------+-------+---------+---------+
       Grand Total:               35938   2600      7422   


LINKER GENERATED COPY TABLES

__TI_cinit_table @ 2000d6a0 records: 2, size/record: 8, table size: 16
	.data: load addr=2000d650, load size=00000036 bytes, run addr=20018478, run size=000000a0 bytes, compression=lzss
	.bss: load addr=2000d698, load size=00000008 bytes, run addr=20017000, run size=00000c74 bytes, compression=zero_init


LINKER GENERATED HANDLER TABLE

__TI_handler_table @ 2000d688 records: 3, size/record: 4, table size: 12
	index: 0, handler: __TI_decompress_lzss
	index: 1, handler: __TI_decompress_none
	index: 2, handler: __TI_zero_init


GLOBAL SYMBOLS: SORTED ALPHABETICALLY BY Name 

address   name                                  
-------   ----                                  
2000524d  BsdTcpClient                          
200053a5  BsdTcpServer                          
2000bfc5  C$$EXIT                               
2000cf4d  CPUcpsie                              
20007451  ClearTerm                             
20008117  DmaErrorIntHandler                    
2000ca99  DmaSpiSwIntHandler                    
20008101  DmaSwIntHandler                       
2000745b  Error                                 
20007493  GetCmd                                
20007411  InitTerm                              
2000a6c1  IntDisable                            
2000a769  IntEnable                             
2000d059  IntMasterEnable                       
2000be19  IntPendClear                          
2000bec9  IntPrioritySet                        
2000cb91  IntRegister                           
2000cabd  IntUnregister                         
2000cf61  IntVTableBaseSet                      
20004c53  IpAddressParser                       
2000742f  Message                               
2000d011  NwpMaskInterrupt                      
2000c769  NwpPowerOff                           
2000c8a1  NwpPowerOn                            
2000cbb1  NwpPrePowerOffTimout0                 
2000c5fd  NwpRegisterInterruptHandler           
2000d01d  NwpUnMaskInterrupt                    
2000d3f4  OpcodeTranslateTable                  
20008cad  PRCMCC3200MCUInit                     
2000cec9  PRCMHIBRegRead                        
2000cedf  PRCMHIBRegWrite                       
2000c9d1  PRCMPeripheralClkDisable              
2000c679  PRCMPeripheralClkEnable               
2000ad8d  PRCMPeripheralClockGet                
2000be71  PRCMPeripheralReset                   
2000c7d9  PRCMPeripheralStatusGet               
2000c8cd  PRCMSysResetCauseGet                  
2000b28d  PinConfigSet                          
2000c4fd  PinModeSet                            
2000ccdf  PinMuxConfig                          
2000cd6d  PinTypeUART                           
200075d1  Report                                
2000d003  ResetISR                              
200177ec  RxIrqCnt                              
UNDEFED   SHT$$INIT_ARRAY$$Base                 
UNDEFED   SHT$$INIT_ARRAY$$Limit                
2000ce09  SPICSDisable                          
2000ce21  SPICSEnable                           
2000a8b5  SPIConfigSetExpClk                    
2000ce39  SPIDisable                            
2000cd87  SPIDmaDisable                         
2000cda1  SPIDmaEnable                          
2000ce51  SPIEnable                             
2000cdbb  SPIFIFODisable                        
2000cdd5  SPIFIFOEnable                         
2000c80d  SPIFIFOLevelSet                       
2000c2d1  SPIIntClear                           
2000c0bd  SPIIntEnable                          
2000cdef  SPIIntUnregister                      
2000cb4d  SPIReset                              
2000cb6f  SPIWordCountSet                       
200045dd  SimpleLinkGeneralEventHandler         
200045bd  SimpleLinkHttpServerCallback          
2000450f  SimpleLinkNetAppEventHandler          
20004601  SimpleLinkSockEventHandler            
20004401  SimpleLinkWlanEventHandler            
2000c3ed  TimerConfigure                        
2000cc31  TimerEnable                           
2000cbd1  TimerGetCurrentTimestamp              
2000c951  TimerLoadSet                          
2000c97b  TimerPrescaleSet                      
2000cc8b  TimerValueGet                         
20007539  TrimSpace                             
2000cef5  UARTCharGet                           
2000cca7  UARTCharGetNonBlocking                
2000cc4f  UARTCharPut                           
2000ce69  UARTCharsAvail                        
2000b7a1  UARTConfigSetExpClk                   
2000c841  UARTDisable                           
2000cae1  UARTEnable                            
2000818b  UDMAChannelSelect                     
2000825f  UDMADeInit                            
20008123  UDMAInit                              
200081b9  UDMASetupAutoMemTransfer              
200081ed  UDMASetupPingPongTransfer             
20008273  UDMASetupTransfer                     
20008247  UDMAStartTransfer                     
20008253  UDMAStopTransfer                      
20004d3d  UserInput                             
2000d06b  UtilsDelay                            
2000d430  _SlActionLookupTable                  
2000a811  _SlDriverHandleError                  
2000c319  _SlDrvBasicCmd                        
2000a499  _SlDrvCmdOp                           
2000b8fd  _SlDrvCmdSend                         
20007d4d  _SlDrvDataReadOp                      
20008f95  _SlDrvDataWriteOp                     
2000aa91  _SlDrvDeviceEventHandler              
2000cfd7  _SlDrvDispatchHttpServerEvents        
200095dd  _SlDrvDriverCBDeinit                  
20008641  _SlDrvDriverCBInit                    
2000c9f9  _SlDrvGlobalObjUnLock                 
2000b0e9  _SlDrvIsTimeoutExpired                
2000cf0b  _SlDrvMemZero                         
20009ec5  _SlDrvMsgReadSpawnCtx                 
20009821  _SlDrvNetAppEventHandler              
2000ca71  _SlDrvObjLockWaitForever              
2000cbf1  _SlDrvObjUnLock                       
2000c155  _SlDrvProtectAsyncRespSetting         
2000c925  _SlDrvProtectionObjLockWaitForever    
2000ca21  _SlDrvProtectionObjUnLock             
20007f31  _SlDrvReleasePoolObj                  
2000cfe7  _SlDrvResetCmdExt                     
2000bf1d  _SlDrvRxIrqHandler                    
2000ccc3  _SlDrvStartMeasureTimeout             
2000cc11  _SlDrvSyncObjSignal                   
2000ca49  _SlDrvSyncObjWaitForever              
2000c431  _SlDrvSyncObjWaitTimeout              
20008991  _SlDrvWaitForPoolObj                  
2000d612  _SlNetAppSendTokenValueCmdCtrl        
2000b819  _SlNonOsMainLoopTask                  
2000a611  _SlNonOsSemGet                        
2000ce81  _SlNonOsSemSet                        
2000baa9  _SlNonOsSpawn                         
20030000  __STACK_END                           
00000800  __STACK_SIZE                          
00000800  __SYSMEM_SIZE                         
2000d6a0  __TI_CINIT_Base                       
2000d6b0  __TI_CINIT_Limit                      
2000d688  __TI_Handler_Table_Base               
2000d694  __TI_Handler_Table_Limit              
2000b88d  __TI_auto_init                        
200184e0  __TI_cleanup_ptr                      
2000ba41  __TI_decompress_lzss                  
2000cff5  __TI_decompress_none                  
200184e4  __TI_dtors_ptr                        
200184e8  __TI_enable_exit_profile_output       
ffffffff  __TI_pprof_out_hndl                   
200061c5  __TI_printfi                          
ffffffff  __TI_prof_data_size                   
ffffffff  __TI_prof_data_start                  
2000d650  __TI_static_base__                    
2000d029  __TI_zero_init                        
2000b39d  __aeabi_cdcmpeq                       
2000b39d  __aeabi_cdcmple                       
2000b423  __aeabi_cdrcmple                      
2000c361  __aeabi_d2iz                          
20008493  __aeabi_dadd                          
20009371  __aeabi_ddiv                          
20009925  __aeabi_dmul                          
20008489  __aeabi_dsub                          
2000c871  __aeabi_i2d                           
2000b6ad  __aeabi_memclr                        
2000b6ad  __aeabi_memclr4                       
2000b6ad  __aeabi_memclr8                       
2000a9f5  __aeabi_memcpy                        
2000a9f5  __aeabi_memcpy4                       
2000a9f5  __aeabi_memcpy8                       
2000b6af  __aeabi_memset                        
2000b6af  __aeabi_memset4                       
2000b6af  __aeabi_memset8                       
20007b59  __aeabi_uldivmod                      
ffffffff  __binit__                             
ffffffff  __c_args__                            
2000863f  __mpu_init                            
2002f800  __stack                               
2000ceb1  _args_main                            
2000c57d  _c_int00                              
2000d074  _ctypes_                              
20018504  _lock                                 
2000cf83  _nop                                  
2000cf7b  _register_lock                        
2000cf75  _register_unlock                      
2000bb0d  _sl_HandleAsync_Accept                
2000b52d  _sl_HandleAsync_Connect               
2000ae21  _sl_HandleAsync_DnsGetHostByName      
2000a23d  _sl_HandleAsync_DnsGetHostByService   
2000b175  _sl_HandleAsync_InitComplete          
2000aeb1  _sl_HandleAsync_PingResponse          
2000bf71  _sl_HandleAsync_Select                
2000c06d  _sl_HandleAsync_Stop                  
2000b969  _sl_NetAppSendTokenValue              
20017c78  _sys_memory                           
200094a7  _system_post_cinit                    
2000d071  _system_pre_init                      
20018508  _unlock                               
2000bfc9  abort                                 
2000c1ed  atoi                                  
ffffffff  binit                                 
200073e1  calloc                                
2000c239  copy_in                               
2000d063  copysign                              
2000d063  copysignl                             
2001850c  errno                                 
2000bfd1  exit                                  
2000712b  free                                  
2000bdbd  frexp                                 
2000bdbd  frexpl                                
200184d0  g_SlDeviceStatus                      
200184f8  g_SpiFd                               
20018478  g__SlNonOsCB                          
200177ed  g_bDeviceRestartIsRequired            
20017000  g_cBsdBuf                             
200177ee  g_cDummy                              
200184d4  g_pCB                                 
200184fc  g_pHostIntHdl                         
20004000  g_pfnVectors                          
200177e0  g_ucConnectionBSSID                   
20017c50  g_ucConnectionSSID                    
200184c8  g_ucConnectionStatus                  
20018500  g_ucDMAEnabled                        
20017c00  g_ucDinDout                           
200184c9  g_ucSimplelinkstarted                 
200184c0  g_uiPortNum                           
200184bc  g_ulDestinationIp                     
200184b8  g_ulGatewayIP                         
200184cc  g_ulIpAddr                            
200184c4  g_ulPacketCount                       
200184b4  g_ulStatus                            
200176e0  gfpAppCallbackHndl                    
20017800  gpCtlTbl                              
200177ef  iDone                                 
2000a16d  ldexp                                 
2000a16d  ldexpl                                
2000c019  ltoa                                  
200056b5  main                                  
20018510  main_func_sp                          
200070c1  malloc                                
200072f5  memalign                              
2000ccfb  memccpy                               
2000a9f5  memcpy                                
2000cb05  memmove                               
2000b6b5  memset                                
20007041  minit                                 
200184d8  pPingCallBackFunc                     
200071ed  realloc                               
2000a16d  scalbn                                
2000a16d  scalbnl                               
2000c6b5  simplelink_timerA2_start              
200082cd  sl_Accept                             
2000a559  sl_Bind                               
2000bc9d  sl_Close                              
20008b21  sl_Connect                            
2000a309  sl_DevGet                             
2000c4b9  sl_Htonl                              
2000c6f1  sl_Htons                              
2000b9d5  sl_Listen                             
20009fad  sl_NetAppMDNSRegisterUnregisterService
2000bb71  sl_NetAppMDNSUnRegisterService        
2000ab2d  sl_NetCfgSet                          
2000a955  sl_Recv                               
200094a9  sl_Send                               
2000abc5  sl_SetSockOpt                         
2000b201  sl_Socket                             
20009cf1  sl_Start                              
20009a21  sl_Stop                               
20007691  sl_WlanConnect                        
2000c7a1  sl_WlanDisconnect                     
2000af41  sl_WlanPolicySet                      
2000bcfd  sl_WlanProfileDel                     
2000b4a9  sl_WlanRxFilterSet                    
2000ac5d  sl_WlanSet                            
2000bd5d  sl_WlanSetMode                        
2000b729  spi_Close                             
200090e5  spi_Open                              
20009b11  spi_Read                              
2000acf5  spi_Write                             
2000cf21  strchr                                
2000cb29  strcspn                               
2000cf89  strlen                                
2000c9a5  strspn                                
2000c5bd  strtok                                
2000970d  strtoul                               
2000c285  uDMAChannelAssign                     
2000bbd5  uDMAChannelAttributeDisable           
2000bc39  uDMAChannelAttributeEnable            
2000c72d  uDMAChannelControlSet                 
2000cd19  uDMAChannelDisable                    
2000cd35  uDMAChannelEnable                     
2000cd51  uDMAChannelRequest                    
20009c01  uDMAChannelTransferSet                
2000cf9d  uDMAControlBaseSet                    
2000d035  uDMADisable                           
2000d041  uDMAEnable                            
2000cfb1  uDMAIntClear                          
2000cf37  uDMAIntRegister                       
2000d04d  uDMAIntStatus                         
2000cfc5  uDMAIntUnregister                     
2000b315  vsnprintf                             


GLOBAL SYMBOLS: SORTED BY Symbol Address 

address   name                                  
-------   ----                                  
00000800  __STACK_SIZE                          
00000800  __SYSMEM_SIZE                         
20004000  g_pfnVectors                          
20004401  SimpleLinkWlanEventHandler            
2000450f  SimpleLinkNetAppEventHandler          
200045bd  SimpleLinkHttpServerCallback          
200045dd  SimpleLinkGeneralEventHandler         
20004601  SimpleLinkSockEventHandler            
20004c53  IpAddressParser                       
20004d3d  UserInput                             
2000524d  BsdTcpClient                          
200053a5  BsdTcpServer                          
200056b5  main                                  
200061c5  __TI_printfi                          
20007041  minit                                 
200070c1  malloc                                
2000712b  free                                  
200071ed  realloc                               
200072f5  memalign                              
200073e1  calloc                                
20007411  InitTerm                              
2000742f  Message                               
20007451  ClearTerm                             
2000745b  Error                                 
20007493  GetCmd                                
20007539  TrimSpace                             
200075d1  Report                                
20007691  sl_WlanConnect                        
20007b59  __aeabi_uldivmod                      
20007d4d  _SlDrvDataReadOp                      
20007f31  _SlDrvReleasePoolObj                  
20008101  DmaSwIntHandler                       
20008117  DmaErrorIntHandler                    
20008123  UDMAInit                              
2000818b  UDMAChannelSelect                     
200081b9  UDMASetupAutoMemTransfer              
200081ed  UDMASetupPingPongTransfer             
20008247  UDMAStartTransfer                     
20008253  UDMAStopTransfer                      
2000825f  UDMADeInit                            
20008273  UDMASetupTransfer                     
200082cd  sl_Accept                             
20008489  __aeabi_dsub                          
20008493  __aeabi_dadd                          
2000863f  __mpu_init                            
20008641  _SlDrvDriverCBInit                    
20008991  _SlDrvWaitForPoolObj                  
20008b21  sl_Connect                            
20008cad  PRCMCC3200MCUInit                     
20008f95  _SlDrvDataWriteOp                     
200090e5  spi_Open                              
20009371  __aeabi_ddiv                          
200094a7  _system_post_cinit                    
200094a9  sl_Send                               
200095dd  _SlDrvDriverCBDeinit                  
2000970d  strtoul                               
20009821  _SlDrvNetAppEventHandler              
20009925  __aeabi_dmul                          
20009a21  sl_Stop                               
20009b11  spi_Read                              
20009c01  uDMAChannelTransferSet                
20009cf1  sl_Start                              
20009ec5  _SlDrvMsgReadSpawnCtx                 
20009fad  sl_NetAppMDNSRegisterUnregisterService
2000a16d  ldexp                                 
2000a16d  ldexpl                                
2000a16d  scalbn                                
2000a16d  scalbnl                               
2000a23d  _sl_HandleAsync_DnsGetHostByService   
2000a309  sl_DevGet                             
2000a499  _SlDrvCmdOp                           
2000a559  sl_Bind                               
2000a611  _SlNonOsSemGet                        
2000a6c1  IntDisable                            
2000a769  IntEnable                             
2000a811  _SlDriverHandleError                  
2000a8b5  SPIConfigSetExpClk                    
2000a955  sl_Recv                               
2000a9f5  __aeabi_memcpy                        
2000a9f5  __aeabi_memcpy4                       
2000a9f5  __aeabi_memcpy8                       
2000a9f5  memcpy                                
2000aa91  _SlDrvDeviceEventHandler              
2000ab2d  sl_NetCfgSet                          
2000abc5  sl_SetSockOpt                         
2000ac5d  sl_WlanSet                            
2000acf5  spi_Write                             
2000ad8d  PRCMPeripheralClockGet                
2000ae21  _sl_HandleAsync_DnsGetHostByName      
2000aeb1  _sl_HandleAsync_PingResponse          
2000af41  sl_WlanPolicySet                      
2000b0e9  _SlDrvIsTimeoutExpired                
2000b175  _sl_HandleAsync_InitComplete          
2000b201  sl_Socket                             
2000b28d  PinConfigSet                          
2000b315  vsnprintf                             
2000b39d  __aeabi_cdcmpeq                       
2000b39d  __aeabi_cdcmple                       
2000b423  __aeabi_cdrcmple                      
2000b4a9  sl_WlanRxFilterSet                    
2000b52d  _sl_HandleAsync_Connect               
2000b6ad  __aeabi_memclr                        
2000b6ad  __aeabi_memclr4                       
2000b6ad  __aeabi_memclr8                       
2000b6af  __aeabi_memset                        
2000b6af  __aeabi_memset4                       
2000b6af  __aeabi_memset8                       
2000b6b5  memset                                
2000b729  spi_Close                             
2000b7a1  UARTConfigSetExpClk                   
2000b819  _SlNonOsMainLoopTask                  
2000b88d  __TI_auto_init                        
2000b8fd  _SlDrvCmdSend                         
2000b969  _sl_NetAppSendTokenValue              
2000b9d5  sl_Listen                             
2000ba41  __TI_decompress_lzss                  
2000baa9  _SlNonOsSpawn                         
2000bb0d  _sl_HandleAsync_Accept                
2000bb71  sl_NetAppMDNSUnRegisterService        
2000bbd5  uDMAChannelAttributeDisable           
2000bc39  uDMAChannelAttributeEnable            
2000bc9d  sl_Close                              
2000bcfd  sl_WlanProfileDel                     
2000bd5d  sl_WlanSetMode                        
2000bdbd  frexp                                 
2000bdbd  frexpl                                
2000be19  IntPendClear                          
2000be71  PRCMPeripheralReset                   
2000bec9  IntPrioritySet                        
2000bf1d  _SlDrvRxIrqHandler                    
2000bf71  _sl_HandleAsync_Select                
2000bfc5  C$$EXIT                               
2000bfc9  abort                                 
2000bfd1  exit                                  
2000c019  ltoa                                  
2000c06d  _sl_HandleAsync_Stop                  
2000c0bd  SPIIntEnable                          
2000c155  _SlDrvProtectAsyncRespSetting         
2000c1ed  atoi                                  
2000c239  copy_in                               
2000c285  uDMAChannelAssign                     
2000c2d1  SPIIntClear                           
2000c319  _SlDrvBasicCmd                        
2000c361  __aeabi_d2iz                          
2000c3ed  TimerConfigure                        
2000c431  _SlDrvSyncObjWaitTimeout              
2000c4b9  sl_Htonl                              
2000c4fd  PinModeSet                            
2000c57d  _c_int00                              
2000c5bd  strtok                                
2000c5fd  NwpRegisterInterruptHandler           
2000c679  PRCMPeripheralClkEnable               
2000c6b5  simplelink_timerA2_start              
2000c6f1  sl_Htons                              
2000c72d  uDMAChannelControlSet                 
2000c769  NwpPowerOff                           
2000c7a1  sl_WlanDisconnect                     
2000c7d9  PRCMPeripheralStatusGet               
2000c80d  SPIFIFOLevelSet                       
2000c841  UARTDisable                           
2000c871  __aeabi_i2d                           
2000c8a1  NwpPowerOn                            
2000c8cd  PRCMSysResetCauseGet                  
2000c925  _SlDrvProtectionObjLockWaitForever    
2000c951  TimerLoadSet                          
2000c97b  TimerPrescaleSet                      
2000c9a5  strspn                                
2000c9d1  PRCMPeripheralClkDisable              
2000c9f9  _SlDrvGlobalObjUnLock                 
2000ca21  _SlDrvProtectionObjUnLock             
2000ca49  _SlDrvSyncObjWaitForever              
2000ca71  _SlDrvObjLockWaitForever              
2000ca99  DmaSpiSwIntHandler                    
2000cabd  IntUnregister                         
2000cae1  UARTEnable                            
2000cb05  memmove                               
2000cb29  strcspn                               
2000cb4d  SPIReset                              
2000cb6f  SPIWordCountSet                       
2000cb91  IntRegister                           
2000cbb1  NwpPrePowerOffTimout0                 
2000cbd1  TimerGetCurrentTimestamp              
2000cbf1  _SlDrvObjUnLock                       
2000cc11  _SlDrvSyncObjSignal                   
2000cc31  TimerEnable                           
2000cc4f  UARTCharPut                           
2000cc8b  TimerValueGet                         
2000cca7  UARTCharGetNonBlocking                
2000ccc3  _SlDrvStartMeasureTimeout             
2000ccdf  PinMuxConfig                          
2000ccfb  memccpy                               
2000cd19  uDMAChannelDisable                    
2000cd35  uDMAChannelEnable                     
2000cd51  uDMAChannelRequest                    
2000cd6d  PinTypeUART                           
2000cd87  SPIDmaDisable                         
2000cda1  SPIDmaEnable                          
2000cdbb  SPIFIFODisable                        
2000cdd5  SPIFIFOEnable                         
2000cdef  SPIIntUnregister                      
2000ce09  SPICSDisable                          
2000ce21  SPICSEnable                           
2000ce39  SPIDisable                            
2000ce51  SPIEnable                             
2000ce69  UARTCharsAvail                        
2000ce81  _SlNonOsSemSet                        
2000ceb1  _args_main                            
2000cec9  PRCMHIBRegRead                        
2000cedf  PRCMHIBRegWrite                       
2000cef5  UARTCharGet                           
2000cf0b  _SlDrvMemZero                         
2000cf21  strchr                                
2000cf37  uDMAIntRegister                       
2000cf4d  CPUcpsie                              
2000cf61  IntVTableBaseSet                      
2000cf75  _register_unlock                      
2000cf7b  _register_lock                        
2000cf83  _nop                                  
2000cf89  strlen                                
2000cf9d  uDMAControlBaseSet                    
2000cfb1  uDMAIntClear                          
2000cfc5  uDMAIntUnregister                     
2000cfd7  _SlDrvDispatchHttpServerEvents        
2000cfe7  _SlDrvResetCmdExt                     
2000cff5  __TI_decompress_none                  
2000d003  ResetISR                              
2000d011  NwpMaskInterrupt                      
2000d01d  NwpUnMaskInterrupt                    
2000d029  __TI_zero_init                        
2000d035  uDMADisable                           
2000d041  uDMAEnable                            
2000d04d  uDMAIntStatus                         
2000d059  IntMasterEnable                       
2000d063  copysign                              
2000d063  copysignl                             
2000d06b  UtilsDelay                            
2000d071  _system_pre_init                      
2000d074  _ctypes_                              
2000d3f4  OpcodeTranslateTable                  
2000d430  _SlActionLookupTable                  
2000d612  _SlNetAppSendTokenValueCmdCtrl        
2000d650  __TI_static_base__                    
2000d688  __TI_Handler_Table_Base               
2000d694  __TI_Handler_Table_Limit              
2000d6a0  __TI_CINIT_Base                       
2000d6b0  __TI_CINIT_Limit                      
20017000  g_cBsdBuf                             
200176e0  gfpAppCallbackHndl                    
200177e0  g_ucConnectionBSSID                   
200177ec  RxIrqCnt                              
200177ed  g_bDeviceRestartIsRequired            
200177ee  g_cDummy                              
200177ef  iDone                                 
20017800  gpCtlTbl                              
20017c00  g_ucDinDout                           
20017c50  g_ucConnectionSSID                    
20017c78  _sys_memory                           
20018478  g__SlNonOsCB                          
200184b4  g_ulStatus                            
200184b8  g_ulGatewayIP                         
200184bc  g_ulDestinationIp                     
200184c0  g_uiPortNum                           
200184c4  g_ulPacketCount                       
200184c8  g_ucConnectionStatus                  
200184c9  g_ucSimplelinkstarted                 
200184cc  g_ulIpAddr                            
200184d0  g_SlDeviceStatus                      
200184d4  g_pCB                                 
200184d8  pPingCallBackFunc                     
200184e0  __TI_cleanup_ptr                      
200184e4  __TI_dtors_ptr                        
200184e8  __TI_enable_exit_profile_output       
200184f8  g_SpiFd                               
200184fc  g_pHostIntHdl                         
20018500  g_ucDMAEnabled                        
20018504  _lock                                 
20018508  _unlock                               
2001850c  errno                                 
20018510  main_func_sp                          
2002f800  __stack                               
20030000  __STACK_END                           
ffffffff  __TI_pprof_out_hndl                   
ffffffff  __TI_prof_data_size                   
ffffffff  __TI_prof_data_start                  
ffffffff  __binit__                             
ffffffff  __c_args__                            
ffffffff  binit                                 
UNDEFED   SHT$$INIT_ARRAY$$Base                 
UNDEFED   SHT$$INIT_ARRAY$$Limit                

[289 symbols]
